Component: ARM Compiler 5.06 update 7 (build 960) Tool: armlink [4d3601]

==============================================================================

Section Cross References

    stm32f1xx_hal.o(i.HAL_DeInit) refers to stm32f1xx_hal.o(i.HAL_MspDeInit) for HAL_MspDeInit
    stm32f1xx_hal.o(i.HAL_Delay) refers to stm32f1xx_hal.o(i.HAL_GetTick) for HAL_GetTick
    stm32f1xx_hal.o(i.HAL_Delay) refers to stm32f1xx_hal.o(.data) for uwTickFreq
    stm32f1xx_hal.o(i.HAL_GetTick) refers to stm32f1xx_hal.o(.data) for uwTick
    stm32f1xx_hal.o(i.HAL_GetTickFreq) refers to stm32f1xx_hal.o(.data) for uwTickFreq
    stm32f1xx_hal.o(i.HAL_GetTickPrio) refers to stm32f1xx_hal.o(.data) for uwTickPrio
    stm32f1xx_hal.o(i.HAL_IncTick) refers to stm32f1xx_hal.o(.data) for uwTick
    stm32f1xx_hal.o(i.HAL_Init) refers to stm32f1xx_hal_cortex.o(i.HAL_NVIC_SetPriorityGrouping) for HAL_NVIC_SetPriorityGrouping
    stm32f1xx_hal.o(i.HAL_Init) refers to stm32f1xx_hal.o(i.HAL_InitTick) for HAL_InitTick
    stm32f1xx_hal.o(i.HAL_Init) refers to stm32f1xx_hal_msp.o(i.HAL_MspInit) for HAL_MspInit
    stm32f1xx_hal.o(i.HAL_InitTick) refers to stm32f1xx_hal_cortex.o(i.HAL_SYSTICK_Config) for HAL_SYSTICK_Config
    stm32f1xx_hal.o(i.HAL_InitTick) refers to stm32f1xx_hal_cortex.o(i.HAL_NVIC_SetPriority) for HAL_NVIC_SetPriority
    stm32f1xx_hal.o(i.HAL_InitTick) refers to stm32f1xx_hal.o(.data) for uwTickFreq
    stm32f1xx_hal.o(i.HAL_InitTick) refers to system_stm32f1xx.o(.data) for SystemCoreClock
    stm32f1xx_hal.o(i.HAL_SetTickFreq) refers to stm32f1xx_hal.o(i.HAL_InitTick) for HAL_InitTick
    stm32f1xx_hal.o(i.HAL_SetTickFreq) refers to stm32f1xx_hal.o(.data) for uwTickFreq
    stm32f1xx_hal.o(.ARM.exidx) refers to stm32f1xx_hal.o(i.HAL_MspInit) for i.HAL_MspInit
    stm32f1xx_hal.o(.ARM.exidx) refers to stm32f1xx_hal.o(i.HAL_InitTick) for i.HAL_InitTick
    stm32f1xx_hal.o(.ARM.exidx) refers to stm32f1xx_hal.o(i.HAL_Init) for i.HAL_Init
    stm32f1xx_hal.o(.ARM.exidx) refers to stm32f1xx_hal.o(i.HAL_MspDeInit) for i.HAL_MspDeInit
    stm32f1xx_hal.o(.ARM.exidx) refers to stm32f1xx_hal.o(i.HAL_DeInit) for i.HAL_DeInit
    stm32f1xx_hal.o(.ARM.exidx) refers to stm32f1xx_hal.o(i.HAL_IncTick) for i.HAL_IncTick
    stm32f1xx_hal.o(.ARM.exidx) refers to stm32f1xx_hal.o(i.HAL_GetTick) for i.HAL_GetTick
    stm32f1xx_hal.o(.ARM.exidx) refers to stm32f1xx_hal.o(i.HAL_GetTickPrio) for i.HAL_GetTickPrio
    stm32f1xx_hal.o(.ARM.exidx) refers to stm32f1xx_hal.o(i.HAL_SetTickFreq) for i.HAL_SetTickFreq
    stm32f1xx_hal.o(.ARM.exidx) refers to stm32f1xx_hal.o(i.HAL_GetTickFreq) for i.HAL_GetTickFreq
    stm32f1xx_hal.o(.ARM.exidx) refers to stm32f1xx_hal.o(i.HAL_Delay) for i.HAL_Delay
    stm32f1xx_hal.o(.ARM.exidx) refers to stm32f1xx_hal.o(i.HAL_SuspendTick) for i.HAL_SuspendTick
    stm32f1xx_hal.o(.ARM.exidx) refers to stm32f1xx_hal.o(i.HAL_ResumeTick) for i.HAL_ResumeTick
    stm32f1xx_hal.o(.ARM.exidx) refers to stm32f1xx_hal.o(i.HAL_GetHalVersion) for i.HAL_GetHalVersion
    stm32f1xx_hal.o(.ARM.exidx) refers to stm32f1xx_hal.o(i.HAL_GetREVID) for i.HAL_GetREVID
    stm32f1xx_hal.o(.ARM.exidx) refers to stm32f1xx_hal.o(i.HAL_GetDEVID) for i.HAL_GetDEVID
    stm32f1xx_hal.o(.ARM.exidx) refers to stm32f1xx_hal.o(i.HAL_DBGMCU_EnableDBGSleepMode) for i.HAL_DBGMCU_EnableDBGSleepMode
    stm32f1xx_hal.o(.ARM.exidx) refers to stm32f1xx_hal.o(i.HAL_DBGMCU_DisableDBGSleepMode) for i.HAL_DBGMCU_DisableDBGSleepMode
    stm32f1xx_hal.o(.ARM.exidx) refers to stm32f1xx_hal.o(i.HAL_DBGMCU_EnableDBGStopMode) for i.HAL_DBGMCU_EnableDBGStopMode
    stm32f1xx_hal.o(.ARM.exidx) refers to stm32f1xx_hal.o(i.HAL_DBGMCU_DisableDBGStopMode) for i.HAL_DBGMCU_DisableDBGStopMode
    stm32f1xx_hal.o(.ARM.exidx) refers to stm32f1xx_hal.o(i.HAL_DBGMCU_EnableDBGStandbyMode) for i.HAL_DBGMCU_EnableDBGStandbyMode
    stm32f1xx_hal.o(.ARM.exidx) refers to stm32f1xx_hal.o(i.HAL_DBGMCU_DisableDBGStandbyMode) for i.HAL_DBGMCU_DisableDBGStandbyMode
    stm32f1xx_hal.o(.ARM.exidx) refers to stm32f1xx_hal.o(i.HAL_GetUID) for i.HAL_GetUID
    stm32f1xx_hal_gpio.o(i.HAL_GPIO_EXTI_IRQHandler) refers to stm32f1xx_hal_gpio.o(i.HAL_GPIO_EXTI_Callback) for HAL_GPIO_EXTI_Callback
    stm32f1xx_hal_gpio.o(.ARM.exidx) refers to stm32f1xx_hal_gpio.o(i.HAL_GPIO_Init) for i.HAL_GPIO_Init
    stm32f1xx_hal_gpio.o(.ARM.exidx) refers to stm32f1xx_hal_gpio.o(i.HAL_GPIO_DeInit) for i.HAL_GPIO_DeInit
    stm32f1xx_hal_gpio.o(.ARM.exidx) refers to stm32f1xx_hal_gpio.o(i.HAL_GPIO_ReadPin) for i.HAL_GPIO_ReadPin
    stm32f1xx_hal_gpio.o(.ARM.exidx) refers to stm32f1xx_hal_gpio.o(i.HAL_GPIO_WritePin) for i.HAL_GPIO_WritePin
    stm32f1xx_hal_gpio.o(.ARM.exidx) refers to stm32f1xx_hal_gpio.o(i.HAL_GPIO_TogglePin) for i.HAL_GPIO_TogglePin
    stm32f1xx_hal_gpio.o(.ARM.exidx) refers to stm32f1xx_hal_gpio.o(i.HAL_GPIO_LockPin) for i.HAL_GPIO_LockPin
    stm32f1xx_hal_gpio.o(.ARM.exidx) refers to stm32f1xx_hal_gpio.o(i.HAL_GPIO_EXTI_Callback) for i.HAL_GPIO_EXTI_Callback
[...]
    __main                                   0x080000ed   Thumb Code     8  __main.o(!!!main)
    __scatterload                            0x080000f5   Thumb Code     0  __scatter.o(!!!scatter)
    __scatterload_rt2                        0x080000f5   Thumb Code    44  __scatter.o(!!!scatter)
    __scatterload_rt2_thumb_only             0x080000f5   Thumb Code     0  __scatter.o(!!!scatter)
    __scatterload_null                       0x08000103   Thumb Code     0  __scatter.o(!!!scatter)
    __decompress                             0x08000129   Thumb Code    90  __dczerorl2.o(!!dczerorl2)
    __decompress1                            0x08000129   Thumb Code     0  __dczerorl2.o(!!dczerorl2)
    __scatterload_zeroinit                   0x08000185   Thumb Code    28  __scatter_zi.o(!!handler_zi)
    _printf_n                                0x080001a1   Thumb Code     0  _printf_n.o(.ARM.Collect$$_printf_percent$$00000001)
    _printf_percent                          0x080001a1   Thumb Code     0  _printf_percent.o(.ARM.Collect$$_printf_percent$$00000000)
    _printf_p                                0x080001a7   Thumb Code     0  _printf_p.o(.ARM.Collect$$_printf_percent$$00000002)
    _printf_f                                0x080001ad   Thumb Code     0  _printf_f.o(.ARM.Collect$$_printf_percent$$00000003)
    _printf_e                                0x080001b3   Thumb Code     0  _printf_e.o(.ARM.Collect$$_printf_percent$$00000004)
    _printf_g                                0x080001b9   Thumb Code     0  _printf_g.o(.ARM.Collect$$_printf_percent$$00000005)
    _printf_a                                0x080001bf   Thumb Code     0  _printf_a.o(.ARM.Collect$$_printf_percent$$00000006)
    _printf_ll                               0x080001c5   Thumb Code     0  _printf_ll.o(.ARM.Collect$$_printf_percent$$00000007)
    _printf_i                                0x080001cf   Thumb Code     0  _printf_i.o(.ARM.Collect$$_printf_percent$$00000008)
    _printf_d                                0x080001d5   Thumb Code     0  _printf_d.o(.ARM.Collect$$_printf_percent$$00000009)
    _printf_u                                0x080001db   Thumb Code     0  _printf_u.o(.ARM.Collect$$_printf_percent$$0000000A)
    _printf_o                                0x080001e1   Thumb Code     0  _printf_o.o(.ARM.Collect$$_printf_percent$$0000000B)
    _printf_x                                0x080001e7   Thumb Code     0  _printf_x.o(.ARM.Collect$$_printf_percent$$0000000C)
    _printf_lli                              0x080001ed   Thumb Code     0  _printf_lli.o(.ARM.Collect$$_printf_percent$$0000000D)
    _printf_lld                              0x080001f3   Thumb Code     0  _printf_lld.o(.ARM.Collect$$_printf_percent$$0000000E)
    _printf_llu                              0x080001f9   Thumb Code     0  _printf_llu.o(.ARM.Collect$$_printf_percent$$0000000F)
    _printf_llo                              0x080001ff   Thumb Code     0  _printf_llo.o(.ARM.Collect$$_printf_percent$$00000010)
    _printf_llx                              0x08000205   Thumb Code     0  _printf_llx.o(.ARM.Collect$$_printf_percent$$00000011)
    _printf_l                                0x0800020b   Thumb Code     0  _printf_l.o(.ARM.Collect$$_printf_percent$$00000012)
    _printf_c                                0x08000215   Thumb Code     0  _printf_c.o(.ARM.Collect$$_printf_percent$$00000013)
    _printf_s                                0x0800021b   Thumb Code     0  _printf_s.o(.ARM.Collect$$_printf_percent$$00000014)
    _printf_lc                               0x08000221   Thumb Code     0  _printf_lc.o(.ARM.Collect$$_printf_percent$$00000015)
    _printf_ls                               0x08000227   Thumb Code     0  _printf_ls.o(.ARM.Collect$$_printf_percent$$00000016)
    _printf_percent_end                      0x0800022d   Thumb Code     0  _printf_percent_end.o(.ARM.Collect$$_printf_percent$$00000017)
    __rt_lib_init                            0x08000231   Thumb Code     0  libinit.o(.ARM.Collect$$libinit$$00000000)
    __rt_lib_init_fp_1                       0x08000233   Thumb Code     0  libinit2.o(.ARM.Collect$$libinit$$00000002)
    __rt_lib_init_heap_1                     0x08000233   Thumb Code     0  libinit2.o(.ARM.Collect$$libinit$$0000000A)
    __rt_lib_init_lc_common                  0x08000233   Thumb Code     0  libinit2.o(.ARM.Collect$$libinit$$0000000F)
    __rt_lib_init_preinit_1                  0x08000233   Thumb Code     0  libinit2.o(.ARM.Collect$$libinit$$00000004)
    __rt_lib_init_rand_1                     0x08000233   Thumb Code     0  libinit2.o(.ARM.Collect$$libinit$$0000000E)
    __rt_lib_init_user_alloc_1               0x08000233   Thumb Code     0  libinit2.o(.ARM.Collect$$libinit$$0000000C)
    __rt_lib_init_lc_collate_1               0x08000239   Thumb Code     0  libinit2.o(.ARM.Collect$$libinit$$00000011)
    __rt_lib_init_lc_ctype_2                 0x08000239   Thumb Code     0  libinit2.o(.ARM.Collect$$libinit$$00000012)
    __rt_lib_init_lc_ctype_1                 0x08000245   Thumb Code     0  libinit2.o(.ARM.Collect$$libinit$$00000013)
    __rt_lib_init_lc_monetary_1              0x08000245   Thumb Code     0  libinit2.o(.ARM.Collect$$libinit$$00000015)
    __rt_lib_init_lc_numeric_2               0x08000245   Thumb Code     0  libinit2.o(.ARM.Collect$$libinit$$00000016)
    __rt_lib_init_alloca_1                   0x0800024f   Thumb Code     0  libinit2.o(.ARM.Collect$$libinit$$0000002E)
    __rt_lib_init_argv_1                     0x0800024f   Thumb Code     0  libinit2.o(.ARM.Collect$$libinit$$0000002C)
    __rt_lib_init_atexit_1                   0x0800024f   Thumb Code     0  libinit2.o(.ARM.Collect$$libinit$$0000001B)
    __rt_lib_init_clock_1                    0x0800024f   Thumb Code     0  libinit2.o(.ARM.Collect$$libinit$$00000021)
    __rt_lib_init_cpp_1                      0x0800024f   Thumb Code     0  libinit2.o(.ARM.Collect$$libinit$$00000032)
    __rt_lib_init_exceptions_1               0x0800024f   Thumb Code     0  libinit2.o(.ARM.Collect$$libinit$$00000030)
    __rt_lib_init_fp_trap_1                  0x0800024f   Thumb Code     0  libinit2.o(.ARM.Collect$$libinit$$0000001F)
    __rt_lib_init_getenv_1                   0x0800024f   Thumb Code     0  libinit2.o(.ARM.Collect$$libinit$$00000023)
    __rt_lib_init_lc_numeric_1               0x0800024f   Thumb Code     0  libinit2.o(.ARM.Collect$$libinit$$00000017)
    __rt_lib_init_lc_time_1                  0x0800024f   Thumb Code     0  libinit2.o(.ARM.Collect$$libinit$$00000019)
    __rt_lib_init_return                     0x0800024f   Thumb Code     0  libinit2.o(.ARM.Collect$$libinit$$00000033)
    __rt_lib_init_signal_1                   0x0800024f   Thumb Code     0  libinit2.o(.ARM.Collect$$libinit$$0000001D)
    __rt_lib_init_stdio_1                    0x0800024f   Thumb Code     0  libinit2.o(.ARM.Collect$$libinit$$00000025)
    __rt_lib_shutdown                        0x08000251   Thumb Code     0  libshutdown.o(.ARM.Collect$$libshutdown$$00000000)
    __rt_lib_shutdown_cpp_1                  0x08000253   Thumb Code     0  libshutdown2.o(.ARM.Collect$$libshutdown$$00000004)
    __rt_lib_shutdown_fini_1                 0x08000253   Thumb Code     0  libshutdown2.o(.ARM.Collect$$libshutdown$$00000002)
    __rt_lib_shutdown_fp_trap_1              0x08000253   Thumb Code     0  libshutdown2.o(.ARM.Collect$$libshutdown$$00000009)
    __rt_lib_shutdown_heap_1                 0x08000253   Thumb Code     0  libshutdown2.o(.ARM.Collect$$libshutdown$$00000011)
    __rt_lib_shutdown_return                 0x08000253   Thumb Code     0  libshutdown2.o(.ARM.Collect$$libshutdown$$00000012)
    __rt_lib_shutdown_signal_1               0x08000253   Thumb Code     0  libshutdown2.o(.ARM.Collect$$libshutdown$$0000000C)
    __rt_lib_shutdown_stdio_1                0x08000253   Thumb Code     0  libshutdown2.o(.ARM.Collect$$libshutdown$$00000006)
    __rt_lib_shutdown_user_alloc_1           0x08000253   Thumb Code     0  libshutdown2.o(.ARM.Collect$$libshutdown$$0000000E)
    __rt_entry                               0x08000255   Thumb Code     0  __rtentry.o(.ARM.Collect$$rtentry$$00000000)
    __rt_entry_presh_1                       0x08000255   Thumb Code     0  __rtentry2.o(.ARM.Collect$$rtentry$$00000002)
    __rt_entry_sh                            0x08000255   Thumb Code     0  __rtentry4.o(.ARM.Collect$$rtentry$$00000004)
    __rt_entry_li                            0x0800025b   Thumb Code     0  __rtentry2.o(.ARM.Collect$$rtentry$$0000000A)
    __rt_entry_postsh_1                      0x0800025b   Thumb Code     0  __rtentry2.o(.ARM.Collect$$rtentry$$00000009)
    __rt_entry_main                          0x0800025f   Thumb Code     0  __rtentry2.o(.ARM.Collect$$rtentry$$0000000D)
    __rt_entry_postli_1                      0x0800025f   Thumb Code     0  __rtentry2.o(.ARM.Collect$$rtentry$$0000000C)
    __rt_exit                                0x08000267   Thumb Code     0  rtexit.o(.ARM.Collect$$rtexit$$00000000)
    __rt_exit_ls                             0x08000269   Thumb Code     0  rtexit2.o(.ARM.Collect$$rtexit$$00000003)
    __rt_exit_prels_1                        0x08000269   Thumb Code     0  rtexit2.o(.ARM.Collect$$rtexit$$00000002)
    __rt_exit_exit                           0x0800026d   Thumb Code     0  rtexit2.o(.ARM.Collect$$rtexit$$00000004)
    Reset_Handler                            0x08000275   Thumb Code     8  startup_stm32f103xb.o(.text)
    ADC1_2_IRQHandler                        0x0800028f   Thumb Code     0  startup_stm32f103xb.o(.text)
    CAN1_RX1_IRQHandler                      0x0800028f   Thumb Code     0  startup_stm32f103xb.o(.text)
    CAN1_SCE_IRQHandler                      0x0800028f   Thumb Code     0  startup_stm32f103xb.o(.text)
    DMA1_Channel1_IRQHandler                 0x0800028f   Thumb Code     0  startup_stm32f103xb.o(.text)
    DMA1_Channel2_IRQHandler                 0x0800028f   Thumb Code     0  startup_stm32f103xb.o(.text)
    DMA1_Channel3_IRQHandler                 0x0800028f   Thumb Code     0  startup_stm32f103xb.o(.text)
    DMA1_Channel4_IRQHandler                 0x0800028f   Thumb Code     0  startup_stm32f103xb.o(.text)
    DMA1_Channel5_IRQHandler                 0x0800028f   Thumb Code     0  startup_stm32f103xb.o(.text)
    DMA1_Channel6_IRQHandler                 0x0800028f   Thumb Code     0  startup_stm32f103xb.o(.text)
    DMA1_Channel7_IRQHandler                 0x0800028f   Thumb Code     0  startup_stm32f103xb.o(.text)
    EXTI0_IRQHandler                         0x0800028f   Thumb Code     0  startup_stm32f103xb.o(.text)
    EXTI15_10_IRQHandler                     0x0800028f   Thumb Code     0  startup_stm32f103xb.o(.text)
    EXTI1_IRQHandler                         0x0800028f   Thumb Code     0  startup_stm32f103xb.o(.text)
    EXTI2_IRQHandler                         0x0800028f   Thumb Code     0  startup_stm32f103xb.o(.text)
    EXTI3_IRQHandler                         0x0800028f   Thumb Code     0  startup_stm32f103xb.o(.text)
    EXTI4_IRQHandler                         0x0800028f   Thumb Code     0  startup_stm32f103xb.o(.text)
    EXTI9_5_IRQHandler                       0x0800028f   Thumb Code     0  startup_stm32f103xb.o(.text)
    FLASH_IRQHandler                         0x0800028f   Thumb Code     0  startup_stm32f103xb.o(.text)
    I2C1_ER_IRQHandler                       0x0800028f   Thumb Code     0  startup_stm32f103xb.o(.text)
    I2C1_EV_IRQHandler                       0x0800028f   Thumb Code     0  startup_stm32f103xb.o(.text)
    I2C2_ER_IRQHandler                       0x0800028f   Thumb Code     0  startup_stm32f103xb.o(.text)
    I2C2_EV_IRQHandler                       0x0800028f   Thumb Code     0  startup_stm32f103xb.o(.text)
    PVD_IRQHandler                           0x0800028f   Thumb Code     0  startup_stm32f103xb.o(.text)
    RCC_IRQHandler                           0x0800028f   Thumb Code     0  startup_stm32f103xb.o(.text)
    RTC_Alarm_IRQHandler                     0x0800028f   Thumb Code     0  startup_stm32f103xb.o(.text)
    RTC_IRQHandler                           0x0800028f   Thumb Code     0  startup_stm32f103xb.o(.text)
    SPI1_IRQHandler                          0x0800028f   Thumb Code     0  startup_stm32f103xb.o(.text)
    SPI2_IRQHandler                          0x0800028f   Thumb Code     0  startup_stm32f103xb.o(.text)
    TAMPER_IRQHandler                        0x0800028f   Thumb Code     0  startup_stm32f103xb.o(.text)
    TIM1_BRK_IRQHandler                      0x0800028f   Thumb Code     0  startup_stm32f103xb.o(.text)
    TIM1_CC_IRQHandler                       0x0800028f   Thumb Code     0  startup_stm32f103xb.o(.text)
    TIM1_TRG_COM_IRQHandler                  0x0800028f   Thumb Code     0  startup_stm32f103xb.o(.text)
    TIM1_UP_IRQHandler                       0x0800028f   Thumb Code     0  startup_stm32f103xb.o(.text)
    TIM2_IRQHandler                          0x0800028f   Thumb Code     0  startup_stm32f103xb.o(.text)
    TIM3_IRQHandler                          0x0800028f   Thumb Code     0  startup_stm32f103xb.o(.text)
    TIM4_IRQHandler                          0x0800028f   Thumb Code     0  startup_stm32f103xb.o(.text)
    USART1_IRQHandler                        0x0800028f   Thumb Code     0  startup_stm32f103xb.o(.text)
    USART2_IRQHandler                        0x0800028f   Thumb Code     0  startup_stm32f103xb.o(.text)
    USART3_IRQHandler                        0x0800028f   Thumb Code     0  startup_stm32f103xb.o(.text)
    USBWakeUp_IRQHandler                     0x0800028f   Thumb Code     0  startup_stm32f103xb.o(.text)
    USB_HP_CAN1_TX_IRQHandler                0x0800028f   Thumb Code     0  startup_stm32f103xb.o(.text)
    WWDG_IRQHandler                          0x0800028f   Thumb Code     0  startup_stm32f103xb.o(.text)
    __user_initial_stackheap                 0x08000291   Thumb Code     0  startup_stm32f103xb.o(.text)
    __c89vsprintf                            0x080002b5   Thumb Code    32  c89vsprintf.o(.text)
    _printf_pre_padding                      0x080002d9   Thumb Code    44  _printf_pad.o(.text)
    _printf_post_padding                     0x08000305   Thumb Code    34  _printf_pad.o(.text)
    _printf_truncate_signed                  0x08000327   Thumb Code    18  _printf_truncate.o(.text)
    _printf_truncate_unsigned                0x08000339   Thumb Code    18  _printf_truncate.o(.text)
    _printf_str                              0x0800034b   Thumb Code    82  _printf_str.o(.text)
    _printf_int_dec                          0x0800039d   Thumb Code   104  _printf_dec.o(.text)
    _printf_wctomb                           0x08000415   Thumb Code   182  _printf_wctomb.o(.text)
    _printf_longlong_oct                     0x080004d1   Thumb Code    66  _printf_oct_int_ll.o(.text)
    _printf_int_oct                          0x08000513   Thumb Code    24  _printf_oct_int_ll.o(.text)
    _printf_ll_oct                           0x0800052b   Thumb Code    12  _printf_oct_int_ll.o(.text)
    _printf_longlong_hex                     0x08000541   Thumb Code    86  _printf_hex_int_ll_ptr.o(.text)
    _printf_int_hex                          0x08000597   Thumb Code    28  _printf_hex_int_ll_ptr.o(.text)
    _printf_ll_hex                           0x080005b3   Thumb Code    12  _printf_hex_int_ll_ptr.o(.text)
    _printf_hex_ptr                          0x080005bf   Thumb Code    18  _printf_hex_int_ll_ptr.o(.text)
    __printf                                 0x080005d5   Thumb Code   388  __printf_flags_ss_wp.o(.text)
    strlen                                   0x0800075d   Thumb Code    62  strlen.o(.text)
    __aeabi_memcpy4                          0x0800079b   Thumb Code     0  rt_memcpy_w.o(.text)
    __aeabi_memcpy8                          0x0800079b   Thumb Code     0  rt_memcpy_w.o(.text)
    __rt_memcpy_w                            0x0800079b   Thumb Code   100  rt_memcpy_w.o(.text)
    _memcpy_lastbytes_aligned                0x080007e3   Thumb Code     0  rt_memcpy_w.o(.text)
    __aeabi_memset                           0x080007ff   Thumb Code    16  aeabi_memset.o(.text)
    __aeabi_memclr4                          0x0800080f   Thumb Code     0  rt_memclr_w.o(.text)
    __aeabi_memclr8                          0x0800080f   Thumb Code     0  rt_memclr_w.o(.text)
    __rt_memclr_w                            0x0800080f   Thumb Code    78  rt_memclr_w.o(.text)
    _memset_w                                0x08000813   Thumb Code     0  rt_memclr_w.o(.text)
    strcmp                                   0x0800085d   Thumb Code   128  strcmpv7m.o(.text)
    __use_two_region_memory                  0x080008dd   Thumb Code     2  heapauxi.o(.text)
    __rt_heap_escrow$2region                 0x080008df   Thumb Code     2  heapauxi.o(.text)
    __rt_heap_expand$2region                 0x080008e1   Thumb Code     2  heapauxi.o(.text)
    _printf_int_common                       0x080008e3   Thumb Code   178  _printf_intcommon.o(.text)
    _printf_charcount                        0x08000995   Thumb Code    40  _printf_charcount.o(.text)
    __lib_sel_fp_printf                      0x080009bd   Thumb Code     2  _printf_fp_dec.o(.text)
    _printf_fp_dec_real                      0x08000b6f   Thumb Code   620  _printf_fp_dec.o(.text)
    _printf_char_common                      0x08000de7   Thumb Code    32  _printf_char_common.o(.text)
    _sputc                                   0x08000e0d   Thumb Code    10  _sputc.o(.text)
    _printf_cs_common                        0x08000e17   Thumb Code    20  _printf_char.o(.text)
    _printf_char                             0x08000e2b   Thumb Code    16  _printf_char.o(.text)
    _printf_string                           0x08000e3b   Thumb Code     8  _printf_char.o(.text)
    _printf_lcs_common                       0x08000e43   Thumb Code    20  _printf_wchar.o(.text)
    _printf_wchar                            0x08000e57   Thumb Code    16  _printf_wchar.o(.text)
    _printf_wstring                          0x08000e67   Thumb Code     8  _printf_wchar.o(.text)
    _printf_longlong_dec                     0x08000e71   Thumb Code   108  _printf_longlong_dec.o(.text)
    _wcrtomb                                 0x08000eed   Thumb Code    64  _wcrtomb.o(.text)
    __aeabi_memclr                           0x08000f2d   Thumb Code     0  rt_memclr.o(.text)
    __rt_memclr                              0x08000f2d   Thumb Code    68  rt_memclr.o(.text)
    _memset                                  0x08000f31   Thumb Code     0  rt_memclr.o(.text)
    __rt_ctype_table                         0x08000f71   Thumb Code    16  rt_ctype_table.o(.text)
    __rt_locale                              0x08000f81   Thumb Code     8  rt_locale_intlibspace.o(.text)
    _ll_udiv10                               0x08000f89   Thumb Code   138  lludiv10.o(.text)
    _printf_fp_infnan                        0x08001015   Thumb Code   112  _printf_fp_infnan.o(.text)
    _btod_etento                             0x08001095   Thumb Code   224  bigflt0.o(.text)
    __user_libspace                          0x08001179   Thumb Code     8  libspace.o(.text)
    __user_perproc_libspace                  0x08001179   Thumb Code     0  libspace.o(.text)
    __user_perthread_libspace                0x08001179   Thumb Code     0  libspace.o(.text)
    __user_setup_stackheap                   0x08001181   Thumb Code    74  sys_stackheap_outer.o(.text)
    exit                                     0x080011cb   Thumb Code    18  exit.o(.text)
    _sys_exit                                0x080011dd   Thumb Code     8  sys_exit.o(.text)
    __I$use$semihosting                      0x080011e9   Thumb Code     0  use_no_semi.o(.text)
    __use_no_semihosting_swi                 0x080011e9   Thumb Code     2  use_no_semi.o(.text)
    __semihosting_library_function           0x080011eb   Thumb Code     0  indicate_semi.o(.text)
    _btod_d2e                                0x080011eb   Thumb Code    62  btod.o(CL$$btod_d2e)
    _d2e_denorm_low                          0x08001229   Thumb Code    70  btod.o(CL$$btod_d2e_denorm_low)
    _d2e_norm_op1                            0x0800126f   Thumb Code    96  btod.o(CL$$btod_d2e_norm_op1)
    __btod_div_common                        0x080012cf   Thumb Code   696  btod.o(CL$$btod_div_common)
    _e2e                                     0x08001607   Thumb Code   220  btod.o(CL$$btod_e2e)
    _btod_ediv                               0x080016e3   Thumb Code    42  btod.o(CL$$btod_ediv)
    _btod_emul                               0x0800170d   Thumb Code    42  btod.o(CL$$btod_emul)
    __btod_mult_common                       0x08001737   Thumb Code   580  btod.o(CL$$btod_mult_common)
    BusFault_Handler                         0x0800197b   Thumb Code     4  stm32f1xx_it.o(i.BusFault_Handler)
    DebugMon_Handler                         0x0800197f   Thumb Code     2  stm32f1xx_it.o(i.DebugMon_Handler)
    Error_Handler                            0x08001981   Thumb Code     4  hal.o(i.Error_Handler)
    HAL_Delay                                0x08001985   Thumb Code    36  stm32f1xx_hal.o(i.HAL_Delay)
    HAL_GPIO_Init                            0x080019ad   Thumb Code   762  stm32f1xx_hal_gpio.o(i.HAL_GPIO_Init)
    HAL_GPIO_WritePin                        0x08001cc9   Thumb Code    12  stm32f1xx_hal_gpio.o(i.HAL_GPIO_WritePin)
    HAL_GetTick                              0x08001cd5   Thumb Code     6  stm32f1xx_hal.o(i.HAL_GetTick)
    HAL_I2C_Init                             0x08001ce1   Thumb Code   362  stm32f1xx_hal_i2c.o(i.HAL_I2C_Init)
    HAL_I2C_MspInit                          0x08001e5d   Thumb Code    68  i2c.o(i.HAL_I2C_MspInit)
    HAL_IncTick                              0x08001ead   Thumb Code    16  stm32f1xx_hal.o(i.HAL_IncTick)
    HAL_Init                                 0x08001ec5   Thumb Code    34  stm32f1xx_hal.o(i.HAL_Init)
    HAL_InitTick                             0x08001eed   Thumb Code    64  stm32f1xx_hal.o(i.HAL_InitTick)
    HAL_MspInit                              0x08001f39   Thumb Code    54  stm32f1xx_hal_msp.o(i.HAL_MspInit)
    HAL_NVIC_EnableIRQ                       0x08001f75   Thumb Code    32  stm32f1xx_hal_cortex.o(i.HAL_NVIC_EnableIRQ)
    HAL_NVIC_SetPriority                     0x08001f95   Thumb Code   124  stm32f1xx_hal_cortex.o(i.HAL_NVIC_SetPriority)
    HAL_NVIC_SetPriorityGrouping             0x08002011   Thumb Code    32  stm32f1xx_hal_cortex.o(i.HAL_NVIC_SetPriorityGrouping)
    HAL_PCDEx_PMAConfig                      0x08002039   Thumb Code    62  stm32f1xx_hal_pcd_ex.o(i.HAL_PCDEx_PMAConfig)
    HAL_PCDEx_SetConnectionState             0x08002077   Thumb Code     2  usbd_conf.o(i.HAL_PCDEx_SetConnectionState)
    HAL_PCD_DataInStageCallback              0x08002079   Thumb Code    28  usbd_conf.o(i.HAL_PCD_DataInStageCallback)
    HAL_PCD_DataOutStageCallback             0x08002095   Thumb Code    28  usbd_conf.o(i.HAL_PCD_DataOutStageCallback)
    HAL_PCD_EP_Close                         0x080020b1   Thumb Code   100  stm32f1xx_hal_pcd.o(i.HAL_PCD_EP_Close)
    HAL_PCD_EP_ClrStall                      0x08002115   Thumb Code    98  stm32f1xx_hal_pcd.o(i.HAL_PCD_EP_ClrStall)
    HAL_PCD_EP_GetRxCount                    0x08002177   Thumb Code    20  stm32f1xx_hal_pcd.o(i.HAL_PCD_EP_GetRxCount)
    HAL_PCD_EP_Open                          0x0800218b   Thumb Code   118  stm32f1xx_hal_pcd.o(i.HAL_PCD_EP_Open)
    HAL_PCD_EP_Receive                       0x08002201   Thumb Code    74  stm32f1xx_hal_pcd.o(i.HAL_PCD_EP_Receive)
    HAL_PCD_EP_SetStall                      0x0800224b   Thumb Code   114  stm32f1xx_hal_pcd.o(i.HAL_PCD_EP_SetStall)
    HAL_PCD_EP_Transmit                      0x080022bd   Thumb Code    76  stm32f1xx_hal_pcd.o(i.HAL_PCD_EP_Transmit)
    HAL_PCD_IRQHandler                       0x08002309   Thumb Code   360  stm32f1xx_hal_pcd.o(i.HAL_PCD_IRQHandler)
    HAL_PCD_Init                             0x08002471   Thumb Code   282  stm32f1xx_hal_pcd.o(i.HAL_PCD_Init)
    HAL_PCD_MspInit                          0x0800258d   Thumb Code    56  usbd_conf.o(i.HAL_PCD_MspInit)
    HAL_PCD_ResetCallback                    0x080025cd   Thumb Code    36  usbd_conf.o(i.HAL_PCD_ResetCallback)
    HAL_PCD_ResumeCallback                   0x080025f1   Thumb Code    14  usbd_conf.o(i.HAL_PCD_ResumeCallback)
    HAL_PCD_SOFCallback                      0x080025ff   Thumb Code    14  usbd_conf.o(i.HAL_PCD_SOFCallback)
    HAL_PCD_SetAddress                       0x0800260d   Thumb Code    54  stm32f1xx_hal_pcd.o(i.HAL_PCD_SetAddress)
    HAL_PCD_SetupStageCallback               0x08002643   Thumb Code    18  usbd_conf.o(i.HAL_PCD_SetupStageCallback)
    HAL_PCD_Start                            0x08002655   Thumb Code    60  stm32f1xx_hal_pcd.o(i.HAL_PCD_Start)
    HAL_PCD_SuspendCallback                  0x08002691   Thumb Code    30  usbd_conf.o(i.HAL_PCD_SuspendCallback)
    HAL_RCCEx_PeriphCLKConfig                0x080026b5   Thumb Code   288  stm32f1xx_hal_rcc_ex.o(i.HAL_RCCEx_PeriphCLKConfig)
    HAL_RCC_ClockConfig                      0x080027e1   Thumb Code   446  stm32f1xx_hal_rcc.o(i.HAL_RCC_ClockConfig)
    HAL_RCC_GetHCLKFreq                      0x080029b1   Thumb Code     6  stm32f1xx_hal_rcc.o(i.HAL_RCC_GetHCLKFreq)
    HAL_RCC_GetPCLK1Freq                     0x080029bd   Thumb Code    22  stm32f1xx_hal_rcc.o(i.HAL_RCC_GetPCLK1Freq)
    HAL_RCC_GetSysClockFreq                  0x080029dd   Thumb Code   116  stm32f1xx_hal_rcc.o(i.HAL_RCC_GetSysClockFreq)
    HAL_RCC_OscConfig                        0x08002a71   Thumb Code  1074  stm32f1xx_hal_rcc.o(i.HAL_RCC_OscConfig)
    HAL_SPI_Init                             0x08002ead   Thumb Code   134  stm32f1xx_hal_spi.o(i.HAL_SPI_Init)
    HAL_SPI_MspInit                          0x08002f33   Thumb Code     2  stm32f1xx_hal_spi.o(i.HAL_SPI_MspInit)
    HAL_SYSTICK_Config                       0x08002f35   Thumb Code    52  stm32f1xx_hal_cortex.o(i.HAL_SYSTICK_Config)
    HardFault_Handler                        0x08002f69   Thumb Code     4  stm32f1xx_it.o(i.HardFault_Handler)
    MX_I2C1_Init                             0x08002f6d   Thumb Code    48  i2c.o(i.MX_I2C1_Init)
    MX_USB_DEVICE_Init                       0x08002fa9   Thumb Code    60  usb_device.o(i.MX_USB_DEVICE_Init)
    MemManage_Handler                        0x08002ff5   Thumb Code     4  stm32f1xx_it.o(i.MemManage_Handler)
    NMI_Handler                              0x08002ff9   Thumb Code     2  stm32f1xx_it.o(i.NMI_Handler)
    PendSV_Handler                           0x08002ffb   Thumb Code     2  stm32f1xx_it.o(i.PendSV_Handler)
    SVC_Handler                              0x08002ffd   Thumb Code     2  stm32f1xx_it.o(i.SVC_Handler)
    SysTick_Handler                          0x08002fff   Thumb Code     8  stm32f1xx_it.o(i.SysTick_Handler)
    SystemInit                               0x08003009   Thumb Code    70  system_stm32f1xx.o(i.SystemInit)
    USBD_CDC_ReceivePacket                   0x08003061   Thumb Code    58  usbd_cdc.o(i.USBD_CDC_ReceivePacket)
    USBD_CDC_RegisterInterface               0x0800309b   Thumb Code    14  usbd_cdc.o(i.USBD_CDC_RegisterInterface)
    USBD_CDC_SetRxBuffer                     0x080030a9   Thumb Code    14  usbd_cdc.o(i.USBD_CDC_SetRxBuffer)
    USBD_CDC_SetTxBuffer                     0x080030b7   Thumb Code    20  usbd_cdc.o(i.USBD_CDC_SetTxBuffer)
    USBD_ClrClassConfig                      0x080030cb   Thumb Code    22  usbd_core.o(i.USBD_ClrClassConfig)
    USBD_CtlContinueRx                       0x080030e1   Thumb Code    24  usbd_ioreq.o(i.USBD_CtlContinueRx)
    USBD_CtlContinueSendData                 0x080030f9   Thumb Code    24  usbd_ioreq.o(i.USBD_CtlContinueSendData)
    USBD_CtlError                            0x08003111   Thumb Code    24  usbd_ctlreq.o(i.USBD_CtlError)
    USBD_CtlPrepareRx                        0x08003129   Thumb Code    40  usbd_ioreq.o(i.USBD_CtlPrepareRx)
    USBD_CtlReceiveStatus                    0x08003151   Thumb Code    26  usbd_ioreq.o(i.USBD_CtlReceiveStatus)
    USBD_CtlSendData                         0x0800316b   Thumb Code    34  usbd_ioreq.o(i.USBD_CtlSendData)
    USBD_CtlSendStatus                       0x0800318d   Thumb Code    26  usbd_ioreq.o(i.USBD_CtlSendStatus)
    USBD_GetString                           0x080031a7   Thumb Code    82  usbd_ctlreq.o(i.USBD_GetString)
    USBD_Init                                0x080031f9   Thumb Code    50  usbd_core.o(i.USBD_Init)
    USBD_LL_ClearStallEP                     0x0800322b   Thumb Code    38  usbd_conf.o(i.USBD_LL_ClearStallEP)
    USBD_LL_CloseEP                          0x08003251   Thumb Code    38  usbd_conf.o(i.USBD_LL_CloseEP)
    USBD_LL_DataInStage                      0x08003277   Thumb Code   218  usbd_core.o(i.USBD_LL_DataInStage)
    USBD_LL_DataOutStage                     0x08003351   Thumb Code   134  usbd_core.o(i.USBD_LL_DataOutStage)
    USBD_LL_GetRxDataSize                    0x080033d7   Thumb Code    18  usbd_conf.o(i.USBD_LL_GetRxDataSize)
    USBD_LL_Init                             0x080033e9   Thumb Code   124  usbd_conf.o(i.USBD_LL_Init)
    USBD_LL_IsStallEP                        0x0800346d   Thumb Code    48  usbd_conf.o(i.USBD_LL_IsStallEP)
    USBD_LL_OpenEP                           0x0800349d   Thumb Code    48  usbd_conf.o(i.USBD_LL_OpenEP)
    USBD_LL_PrepareReceive                   0x080034cd   Thumb Code    48  usbd_conf.o(i.USBD_LL_PrepareReceive)
    USBD_LL_Reset                            0x080034fd   Thumb Code    68  usbd_core.o(i.USBD_LL_Reset)
    USBD_LL_Resume                           0x08003541   Thumb Code    14  usbd_core.o(i.USBD_LL_Resume)
    USBD_LL_SOF                              0x0800354f   Thumb Code    34  usbd_core.o(i.USBD_LL_SOF)
    USBD_LL_SetSpeed                         0x08003571   Thumb Code     8  usbd_core.o(i.USBD_LL_SetSpeed)
    USBD_LL_SetUSBAddress                    0x08003579   Thumb Code    38  usbd_conf.o(i.USBD_LL_SetUSBAddress)
    USBD_LL_SetupStage                       0x0800359f   Thumb Code   110  usbd_core.o(i.USBD_LL_SetupStage)
    USBD_LL_StallEP                          0x0800360d   Thumb Code    38  usbd_conf.o(i.USBD_LL_StallEP)
    USBD_LL_Start                            0x08003633   Thumb Code    30  usbd_conf.o(i.USBD_LL_Start)
    USBD_LL_Suspend                          0x08003651   Thumb Code    20  usbd_core.o(i.USBD_LL_Suspend)
    USBD_LL_Transmit                         0x08003665   Thumb Code    48  usbd_conf.o(i.USBD_LL_Transmit)
    USBD_ParseSetupRequest                   0x08003695   Thumb Code    40  usbd_ctlreq.o(i.USBD_ParseSetupRequest)
    USBD_RegisterClass                       0x080036bd   Thumb Code    16  usbd_core.o(i.USBD_RegisterClass)
    USBD_RunTestMode                         0x080036cd   Thumb Code     6  usbd_core.o(i.USBD_RunTestMode)
    USBD_SetClassConfig                      0x080036d3   Thumb Code    34  usbd_core.o(i.USBD_SetClassConfig)
    USBD_Start                               0x080036f5   Thumb Code    14  usbd_core.o(i.USBD_Start)
    USBD_StdDevReq                           0x08003703   Thumb Code   114  usbd_ctlreq.o(i.USBD_StdDevReq)
    USBD_StdEPReq                            0x08003775   Thumb Code   342  usbd_ctlreq.o(i.USBD_StdEPReq)
    USBD_StdItfReq                           0x080038cb   Thumb Code    74  usbd_ctlreq.o(i.USBD_StdItfReq)
    USBD_static_free                         0x08003915   Thumb Code     2  usbd_conf.o(i.USBD_static_free)
    USBD_static_malloc                       0x08003919   Thumb Code     6  usbd_conf.o(i.USBD_static_malloc)
    USB_ActivateEndpoint                     0x08003925   Thumb Code   938  stm32f1xx_ll_usb.o(i.USB_ActivateEndpoint)
    USB_CoreInit                             0x08003ccf   Thumb Code     8  stm32f1xx_ll_usb.o(i.USB_CoreInit)
    USB_DeactivateEndpoint                   0x08003cd7   Thumb Code   532  stm32f1xx_ll_usb.o(i.USB_DeactivateEndpoint)
    USB_DevConnect                           0x08003eeb   Thumb Code     6  stm32f1xx_ll_usb.o(i.USB_DevConnect)
    USB_DevDisconnect                        0x08003ef1   Thumb Code     6  stm32f1xx_ll_usb.o(i.USB_DevDisconnect)
    USB_DevInit                              0x08003ef7   Thumb Code    30  stm32f1xx_ll_usb.o(i.USB_DevInit)
    USB_DisableGlobalInt                     0x08003f15   Thumb Code    22  stm32f1xx_ll_usb.o(i.USB_DisableGlobalInt)
    USB_EP0_OutStart                         0x08003f2b   Thumb Code     6  stm32f1xx_ll_usb.o(i.USB_EP0_OutStart)
    USB_EPClearStall                         0x08003f31   Thumb Code   180  stm32f1xx_ll_usb.o(i.USB_EPClearStall)
    USB_EPSetStall                           0x08003fe5   Thumb Code   134  stm32f1xx_ll_usb.o(i.USB_EPSetStall)
    USB_EPStartXfer                          0x0800406b   Thumb Code   818  stm32f1xx_ll_usb.o(i.USB_EPStartXfer)
    USB_EnableGlobalInt                      0x0800439d   Thumb Code    22  stm32f1xx_ll_usb.o(i.USB_EnableGlobalInt)
    USB_LP_CAN1_RX0_IRQHandler               0x080043b5   Thumb Code    10  stm32f1xx_it.o(i.USB_LP_CAN1_RX0_IRQHandler)
    USB_ReadInterrupts                       0x080043c5   Thumb Code    10  stm32f1xx_ll_usb.o(i.USB_ReadInterrupts)
    USB_ReadPMA                              0x080043cf   Thumb Code    40  stm32f1xx_ll_usb.o(i.USB_ReadPMA)
    USB_SetCurrentMode                       0x080043f7   Thumb Code     6  stm32f1xx_ll_usb.o(i.USB_SetCurrentMode)
    USB_SetDevAddress                        0x080043fd   Thumb Code    14  stm32f1xx_ll_usb.o(i.USB_SetDevAddress)
    USB_WritePMA                             0x0800440b   Thumb Code    66  stm32f1xx_ll_usb.o(i.USB_WritePMA)
    UsageFault_Handler                       0x0800444d   Thumb Code     4  stm32f1xx_it.o(i.UsageFault_Handler)
    USBD_FS_DeviceDescriptor(USBD_SpeedTypeDef, unsigned short*) 0x08005061   Thumb Code    10  usbd_desc.o(i._Z24USBD_FS_DeviceDescriptor17USBD_SpeedTypeDefPt)
    USBD_FS_ConfigStrDescriptor(USBD_SpeedTypeDef, unsigned short*) 0x08005081   Thumb Code    34  usbd_desc.o(i._Z27USBD_FS_ConfigStrDescriptor17USBD_SpeedTypeDefPt)
    USBD_FS_LangIDStrDescriptor(USBD_SpeedTypeDef, unsigned short*) 0x080050b5   Thumb Code    10  usbd_desc.o(i._Z27USBD_FS_LangIDStrDescriptor17USBD_SpeedTypeDefPt)
    USBD_FS_SerialStrDescriptor(USBD_SpeedTypeDef, unsigned short*) 0x080050c5   Thumb Code    18  usbd_desc.o(i._Z27USBD_FS_SerialStrDescriptor17USBD_SpeedTypeDefPt)
    USBD_FS_ProductStrDescriptor(USBD_SpeedTypeDef, unsigned short*) 0x080050dd   Thumb Code    34  usbd_desc.o(i._Z28USBD_FS_ProductStrDescriptor17USBD_SpeedTypeDefPt)
    USBD_FS_InterfaceStrDescriptor(USBD_SpeedTypeDef, unsigned short*) 0x0800512d   Thumb Code    34  usbd_desc.o(i._Z30USBD_FS_InterfaceStrDescriptor17USBD_SpeedTypeDefPt)
    USBD_FS_ManufacturerStrDescriptor(USBD_SpeedTypeDef, unsigned short*) 0x08005165   Thumb Code    20  usbd_desc.o(i._Z33USBD_FS_ManufacturerStrDescriptor17USBD_SpeedTypeDefPt)
    USBD_CDC_GetDeviceQualifierDescriptor(unsigned short*) 0x08005191   Thumb Code    10  usbd_cdc.o(i._Z37USBD_CDC_GetDeviceQualifierDescriptorPt)
    TimeMeterMS::ElapsedTime()               0x080051c9   Thumb Code    14  timer.o(i._ZN11TimeMeterMS11ElapsedTimeEv)
    TimeMeterMS::Reset()                     0x080051d7   Thumb Code    16  timer.o(i._ZN11TimeMeterMS5ResetEv)
    TimeMeterMS::TimeMeterMS()               0x080051e7   Thumb Code    14  timer.o(i._ZN11TimeMeterMSC1Ev)
    TimeMeterMS::TimeMeterMS__sub_object()   0x080051e7   Thumb Code     0  timer.o(i._ZN11TimeMeterMSC1Ev)
    HAL::Init()                              0x080051f5   Thumb Code    24  hal.o(i._ZN3HAL4InitEv)
    Char::Draw(int, int, Color::E)           0x0800520d   Thumb Code    80  text.o(i._ZN4Char4DrawEiiN5Color1EE)
    Char::Char(char)                         0x0800525d   Thumb Code     4  string.o(i._ZN4CharC1Ec)
    Char::Char__sub_object(char)             0x0800525d   Thumb Code     0  string.o(i._ZN4CharC1Ec)
    Font::GetLengthSymbol(unsigned char)     0x08005261   Thumb Code    16  font.o(i._ZN4Font15GetLengthSymbolEh)
    Font::Set(TypeFont::E)                   0x08005275   Thumb Code    24  text.o(i._ZN4Font3SetEN8TypeFont1EE)
    Font::GetSize()                          0x08005299   Thumb Code     8  font.o(i._ZN4Font7GetSizeEv)
    Text::DrawCharHard(int, int, char)       0x080052a5   Thumb Code   128  text.o(i._ZN4Text12DrawCharHardEiic)
    Text::BitInFontIsExist(int, int, int)    0x08005329   Thumb Code    68  text.o(i._ZN4Text16BitInFontIsExistEiii)
    Text::ByteFontNotEmpty(int, int)         0x0800537d   Thumb Code    50  text.o(i._ZN4Text16ByteFontNotEmptyEii)
    Text::DrawCharInColorDisplay(int, int, unsigned char) 0x080053bd   Thumb Code   122  text.o(i._ZN4Text22DrawCharInColorDisplayEiih)
    Color::GetCurrent()                      0x0800543d   Thumb Code     6  colors.o(i._ZN5Color10GetCurrentEv)
    Color::SetCurrent(Color::E)              0x08005449   Thumb Code    10  colors.o(i._ZN5Color10SetCurrentENS_1EE)
    HLine::Draw(int, int, Color::E)          0x08005459   Thumb Code    44  st7735.o(i._ZN5HLine4DrawEiiN5Color1EE)
    HLine::HLine(int)                        0x08005485   Thumb Code     4  st7735.o(i._ZN5HLineC1Ei)
    HLine::HLine__sub_object(int)            0x08005485   Thumb Code     0  st7735.o(i._ZN5HLineC1Ei)
    Point::Set(int, int, Color::E)           0x08005489   Thumb Code    30  st7735.o(i._ZN5Point3SetEiiN5Color1EE)
    Timer::CurrentTime()                     0x080054a7   Thumb Code     8  timer.o(i._ZN5Timer11CurrentTimeEv)
    VLine::Draw(int, int, Color::E)          0x080054af   Thumb Code    44  st7735.o(i._ZN5VLine4DrawEiiN5Color1EE)
    VLine::VLine(int)                        0x080054db   Thumb Code     4  st7735.o(i._ZN5VLineC1Ei)
    VLine::VLine__sub_object(int)            0x080054db   Thumb Code     0  st7735.o(i._ZN5VLineC1Ei)
    Display::BeginScene(Color::E)            0x080054df   Thumb Code    12  st7735.o(i._ZN7Display10BeginSceneEN5Color1EE)
    Display::Init()                          0x080055d1   Thumb Code   344  st7735.o(i._ZN7Display4InitEv)
    Display::Update()                        0x080057c5   Thumb Code   334  st7735.o(i._ZN7Display6UpdateEv)
    Display::EndScene()                      0x080059a5   Thumb Code   228  st7735.o(i._ZN7Display8EndSceneEv)
    Rectangle::Fill(int, int, Color::E)      0x08005b51   Thumb Code    56  st7735.o(i._ZN9Rectangle4FillEiiN5Color1EE)
    __ARM_fpclassify                         0x08005b89   Thumb Code    40  fpclassify.o(i.__ARM_fpclassify)
    _is_digit                                0x08005bb1   Thumb Code    14  __printf_wp.o(i._is_digit)
    main                                     0x08005bbf   Thumb Code    16  main.o(i.main)
    _get_lc_numeric                          0x08005bd1   Thumb Code    44  lc_numeric_c.o(locale$$code)
    _get_lc_ctype                            0x08005bfd   Thumb Code    44  lc_ctype_c.o(locale$$code)
    String<(int)32>::Draw(int, int, Color::E) 0x08005c29   Thumb Code    92  string.o(t._ZN6StringILi32EE4DrawEiiN5Color1EE)
    String<(int)32>::String(const char*, ...) 0x08005c85   Thumb Code    34  string.o(t._ZN6StringILi32EEC1EPKcz)
    String<(int)32>::String__sub_object(const char*, ...) 0x08005c85   Thumb Code     0  string.o(t._ZN6StringILi32EEC1EPKcz)
    String<(int)32>::Size() const            0x08005ca7   Thumb Code    12  string.o(t._ZNK6StringILi32EE4SizeEv)
    _printf_fp_dec                           0x08005cb3   Thumb Code     4  printf1.o(x$fpl$printf1)
    AHBPrescTable                            0x08005cb6   Data          16  system_stm32f1xx.o(.constdata)
    __I$use$fp                               0x08005cb6   Number         0  usenofp.o(x$fpl$usenofp)
    APBPrescTable                            0x08005cc6   Data           8  system_stm32f1xx.o(.constdata)
    colors                                   0x08005cce   Data           4  colors.o(.constdata)
    Region$$Table$$Base                      0x08006fb4   Number         0  anon$$obj.o(Region$$Table)
    Region$$Table$$Limit                     0x08006fd4   Number         0  anon$$obj.o(Region$$Table)
    __ctype                                  0x08006ffd   Data           0  lc_ctype_c.o(locale$$data)
    uwTick                                   0x20000000   Data           4  stm32f1xx_hal.o(.data)
    uwTickPrio                               0x20000004   Data           4  stm32f1xx_hal.o(.data)
    uwTickFreq                               0x20000008   Data           1  stm32f1xx_hal.o(.data)
    SystemCoreClock                          0x2000000c   Data           4  system_stm32f1xx.o(.data)
    USBD_CDC                                 0x20000020   Data          56  usbd_cdc.o(.data)
    USBD_CDC_CfgHSDesc                       0x20000058   Data          67  usbd_cdc.o(.data)
    USBD_CDC_CfgFSDesc                       0x2000009c   Data          67  usbd_cdc.o(.data)
    USBD_CDC_OtherSpeedCfgDesc               0x200000e0   Data          67  usbd_cdc.o(.data)
    FS_Desc                                  0x20000124   Data          28  usbd_desc.o(.data)
    USBD_FS_DeviceDesc                       0x20000140   Data          18  usbd_desc.o(.data)
    USBD_LangIDDesc                          0x20000154   Data           4  usbd_desc.o(.data)
    USBD_StringSerial                        0x20000158   Data          26  usbd_desc.o(.data)
    USBD_Interface_fops_FS                   0x20000174   Data          16  cdc.o(.data)
    Color::current                           0x20000190   Data           1  colors.o(.data)
    Font::font                               0x20000194   Data           4  font.o(.data)
    Font::fonts                              0x20000198   Data          16  font.o(.data)
    Font::current                            0x200001a8   Data           1  font.o(.data)
    hUsbDeviceFS                             0x200001c0   Data         548  usb_device.o(.bss)
    hpcd_USB_FS                              0x200003e4   Data        1120  usbd_conf.o(.bss)
    USBD_StrDesc                             0x20000a64   Data         512  usbd_desc.o(.bss)
    UserRxBufferFS                           0x20000c64   Data        1000  cdc.o(.bss)
    UserTxBufferFS                           0x2000104c   Data        1000  cdc.o(.bss)
    hi2c1                                    0x20001434   Data          84  i2c.o(.bss)
    __libspace_start                         0x20003ce0   Data          96  libspace.o(.bss)
    __temporary_stack_top$libspace           0x20003d40   Data           0  libspace.o(.bss)



==============================================================================

Memory Map of the image

  Image Entry point : 0x080000ed

  Load Region LR_IROM1 (Base: 0x08000000, Size: 0x000072c0, Max: 0x00010000, ABSOLUTE, COMPRESSED[0x000071e4])

    Execution Region ER_IROM1 (Exec base: 0x08000000, Load base: 0x08000000, Size: 0x00007100, Max: 0x00010000, ABSOLUTE)

    Exec Addr    Load Addr    Size         Type   Attr      Idx    E Section Name        Object

    0x08000000   0x08000000   0x000000ec   Data   RO         2611    RESET               startup_stm32f103xb.o
    0x080000ec   0x080000ec   0x00000008   Code   RO         5151  * !!!main             c_w.l(__main.o)
    0x080000f4   0x080000f4   0x00000034   Code   RO         5550    !!!scatter          c_w.l(__scatter.o)
    0x08000128   0x08000128   0x0000005a   Code   RO         5548    !!dczerorl2         c_w.l(__dczerorl2.o)
    0x08000182   0x08000182   0x00000002   PAD
    0x08000184   0x08000184   0x0000001c   Code   RO         5552    !!handler_zi        c_w.l(__scatter_zi.o)
    0x080001a0   0x080001a0   0x00000000   Code   RO         5131    .ARM.Collect$$_printf_percent$$00000000  c_w.l(_printf_percent.o)
    0x080001a0   0x080001a0   0x00000006   Code   RO         5238    .ARM.Collect$$_printf_percent$$00000001  c_w.l(_printf_n.o)
    0x080001a6   0x080001a6   0x00000006   Code   RO         5239    .ARM.Collect$$_printf_percent$$00000002  c_w.l(_printf_p.o)
    0x080001ac   0x080001ac   0x00000006   Code   RO         5127    .ARM.Collect$$_printf_percent$$00000003  c_w.l(_printf_f.o)
    0x080001b2   0x080001b2   0x00000006   Code   RO         5128    .ARM.Collect$$_printf_percent$$00000004  c_w.l(_printf_e.o)
    0x080001b8   0x080001b8   0x00000006   Code   RO         5129    .ARM.Collect$$_printf_percent$$00000005  c_w.l(_printf_g.o)
    0x080001be   0x080001be   0x00000006   Code   RO         5130    .ARM.Collect$$_printf_percent$$00000006  c_w.l(_printf_a.o)
    0x080001c4   0x080001c4   0x0000000a   Code   RO         5244    .ARM.Collect$$_printf_percent$$00000007  c_w.l(_printf_ll.o)
    0x080001ce   0x080001ce   0x00000006   Code   RO         5124    .ARM.Collect$$_printf_percent$$00000008  c_w.l(_printf_i.o)
    0x080001d4   0x080001d4   0x00000006   Code   RO         5125    .ARM.Collect$$_printf_percent$$00000009  c_w.l(_printf_d.o)
    0x080001da   0x080001da   0x00000006   Code   RO         5126    .ARM.Collect$$_printf_percent$$0000000A  c_w.l(_printf_u.o)
    0x080001e0   0x080001e0   0x00000006   Code   RO         5123    .ARM.Collect$$_printf_percent$$0000000B  c_w.l(_printf_o.o)
    0x080001e6   0x080001e6   0x00000006   Code   RO         5122    .ARM.Collect$$_printf_percent$$0000000C  c_w.l(_printf_x.o)
    0x080001ec   0x080001ec   0x00000006   Code   RO         5241    .ARM.Collect$$_printf_percent$$0000000D  c_w.l(_printf_lli.o)
    0x080001f2   0x080001f2   0x00000006   Code   RO         5242    .ARM.Collect$$_printf_percent$$0000000E  c_w.l(_printf_lld.o)
    0x080001f8   0x080001f8   0x00000006   Code   RO         5243    .ARM.Collect$$_printf_percent$$0000000F  c_w.l(_printf_llu.o)
    0x080001fe   0x080001fe   0x00000006   Code   RO         5247    .ARM.Collect$$_printf_percent$$00000010  c_w.l(_printf_llo.o)
    0x08000204   0x08000204   0x00000006   Code   RO         5248    .ARM.Collect$$_printf_percent$$00000011  c_w.l(_printf_llx.o)
    0x0800020a   0x0800020a   0x0000000a   Code   RO         5245    .ARM.Collect$$_printf_percent$$00000012  c_w.l(_printf_l.o)
    0x08000214   0x08000214   0x00000006   Code   RO         5121    .ARM.Collect$$_printf_percent$$00000013  c_w.l(_printf_c.o)
    0x0800021a   0x0800021a   0x00000006   Code   RO         5237    .ARM.Collect$$_printf_percent$$00000014  c_w.l(_printf_s.o)
    0x08000220   0x08000220   0x00000006   Code   RO         5132    .ARM.Collect$$_printf_percent$$00000015  c_w.l(_printf_lc.o)
    0x08000226   0x08000226   0x00000006   Code   RO         5246    .ARM.Collect$$_printf_percent$$00000016  c_w.l(_printf_ls.o)
    0x0800022c   0x0800022c   0x00000004   Code   RO         5240    .ARM.Collect$$_printf_percent$$00000017  c_w.l(_printf_percent_end.o)
    0x08000230   0x08000230   0x00000002   Code   RO         5356    .ARM.Collect$$libinit$$00000000  c_w.l(libinit.o)
    0x08000232   0x08000232   0x00000000   Code   RO         5358    .ARM.Collect$$libinit$$00000002  c_w.l(libinit2.o)
    0x08000232   0x08000232   0x00000000   Code   RO         5360    .ARM.Collect$$libinit$$00000004  c_w.l(libinit2.o)
    0x08000232   0x08000232   0x00000000   Code   RO         5363    .ARM.Collect$$libinit$$0000000A  c_w.l(libinit2.o)
    0x08000232   0x08000232   0x00000000   Code   RO         5365    .ARM.Collect$$libinit$$0000000C  c_w.l(libinit2.o)
    0x08000232   0x08000232   0x00000000   Code   RO         5367    .ARM.Collect$$libinit$$0000000E  c_w.l(libinit2.o)
    0x08000232   0x08000232   0x00000006   Code   RO         5368    .ARM.Collect$$libinit$$0000000F  c_w.l(libinit2.o)
    0x08000238   0x08000238   0x00000000   Code   RO         5370    .ARM.Collect$$libinit$$00000011  c_w.l(libinit2.o)
    0x08000238   0x08000238   0x0000000c   Code   RO         5371    .ARM.Collect$$libinit$$00000012  c_w.l(libinit2.o)
    0x08000244   0x08000244   0x00000000   Code   RO         5372    .ARM.Collect$$libinit$$00000013  c_w.l(libinit2.o)
    0x08000244   0x08000244   0x00000000   Code   RO         5374    .ARM.Collect$$libinit$$00000015  c_w.l(libinit2.o)
    0x08000244   0x08000244   0x0000000a   Code   RO         5375    .ARM.Collect$$libinit$$00000016  c_w.l(libinit2.o)
    0x0800024e   0x0800024e   0x00000000   Code   RO         5376    .ARM.Collect$$libinit$$00000017  c_w.l(libinit2.o)
    0x0800024e   0x0800024e   0x00000000   Code   RO         5378    .ARM.Collect$$libinit$$00000019  c_w.l(libinit2.o)
    0x0800024e   0x0800024e   0x00000000   Code   RO         5380    .ARM.Collect$$libinit$$0000001B  c_w.l(libinit2.o)
    0x0800024e   0x0800024e   0x00000000   Code   RO         5382    .ARM.Collect$$libinit$$0000001D  c_w.l(libinit2.o)
    0x0800024e   0x0800024e   0x00000000   Code   RO         5384    .ARM.Collect$$libinit$$0000001F  c_w.l(libinit2.o)
    0x0800024e   0x0800024e   0x00000000   Code   RO         5386    .ARM.Collect$$libinit$$00000021  c_w.l(libinit2.o)
    0x0800024e   0x0800024e   0x00000000   Code   RO         5388    .ARM.Collect$$libinit$$00000023  c_w.l(libinit2.o)
    0x0800024e   0x0800024e   0x00000000   Code   RO         5390    .ARM.Collect$$libinit$$00000025  c_w.l(libinit2.o)
    0x0800024e   0x0800024e   0x00000000   Code   RO         5394    .ARM.Collect$$libinit$$0000002C  c_w.l(libinit2.o)
    0x0800024e   0x0800024e   0x00000000   Code   RO         5396    .ARM.Collect$$libinit$$0000002E  c_w.l(libinit2.o)
    0x0800024e   0x0800024e   0x00000000   Code   RO         5398    .ARM.Collect$$libinit$$00000030  c_w.l(libinit2.o)
    0x0800024e   0x0800024e   0x00000000   Code   RO         5400    .ARM.Collect$$libinit$$00000032  c_w.l(libinit2.o)
    0x0800024e   0x0800024e   0x00000002   Code   RO         5401    .ARM.Collect$$libinit$$00000033  c_w.l(libinit2.o)
    0x08000250   0x08000250   0x00000002   Code   RO         5459    .ARM.Collect$$libshutdown$$00000000  c_w.l(libshutdown.o)
    0x08000252   0x08000252   0x00000000   Code   RO         5484    .ARM.Collect$$libshutdown$$00000002  c_w.l(libshutdown2.o)
    0x08000252   0x08000252   0x00000000   Code   RO         5486    .ARM.Collect$$libshutdown$$00000004  c_w.l(libshutdown2.o)
    0x08000252   0x08000252   0x00000000   Code   RO         5488    .ARM.Collect$$libshutdown$$00000006  c_w.l(libshutdown2.o)
    0x08000252   0x08000252   0x00000000   Code   RO         5491    .ARM.Collect$$libshutdown$$00000009  c_w.l(libshutdown2.o)
    0x08000252   0x08000252   0x00000000   Code   RO         5494    .ARM.Collect$$libshutdown$$0000000C  c_w.l(libshutdown2.o)
    0x08000252   0x08000252   0x00000000   Code   RO         5496    .ARM.Collect$$libshutdown$$0000000E  c_w.l(libshutdown2.o)
    0x08000252   0x08000252   0x00000000   Code   RO         5499    .ARM.Collect$$libshutdown$$00000011  c_w.l(libshutdown2.o)
    0x08000252   0x08000252   0x00000002   Code   RO         5500    .ARM.Collect$$libshutdown$$00000012  c_w.l(libshutdown2.o)
    0x08000254   0x08000254   0x00000000   Code   RO         5213    .ARM.Collect$$rtentry$$00000000  c_w.l(__rtentry.o)
    0x08000254   0x08000254   0x00000000   Code   RO         5269    .ARM.Collect$$rtentry$$00000002  c_w.l(__rtentry2.o)
    0x08000254   0x08000254   0x00000006   Code   RO         5281    .ARM.Collect$$rtentry$$00000004  c_w.l(__rtentry4.o)
    0x0800025a   0x0800025a   0x00000000   Code   RO         5271    .ARM.Collect$$rtentry$$00000009  c_w.l(__rtentry2.o)
    0x0800025a   0x0800025a   0x00000004   Code   RO         5272    .ARM.Collect$$rtentry$$0000000A  c_w.l(__rtentry2.o)
    0x0800025e   0x0800025e   0x00000000   Code   RO         5274    .ARM.Collect$$rtentry$$0000000C  c_w.l(__rtentry2.o)
    0x0800025e   0x0800025e   0x00000008   Code   RO         5275    .ARM.Collect$$rtentry$$0000000D  c_w.l(__rtentry2.o)
    0x08000266   0x08000266   0x00000002   Code   RO         5402    .ARM.Collect$$rtexit$$00000000  c_w.l(rtexit.o)
    0x08000268   0x08000268   0x00000000   Code   RO         5425    .ARM.Collect$$rtexit$$00000002  c_w.l(rtexit2.o)
    0x08000268   0x08000268   0x00000004   Code   RO         5426    .ARM.Collect$$rtexit$$00000003  c_w.l(rtexit2.o)
    0x0800026c   0x0800026c   0x00000006   Code   RO         5427    .ARM.Collect$$rtexit$$00000004  c_w.l(rtexit2.o)
    0x08000272   0x08000272   0x00000002   PAD
    0x08000274   0x08000274   0x00000040   Code   RO         2612    .text               startup_stm32f103xb.o
    0x080002b4   0x080002b4   0x00000024   Code   RO         5051    .text               c_w.l(c89vsprintf.o)
    0x080002d8   0x080002d8   0x0000004e   Code   RO         5063    .text               c_w.l(_printf_pad.o)
    0x08000326   0x08000326   0x00000024   Code   RO         5065    .text               c_w.l(_printf_truncate.o)
    0x0800034a   0x0800034a   0x00000052   Code   RO         5067    .text               c_w.l(_printf_str.o)
    0x0800039c   0x0800039c   0x00000078   Code   RO         5069    .text               c_w.l(_printf_dec.o)
    0x08000414   0x08000414   0x000000bc   Code   RO         5071    .text               c_w.l(_printf_wctomb.o)
    0x080004d0   0x080004d0   0x00000070   Code   RO         5078    .text               c_w.l(_printf_oct_int_ll.o)
    0x08000540   0x08000540   0x00000094   Code   RO         5098    .text               c_w.l(_printf_hex_int_ll_ptr.o)
    0x080005d4   0x080005d4   0x00000188   Code   RO         5118    .text               c_w.l(__printf_flags_ss_wp.o)
    0x0800075c   0x0800075c   0x0000003e   Code   RO         5135    .text               c_w.l(strlen.o)
    0x0800079a   0x0800079a   0x00000064   Code   RO         5141    .text               c_w.l(rt_memcpy_w.o)
    0x080007fe   0x080007fe   0x00000010   Code   RO         5143    .text               c_w.l(aeabi_memset.o)
    0x0800080e   0x0800080e   0x0000004e   Code   RO         5145    .text               c_w.l(rt_memclr_w.o)
    0x0800085c   0x0800085c   0x00000080   Code   RO         5147    .text               c_w.l(strcmpv7m.o)
    0x080008dc   0x080008dc   0x00000006   Code   RO         5149    .text               c_w.l(heapauxi.o)
    0x080008e2   0x080008e2   0x000000b2   Code   RO         5216    .text               c_w.l(_printf_intcommon.o)
    0x08000994   0x08000994   0x00000028   Code   RO         5218    .text               c_w.l(_printf_charcount.o)
    0x080009bc   0x080009bc   0x0000041e   Code   RO         5220    .text               c_w.l(_printf_fp_dec.o)
    0x08000dda   0x08000dda   0x00000002   PAD
    0x08000ddc   0x08000ddc   0x00000030   Code   RO         5225    .text               c_w.l(_printf_char_common.o)
    0x08000e0c   0x08000e0c   0x0000000a   Code   RO         5227    .text               c_w.l(_sputc.o)
    0x08000e16   0x08000e16   0x0000002c   Code   RO         5231    .text               c_w.l(_printf_char.o)
    0x08000e42   0x08000e42   0x0000002c   Code   RO         5233    .text               c_w.l(_printf_wchar.o)
    0x08000e6e   0x08000e6e   0x00000002   PAD
    0x08000e70   0x08000e70   0x0000007c   Code   RO         5235    .text               c_w.l(_printf_longlong_dec.o)
    0x08000eec   0x08000eec   0x00000040   Code   RO         5251    .text               c_w.l(_wcrtomb.o)
    0x08000f2c   0x08000f2c   0x00000044   Code   RO         5253    .text               c_w.l(rt_memclr.o)
    0x08000f70   0x08000f70   0x00000010   Code   RO         5283    .text               c_w.l(rt_ctype_table.o)
    0x08000f80   0x08000f80   0x00000008   Code   RO         5288    .text               c_w.l(rt_locale_intlibspace.o)
    0x08000f88   0x08000f88   0x0000008a   Code   RO         5295    .text               c_w.l(lludiv10.o)
    0x08001012   0x08001012   0x00000002   PAD
    0x08001014   0x08001014   0x00000080   Code   RO         5299    .text               c_w.l(_printf_fp_infnan.o)
    0x08001094   0x08001094   0x000000e4   Code   RO         5305    .text               c_w.l(bigflt0.o)
    0x08001178   0x08001178   0x00000008   Code   RO         5339    .text               c_w.l(libspace.o)
    0x08001180   0x08001180   0x0000004a   Code   RO         5342    .text               c_w.l(sys_stackheap_outer.o)
    0x080011ca   0x080011ca   0x00000012   Code   RO         5349    .text               c_w.l(exit.o)
    0x080011dc   0x080011dc   0x0000000c   Code   RO         5445    .text               c_w.l(sys_exit.o)
    0x080011e8   0x080011e8   0x00000002   Code   RO         5474    .text               c_w.l(use_no_semi.o)
    0x080011ea   0x080011ea   0x00000000   Code   RO         5476    .text               c_w.l(indicate_semi.o)
    0x080011ea   0x080011ea   0x0000003e   Code   RO         5308    CL$$btod_d2e        c_w.l(btod.o)
    0x08001228   0x08001228   0x00000046   Code   RO         5310    CL$$btod_d2e_denorm_low  c_w.l(btod.o)
    0x0800126e   0x0800126e   0x00000060   Code   RO         5309    CL$$btod_d2e_norm_op1  c_w.l(btod.o)
    0x080012ce   0x080012ce   0x00000338   Code   RO         5318    CL$$btod_div_common  c_w.l(btod.o)
    0x08001606   0x08001606   0x000000dc   Code   RO         5315    CL$$btod_e2e        c_w.l(btod.o)
    0x080016e2   0x080016e2   0x0000002a   Code   RO         5312    CL$$btod_ediv       c_w.l(btod.o)
    0x0800170c   0x0800170c   0x0000002a   Code   RO         5311    CL$$btod_emul       c_w.l(btod.o)
    0x08001736   0x08001736   0x00000244   Code   RO         5317    CL$$btod_mult_common  c_w.l(btod.o)
    0x0800197a   0x0800197a   0x00000004   Code   RO         3641    i.BusFault_Handler  stm32f1xx_it.o
    0x0800197e   0x0800197e   0x00000002   Code   RO         3642    i.DebugMon_Handler  stm32f1xx_it.o
    0x08001980   0x08001980   0x00000004   Code   RO         3733    i.Error_Handler     hal.o
    0x08001984   0x08001984   0x00000028   Code   RO           11    i.HAL_Delay         stm32f1xx_hal.o
    0x080019ac   0x080019ac   0x0000031c   Code   RO          278    i.HAL_GPIO_Init     stm32f1xx_hal_gpio.o
    0x08001cc8   0x08001cc8   0x0000000c   Code   RO          282    i.HAL_GPIO_WritePin  stm32f1xx_hal_gpio.o
    0x08001cd4   0x08001cd4   0x0000000c   Code   RO           15    i.HAL_GetTick       stm32f1xx_hal.o
    0x08001ce0   0x08001ce0   0x0000017c   Code   RO         1133    i.HAL_I2C_Init      stm32f1xx_hal_i2c.o
    0x08001e5c   0x08001e5c   0x00000050   Code   RO         3790    i.HAL_I2C_MspInit   i2c.o
    0x08001eac   0x08001eac   0x00000018   Code   RO           19    i.HAL_IncTick       stm32f1xx_hal.o
    0x08001ec4   0x08001ec4   0x00000028   Code   RO           20    i.HAL_Init          stm32f1xx_hal.o
    0x08001eec   0x08001eec   0x0000004c   Code   RO           21    i.HAL_InitTick      stm32f1xx_hal.o
    0x08001f38   0x08001f38   0x0000003c   Code   RO         3616    i.HAL_MspInit       stm32f1xx_hal_msp.o
    0x08001f74   0x08001f74   0x00000020   Code   RO          764    i.HAL_NVIC_EnableIRQ  stm32f1xx_hal_cortex.o
    0x08001f94   0x08001f94   0x0000007c   Code   RO          770    i.HAL_NVIC_SetPriority  stm32f1xx_hal_cortex.o
    0x08002010   0x08002010   0x00000028   Code   RO          771    i.HAL_NVIC_SetPriorityGrouping  stm32f1xx_hal_cortex.o
    0x08002038   0x08002038   0x0000003e   Code   RO         2123    i.HAL_PCDEx_PMAConfig  stm32f1xx_hal_pcd_ex.o
    0x08002076   0x08002076   0x00000002   Code   RO         3230    i.HAL_PCDEx_SetConnectionState  usbd_conf.o
    0x08002078   0x08002078   0x0000001c   Code   RO         3232    i.HAL_PCD_DataInStageCallback  usbd_conf.o
    0x08002094   0x08002094   0x0000001c   Code   RO         3233    i.HAL_PCD_DataOutStageCallback  usbd_conf.o
    0x080020b0   0x080020b0   0x00000064   Code   RO          362    i.HAL_PCD_EP_Close  stm32f1xx_hal_pcd.o
    0x08002114   0x08002114   0x00000062   Code   RO          363    i.HAL_PCD_EP_ClrStall  stm32f1xx_hal_pcd.o
    0x08002176   0x08002176   0x00000014   Code   RO          365    i.HAL_PCD_EP_GetRxCount  stm32f1xx_hal_pcd.o
    0x0800218a   0x0800218a   0x00000076   Code   RO          366    i.HAL_PCD_EP_Open   stm32f1xx_hal_pcd.o
    0x08002200   0x08002200   0x0000004a   Code   RO          367    i.HAL_PCD_EP_Receive  stm32f1xx_hal_pcd.o
    0x0800224a   0x0800224a   0x00000072   Code   RO          368    i.HAL_PCD_EP_SetStall  stm32f1xx_hal_pcd.o
    0x080022bc   0x080022bc   0x0000004c   Code   RO          369    i.HAL_PCD_EP_Transmit  stm32f1xx_hal_pcd.o
    0x08002308   0x08002308   0x00000168   Code   RO          371    i.HAL_PCD_IRQHandler  stm32f1xx_hal_pcd.o
    0x08002470   0x08002470   0x0000011a   Code   RO          374    i.HAL_PCD_Init      stm32f1xx_hal_pcd.o
    0x0800258a   0x0800258a   0x00000002   PAD
    0x0800258c   0x0800258c   0x00000040   Code   RO         3238    i.HAL_PCD_MspInit   usbd_conf.o
    0x080025cc   0x080025cc   0x00000024   Code   RO         3239    i.HAL_PCD_ResetCallback  usbd_conf.o
    0x080025f0   0x080025f0   0x0000000e   Code   RO         3240    i.HAL_PCD_ResumeCallback  usbd_conf.o
    0x080025fe   0x080025fe   0x0000000e   Code   RO         3241    i.HAL_PCD_SOFCallback  usbd_conf.o
    0x0800260c   0x0800260c   0x00000036   Code   RO          380    i.HAL_PCD_SetAddress  stm32f1xx_hal_pcd.o
    0x08002642   0x08002642   0x00000012   Code   RO         3242    i.HAL_PCD_SetupStageCallback  usbd_conf.o
    0x08002654   0x08002654   0x0000003c   Code   RO          382    i.HAL_PCD_Start     stm32f1xx_hal_pcd.o
    0x08002690   0x08002690   0x00000024   Code   RO         3243    i.HAL_PCD_SuspendCallback  usbd_conf.o
    0x080026b4   0x080026b4   0x0000012c   Code   RO          725    i.HAL_RCCEx_PeriphCLKConfig  stm32f1xx_hal_rcc_ex.o
    0x080027e0   0x080027e0   0x000001d0   Code   RO          602    i.HAL_RCC_ClockConfig  stm32f1xx_hal_rcc.o
    0x080029b0   0x080029b0   0x0000000c   Code   RO          607    i.HAL_RCC_GetHCLKFreq  stm32f1xx_hal_rcc.o
    0x080029bc   0x080029bc   0x00000020   Code   RO          609    i.HAL_RCC_GetPCLK1Freq  stm32f1xx_hal_rcc.o
    0x080029dc   0x080029dc   0x00000094   Code   RO          611    i.HAL_RCC_GetSysClockFreq  stm32f1xx_hal_rcc.o
    0x08002a70   0x08002a70   0x0000043c   Code   RO          614    i.HAL_RCC_OscConfig  stm32f1xx_hal_rcc.o
    0x08002eac   0x08002eac   0x00000086   Code   RO         2166    i.HAL_SPI_Init      stm32f1xx_hal_spi.o
    0x08002f32   0x08002f32   0x00000002   Code   RO         2168    i.HAL_SPI_MspInit   stm32f1xx_hal_spi.o
    0x08002f34   0x08002f34   0x00000034   Code   RO          775    i.HAL_SYSTICK_Config  stm32f1xx_hal_cortex.o
    0x08002f68   0x08002f68   0x00000004   Code   RO         3643    i.HardFault_Handler  stm32f1xx_it.o
    0x08002f6c   0x08002f6c   0x0000003c   Code   RO         3791    i.MX_I2C1_Init      i2c.o
    0x08002fa8   0x08002fa8   0x0000004c   Code   RO         3131    i.MX_USB_DEVICE_Init  usb_device.o
    0x08002ff4   0x08002ff4   0x00000004   Code   RO         3644    i.MemManage_Handler  stm32f1xx_it.o
    0x08002ff8   0x08002ff8   0x00000002   Code   RO         3645    i.NMI_Handler       stm32f1xx_it.o
    0x08002ffa   0x08002ffa   0x00000002   Code   RO         3646    i.PendSV_Handler    stm32f1xx_it.o
    0x08002ffc   0x08002ffc   0x00000002   Code   RO         3647    i.SVC_Handler       stm32f1xx_it.o
    0x08002ffe   0x08002ffe   0x00000008   Code   RO         3648    i.SysTick_Handler   stm32f1xx_it.o
    0x08003006   0x08003006   0x00000002   PAD
    0x08003008   0x08003008   0x00000058   Code   RO         2620    i.SystemInit        system_stm32f1xx.o
    0x08003060   0x08003060   0x0000003a   Code   RO         3007    i.USBD_CDC_ReceivePacket  usbd_cdc.o
    0x0800309a   0x0800309a   0x0000000e   Code   RO         3008    i.USBD_CDC_RegisterInterface  usbd_cdc.o
    0x080030a8   0x080030a8   0x0000000e   Code   RO         3009    i.USBD_CDC_SetRxBuffer  usbd_cdc.o
    0x080030b6   0x080030b6   0x00000014   Code   RO         3010    i.USBD_CDC_SetTxBuffer  usbd_cdc.o
    0x080030ca   0x080030ca   0x00000016   Code   RO         2658    i.USBD_ClrClassConfig  usbd_core.o
    0x080030e0   0x080030e0   0x00000018   Code   RO         2940    i.USBD_CtlContinueRx  usbd_ioreq.o
    0x080030f8   0x080030f8   0x00000018   Code   RO         2941    i.USBD_CtlContinueSendData  usbd_ioreq.o
    0x08003110   0x08003110   0x00000018   Code   RO         2825    i.USBD_CtlError     usbd_ctlreq.o
    0x08003128   0x08003128   0x00000028   Code   RO         2942    i.USBD_CtlPrepareRx  usbd_ioreq.o
    0x08003150   0x08003150   0x0000001a   Code   RO         2943    i.USBD_CtlReceiveStatus  usbd_ioreq.o
    0x0800316a   0x0800316a   0x00000022   Code   RO         2944    i.USBD_CtlSendData  usbd_ioreq.o
    0x0800318c   0x0800318c   0x0000001a   Code   RO         2945    i.USBD_CtlSendStatus  usbd_ioreq.o
    0x080031a6   0x080031a6   0x00000052   Code   RO         2826    i.USBD_GetString    usbd_ctlreq.o
    0x080031f8   0x080031f8   0x00000032   Code   RO         2660    i.USBD_Init         usbd_core.o
    0x0800322a   0x0800322a   0x00000026   Code   RO         3244    i.USBD_LL_ClearStallEP  usbd_conf.o
    0x08003250   0x08003250   0x00000026   Code   RO         3245    i.USBD_LL_CloseEP   usbd_conf.o
    0x08003276   0x08003276   0x000000da   Code   RO         2661    i.USBD_LL_DataInStage  usbd_core.o
    0x08003350   0x08003350   0x00000086   Code   RO         2662    i.USBD_LL_DataOutStage  usbd_core.o
    0x080033d6   0x080033d6   0x00000012   Code   RO         3249    i.USBD_LL_GetRxDataSize  usbd_conf.o
    0x080033e8   0x080033e8   0x00000084   Code   RO         3250    i.USBD_LL_Init      usbd_conf.o
    0x0800346c   0x0800346c   0x00000030   Code   RO         3251    i.USBD_LL_IsStallEP  usbd_conf.o
    0x0800349c   0x0800349c   0x00000030   Code   RO         3252    i.USBD_LL_OpenEP    usbd_conf.o
    0x080034cc   0x080034cc   0x00000030   Code   RO         3253    i.USBD_LL_PrepareReceive  usbd_conf.o
    0x080034fc   0x080034fc   0x00000044   Code   RO         2667    i.USBD_LL_Reset     usbd_core.o
    0x08003540   0x08003540   0x0000000e   Code   RO         2668    i.USBD_LL_Resume    usbd_core.o
    0x0800354e   0x0800354e   0x00000022   Code   RO         2669    i.USBD_LL_SOF       usbd_core.o
    0x08003570   0x08003570   0x00000008   Code   RO         2670    i.USBD_LL_SetSpeed  usbd_core.o
    0x08003578   0x08003578   0x00000026   Code   RO         3254    i.USBD_LL_SetUSBAddress  usbd_conf.o
    0x0800359e   0x0800359e   0x0000006e   Code   RO         2671    i.USBD_LL_SetupStage  usbd_core.o
    0x0800360c   0x0800360c   0x00000026   Code   RO         3255    i.USBD_LL_StallEP   usbd_conf.o
    0x08003632   0x08003632   0x0000001e   Code   RO         3256    i.USBD_LL_Start     usbd_conf.o
    0x08003650   0x08003650   0x00000014   Code   RO         2672    i.USBD_LL_Suspend   usbd_core.o
    0x08003664   0x08003664   0x00000030   Code   RO         3258    i.USBD_LL_Transmit  usbd_conf.o
    0x08003694   0x08003694   0x00000028   Code   RO         2827    i.USBD_ParseSetupRequest  usbd_ctlreq.o
    0x080036bc   0x080036bc   0x00000010   Code   RO         2673    i.USBD_RegisterClass  usbd_core.o
    0x080036cc   0x080036cc   0x00000006   Code   RO         2674    i.USBD_RunTestMode  usbd_core.o
    0x080036d2   0x080036d2   0x00000022   Code   RO         2675    i.USBD_SetClassConfig  usbd_core.o
    0x080036f4   0x080036f4   0x0000000e   Code   RO         2676    i.USBD_Start        usbd_core.o
    0x08003702   0x08003702   0x00000072   Code   RO         2828    i.USBD_StdDevReq    usbd_ctlreq.o
    0x08003774   0x08003774   0x00000156   Code   RO         2829    i.USBD_StdEPReq     usbd_ctlreq.o
    0x080038ca   0x080038ca   0x0000004a   Code   RO         2830    i.USBD_StdItfReq    usbd_ctlreq.o
    0x08003914   0x08003914   0x00000002   Code   RO         3259    i.USBD_static_free  usbd_conf.o
    0x08003916   0x08003916   0x00000002   PAD
    0x08003918   0x08003918   0x0000000c   Code   RO         3260    i.USBD_static_malloc  usbd_conf.o
    0x08003924   0x08003924   0x000003aa   Code   RO          901    i.USB_ActivateEndpoint  stm32f1xx_ll_usb.o
    0x08003cce   0x08003cce   0x00000008   Code   RO          904    i.USB_CoreInit      stm32f1xx_ll_usb.o
    0x08003cd6   0x08003cd6   0x00000214   Code   RO          906    i.USB_DeactivateEndpoint  stm32f1xx_ll_usb.o
    0x08003eea   0x08003eea   0x00000006   Code   RO          907    i.USB_DevConnect    stm32f1xx_ll_usb.o
    0x08003ef0   0x08003ef0   0x00000006   Code   RO          908    i.USB_DevDisconnect  stm32f1xx_ll_usb.o
    0x08003ef6   0x08003ef6   0x0000001e   Code   RO          909    i.USB_DevInit       stm32f1xx_ll_usb.o
    0x08003f14   0x08003f14   0x00000016   Code   RO          910    i.USB_DisableGlobalInt  stm32f1xx_ll_usb.o
    0x08003f2a   0x08003f2a   0x00000006   Code   RO          911    i.USB_EP0_OutStart  stm32f1xx_ll_usb.o
    0x08003f30   0x08003f30   0x000000b4   Code   RO          912    i.USB_EPClearStall  stm32f1xx_ll_usb.o
    0x08003fe4   0x08003fe4   0x00000086   Code   RO          913    i.USB_EPSetStall    stm32f1xx_ll_usb.o
    0x0800406a   0x0800406a   0x00000332   Code   RO          914    i.USB_EPStartXfer   stm32f1xx_ll_usb.o
    0x0800439c   0x0800439c   0x00000016   Code   RO          915    i.USB_EnableGlobalInt  stm32f1xx_ll_usb.o
    0x080043b2   0x080043b2   0x00000002   PAD
    0x080043b4   0x080043b4   0x00000010   Code   RO         3649    i.USB_LP_CAN1_RX0_IRQHandler  stm32f1xx_it.o
    0x080043c4   0x080043c4   0x0000000a   Code   RO          922    i.USB_ReadInterrupts  stm32f1xx_ll_usb.o
    0x080043ce   0x080043ce   0x00000028   Code   RO          923    i.USB_ReadPMA       stm32f1xx_ll_usb.o
    0x080043f6   0x080043f6   0x00000006   Code   RO          925    i.USB_SetCurrentMode  stm32f1xx_ll_usb.o
    0x080043fc   0x080043fc   0x0000000e   Code   RO          926    i.USB_SetDevAddress  stm32f1xx_ll_usb.o
    0x0800440a   0x0800440a   0x00000042   Code   RO          928    i.USB_WritePMA      stm32f1xx_ll_usb.o
    0x0800444c   0x0800444c   0x00000004   Code   RO         3650    i.UsageFault_Handler  stm32f1xx_it.o
    0x08004450   0x08004450   0x00000024   Code   RO         3561    i._Z11CDC_Init_FSv  cdc.o
    0x08004474   0x08004474   0x00000014   Code   RO         2831    i._Z11USBD_GetLenPh  usbd_ctlreq.o
    0x08004488   0x08004488   0x0000003e   Code   RO         3474    i._Z12IntToUnicodejPhh  usbd_desc.o
    0x080044c6   0x080044c6   0x00000002   PAD
    0x080044c8   0x080044c8   0x00000054   Code   RO         3734    i._Z12MX_GPIO_Initv  hal.o
    0x0800451c   0x0800451c   0x00000004   Code   RO         3562    i._Z13CDC_DeInit_FSv  cdc.o
    0x08004520   0x08004520   0x00000034   Code   RO         3475    i._Z13Get_SerialNumv  usbd_desc.o
    0x08004554   0x08004554   0x000000a6   Code   RO         3012    i._Z13USBD_CDC_InitP19_USBD_HandleTypeDefh  usbd_cdc.o
    0x080045fa   0x080045fa   0x00000044   Code   RO         3563    i._Z14CDC_Control_FShPht  cdc.o
    0x0800463e   0x0800463e   0x00000002   PAD
    0x08004640   0x08004640   0x0000001c   Code   RO         3564    i._Z14CDC_Receive_FSPhPj  cdc.o
    0x0800465c   0x0800465c   0x00000090   Code   RO         3013    i._Z14USBD_CDC_SetupP19_USBD_HandleTypeDefP13usb_setup_req  usbd_cdc.o
    0x080046ec   0x080046ec   0x00000050   Code   RO         2832    i._Z14USBD_GetConfigP19_USBD_HandleTypeDefP13usb_setup_req  usbd_ctlreq.o
    0x0800473c   0x0800473c   0x00000044   Code   RO         2833    i._Z14USBD_GetStatusP19_USBD_HandleTypeDefP13usb_setup_req  usbd_ctlreq.o
    0x08004780   0x08004780   0x000000e0   Code   RO         2834    i._Z14USBD_SetConfigP19_USBD_HandleTypeDefP13usb_setup_req  usbd_ctlreq.o
    0x08004860   0x08004860   0x0000001a   Code   RO         3014    i._Z15USBD_CDC_DataInP19_USBD_HandleTypeDefh  usbd_cdc.o
    0x0800487a   0x0800487a   0x00000040   Code   RO         3015    i._Z15USBD_CDC_DeInitP19_USBD_HandleTypeDefh  usbd_cdc.o
    0x080048ba   0x080048ba   0x00000044   Code   RO         2835    i._Z15USBD_ClrFeatureP19_USBD_HandleTypeDefP13usb_setup_req  usbd_ctlreq.o
    0x080048fe   0x080048fe   0x00000054   Code   RO         2836    i._Z15USBD_SetAddressP19_USBD_HandleTypeDefP13usb_setup_req  usbd_ctlreq.o
    0x08004952   0x08004952   0x00000024   Code   RO         2837    i._Z15USBD_SetFeatureP19_USBD_HandleTypeDefP13usb_setup_req  usbd_ctlreq.o
    0x08004976   0x08004976   0x00000034   Code   RO         3016    i._Z16USBD_CDC_DataOutP19_USBD_HandleTypeDefh  usbd_cdc.o
    0x080049aa   0x080049aa   0x00000444   Code   RO          385    i._Z18PCD_EP_ISR_HandlerP17PCD_HandleTypeDef  stm32f1xx_hal_pcd.o
    0x08004dee   0x08004dee   0x00000082   Code   RO         3735    i._Z18SystemClock_Configv  hal.o
    0x08004e70   0x08004e70   0x00000148   Code   RO         2838    i._Z18USBD_GetDescriptorP19_USBD_HandleTypeDefP13usb_setup_req  usbd_ctlreq.o
    0x08004fb8   0x08004fb8   0x00000028   Code   RO          777    i._Z18__NVIC_SetPriority9IRQn_Typej  stm32f1xx_hal_cortex.o
    0x08004fe0   0x08004fe0   0x0000002c   Code   RO         3261    i._Z19USBD_Get_USB_Status17HAL_StatusTypeDef  usbd_conf.o
    0x0800500c   0x0800500c   0x00000032   Code   RO         3017    i._Z20USBD_CDC_EP0_RxReadyP19_USBD_HandleTypeDef  usbd_cdc.o
    0x0800503e   0x0800503e   0x00000002   PAD
    0x08005040   0x08005040   0x00000010   Code   RO         3018    i._Z21USBD_CDC_GetFSCfgDescPt  usbd_cdc.o
    0x08005050   0x08005050   0x00000010   Code   RO         3019    i._Z21USBD_CDC_GetHSCfgDescPt  usbd_cdc.o
    0x08005060   0x08005060   0x00000010   Code   RO         3476    i._Z24USBD_FS_DeviceDescriptor17USBD_SpeedTypeDefPt  usbd_desc.o
    0x08005070   0x08005070   0x00000010   Code   RO          778    i._Z26__NVIC_GetPriorityGroupingv  stm32f1xx_hal_cortex.o
    0x08005080   0x08005080   0x00000034   Code   RO         3477    i._Z27USBD_FS_ConfigStrDescriptor17USBD_SpeedTypeDefPt  usbd_desc.o
    0x080050b4   0x080050b4   0x00000010   Code   RO         3478    i._Z27USBD_FS_LangIDStrDescriptor17USBD_SpeedTypeDefPt  usbd_desc.o
    0x080050c4   0x080050c4   0x00000018   Code   RO         3479    i._Z27USBD_FS_SerialStrDescriptor17USBD_SpeedTypeDefPt  usbd_desc.o
    0x080050dc   0x080050dc   0x00000040   Code   RO         3480    i._Z28USBD_FS_ProductStrDescriptor17USBD_SpeedTypeDefPt  usbd_desc.o
    0x0800511c   0x0800511c   0x00000010   Code   RO         3020    i._Z29USBD_CDC_GetOtherSpeedCfgDescPt  usbd_cdc.o
    0x0800512c   0x0800512c   0x00000038   Code   RO         3481    i._Z30USBD_FS_InterfaceStrDescriptor17USBD_SpeedTypeDefPt  usbd_desc.o
    0x08005164   0x08005164   0x0000002c   Code   RO         3482    i._Z33USBD_FS_ManufacturerStrDescriptor17USBD_SpeedTypeDefPt  usbd_desc.o
    0x08005190   0x08005190   0x00000010   Code   RO         3021    i._Z37USBD_CDC_GetDeviceQualifierDescriptorPt  usbd_cdc.o
    0x080051a0   0x080051a0   0x00000028   Code   RO          615    i._Z9RCC_Delayj     stm32f1xx_hal_rcc.o
    0x080051c8   0x080051c8   0x0000000e   Code   RO         4994    i._ZN11TimeMeterMS11ElapsedTimeEv  timer.o
    0x080051d6   0x080051d6   0x00000010   Code   RO         4996    i._ZN11TimeMeterMS5ResetEv  timer.o
    0x080051e6   0x080051e6   0x0000000e   Code   RO         4998    i._ZN11TimeMeterMSC1Ev  timer.o
    0x080051f4   0x080051f4   0x00000018   Code   RO         3736    i._ZN3HAL4InitEv    hal.o
    0x0800520c   0x0800520c   0x00000050   Code   RO         4704    i._ZN4Char4DrawEiiN5Color1EE  text.o
    0x0800525c   0x0800525c   0x00000004   Code   RO         4625    i._ZN4CharC1Ec      string.o
    0x08005260   0x08005260   0x00000014   Code   RO         4439    i._ZN4Font15GetLengthSymbolEh  font.o
    0x08005274   0x08005274   0x00000024   Code   RO         4705    i._ZN4Font3SetEN8TypeFont1EE  text.o
    0x08005298   0x08005298   0x0000000c   Code   RO         4440    i._ZN4Font7GetSizeEv  font.o
    0x080052a4   0x080052a4   0x00000084   Code   RO         4709    i._ZN4Text12DrawCharHardEiic  text.o
    0x08005328   0x08005328   0x00000054   Code   RO         4712    i._ZN4Text16BitInFontIsExistEiii  text.o
    0x0800537c   0x0800537c   0x00000040   Code   RO         4713    i._ZN4Text16ByteFontNotEmptyEii  text.o
    0x080053bc   0x080053bc   0x00000080   Code   RO         4718    i._ZN4Text22DrawCharInColorDisplayEiih  text.o
    0x0800543c   0x0800543c   0x0000000c   Code   RO         4405    i._ZN5Color10GetCurrentEv  colors.o
    0x08005448   0x08005448   0x00000010   Code   RO         4406    i._ZN5Color10SetCurrentENS_1EE  colors.o
    0x08005458   0x08005458   0x0000002c   Code   RO         4250    i._ZN5HLine4DrawEiiN5Color1EE  st7735.o
    0x08005484   0x08005484   0x00000004   Code   RO         4367    i._ZN5HLineC1Ei     st7735.o
    0x08005488   0x08005488   0x0000001e   Code   RO         4251    i._ZN5Point3SetEiiN5Color1EE  st7735.o
    0x080054a6   0x080054a6   0x00000008   Code   RO         4999    i._ZN5Timer11CurrentTimeEv  timer.o
    0x080054ae   0x080054ae   0x0000002c   Code   RO         4252    i._ZN5VLine4DrawEiiN5Color1EE  st7735.o
    0x080054da   0x080054da   0x00000004   Code   RO         4361    i._ZN5VLineC1Ei     st7735.o
    0x080054de   0x080054de   0x0000000c   Code   RO         4253    i._ZN7Display10BeginSceneEN5Color1EE  st7735.o
    0x080054ea   0x080054ea   0x00000002   PAD
    0x080054ec   0x080054ec   0x00000070   Code   RO         4254    i._ZN7Display10SendData16Et  st7735.o
    0x0800555c   0x0800555c   0x00000074   Code   RO         4255    i._ZN7Display11SendCommandEh  st7735.o
    0x080055d0   0x080055d0   0x00000168   Code   RO         4256    i._ZN7Display4InitEv  st7735.o
    0x08005738   0x08005738   0x00000008   Code   RO         4257    i._ZN7Display6Buffer11FirstPixelsEv  st7735.o
    0x08005740   0x08005740   0x0000001c   Code   RO         4258    i._ZN7Display6Buffer4FillEN5Color1EE  st7735.o
    0x0800575c   0x0800575c   0x00000068   Code   RO         4259    i._ZN7Display6Buffer8SetPointEii  st7735.o
    0x080057c4   0x080057c4   0x000001e0   Code   RO         4260    i._ZN7Display6UpdateEv  st7735.o
    0x080059a4   0x080059a4   0x000000f0   Code   RO         4261    i._ZN7Display8EndSceneEv  st7735.o
    0x08005a94   0x08005a94   0x00000060   Code   RO         4262    i._ZN7Display9SendData8Eh  st7735.o
    0x08005af4   0x08005af4   0x0000005c   Code   RO         4263    i._ZN7Display9SetWindowEhhhh  st7735.o
    0x08005b50   0x08005b50   0x00000038   Code   RO         4265    i._ZN9Rectangle4FillEiiN5Color1EE  st7735.o
    0x08005b88   0x08005b88   0x00000028   Code   RO         5337    i.__ARM_fpclassify  m_ws.l(fpclassify.o)
    0x08005bb0   0x08005bb0   0x0000000e   Code   RO         5111    i._is_digit         c_w.l(__printf_wp.o)
    0x08005bbe   0x08005bbe   0x00000010   Code   RO         2533    i.main              main.o
    0x08005bce   0x08005bce   0x00000002   PAD
    0x08005bd0   0x08005bd0   0x0000002c   Code   RO         5331    locale$$code        c_w.l(lc_numeric_c.o)
    0x08005bfc   0x08005bfc   0x0000002c   Code   RO         5347    locale$$code        c_w.l(lc_ctype_c.o)
    0x08005c28   0x08005c28   0x0000005c   Code   RO         4517    t._ZN6StringILi32EE4DrawEiiN5Color1EE  string.o
    0x08005c84   0x08005c84   0x00000022   Code   RO         4487    t._ZN6StringILi32EEC1EPKcz  string.o
    0x08005ca6   0x08005ca6   0x0000000c   Code   RO         4619    t._ZNK6StringILi32EE4SizeEv  string.o
    0x08005cb2   0x08005cb2   0x00000004   Code   RO         5201    x$fpl$printf1       fz_ws.l(printf1.o)
    0x08005cb6   0x08005cb6   0x00000000   Code   RO         5267    x$fpl$usenofp       fz_ws.l(usenofp.o)
    0x08005cb6   0x08005cb6   0x00000018   Data   RO         2623    .constdata          system_stm32f1xx.o
    0x08005cce   0x08005cce   0x00000004   Data   RO         4411    .constdata          colors.o
    0x08005cd2   0x08005cd2   0x00000002   PAD
    0x08005cd4   0x08005cd4   0x00001208   Data   RO         4446    .constdata          font.o
    0x08006edc   0x08006edc   0x00000008   Data   RO         5072    .constdata          c_w.l(_printf_wctomb.o)
    0x08006ee4   0x08006ee4   0x00000028   Data   RO         5099    .constdata          c_w.l(_printf_hex_int_ll_ptr.o)
    0x08006f0c   0x08006f0c   0x00000011   Data   RO         5119    .constdata          c_w.l(__printf_flags_ss_wp.o)
    0x08006f1d   0x08006f1d   0x00000003   PAD
    0x08006f20   0x08006f20   0x00000094   Data   RO         5306    .constdata          c_w.l(bigflt0.o)
    0x08006fb4   0x08006fb4   0x00000020   Data   RO         5546    Region$$Table       anon$$obj.o
    0x08006fd4   0x08006fd4   0x0000001c   Data   RO         5330    locale$$data        c_w.l(lc_numeric_c.o)
    0x08006ff0   0x08006ff0   0x00000110   Data   RO         5346    locale$$data        c_w.l(lc_ctype_c.o)


    Execution Region RW_IRAM1 (Exec base: 0x20000000, Load base: 0x08007100, Size: 0x00004d40, Max: 0x00005000, ABSOLUTE, COMPRESSED[0x000000e4])

    Exec Addr    Load Addr    Size         Type   Attr      Idx    E Section Name        Object

    0x20000000   COMPRESSED   0x00000009   Data   RW           50    .data               stm32f1xx_hal.o
    0x20000009   COMPRESSED   0x00000003   PAD
    0x2000000c   COMPRESSED   0x00000004   Data   RW         2624    .data               system_stm32f1xx.o
    0x20000010   COMPRESSED   0x00000001   Data   RW         2853    .data               usbd_ctlreq.o
    0x20000011   COMPRESSED   0x00000003   PAD
    0x20000014   COMPRESSED   0x00000110   Data   RW         3037    .data               usbd_cdc.o
    0x20000124   COMPRESSED   0x0000004e   Data   RW         3493    .data               usbd_desc.o
    0x20000172   COMPRESSED   0x00000002   PAD
    0x20000174   COMPRESSED   0x00000010   Data   RW         3571    .data               cdc.o
    0x20000184   COMPRESSED   0x0000000c   Data   RW         4283    .data               st7735.o
    0x20000190   COMPRESSED   0x00000001   Data   RW         4412    .data               colors.o
    0x20000191   COMPRESSED   0x00000003   PAD
    0x20000194   COMPRESSED   0x00000015   Data   RW         4447    .data               font.o
    0x200001a9   COMPRESSED   0x00000003   PAD
    0x200001ac   COMPRESSED   0x00000014   Data   RW         4766    .data               text.o
    0x200001c0        -       0x00000224   Zero   RW         3133    .bss                usb_device.o
    0x200003e4        -       0x00000680   Zero   RW         3294    .bss                usbd_conf.o
    0x20000a64        -       0x00000200   Zero   RW         3492    .bss                usbd_desc.o
    0x20000c64        -       0x000007d0   Zero   RW         3570    .bss                cdc.o
    0x20001434        -       0x00000054   Zero   RW         3805    .bss                i2c.o
    0x20001488        -       0x00002858   Zero   RW         4282    .bss                st7735.o
    0x20003ce0        -       0x00000060   Zero   RW         5340    .bss                c_w.l(libspace.o)
    0x20003d40        -       0x00000800   Zero   RW         2610    HEAP                startup_stm32f103xb.o
    0x20004540        -       0x00000800   Zero   RW         2609    STACK               startup_stm32f103xb.o


==============================================================================

Image component sizes


      Code (inc. data)   RO Data    RW Data    ZI Data      Debug   Object Name

       136         16          0         16       2000       2642   cdc.o
        28         12          4          1          0       1833   colors.o
        32          8       4616         21          0       2276   font.o
       242          6          0          0          0       2380   hal.o
       140         24          0          0         84       1633   i2c.o
        16          0          0          0          0       7703   main.o
      1830        214          0         12      10328      13680   st7735.o
        64         26        236          0       4096        796   startup_stm32f103xb.o
       192         36          0          9          0     425681   stm32f1xx_hal.o
       304         22          0          0          0      29583   stm32f1xx_hal_cortex.o
       808         34          0          0          0       2724   stm32f1xx_hal_gpio.o
       380         18          0          0          0       1959   stm32f1xx_hal_i2c.o
        60          6          0          0          0        898   stm32f1xx_hal_msp.o
      2448          0          0          0          0      10121   stm32f1xx_hal_pcd.o
        62          0          0          0          0       1230   stm32f1xx_hal_pcd_ex.o
      1780         96          0          0          0       5513   stm32f1xx_hal_rcc.o
       300         12          0          0          0       1452   stm32f1xx_hal_rcc_ex.o
       136          0          0          0          0       1681   stm32f1xx_hal_spi.o
        48          6          0          0          0       4279   stm32f1xx_it.o
      2838          0          0          0          0      13683   stm32f1xx_ll_usb.o
       142          0          0          0          0       5096   string.o
        88         18         24          4          0       1195   system_stm32f1xx.o
       524         52          0         20          0       5084   text.o
        52          0          0          0          0       2234   timer.o
        76         16          0          0        548     377684   usb_device.o
       672         30          0        272          0      12308   usbd_cdc.o
       822         28          0          0       1664      14221   usbd_conf.o
       748          0          0          0          0      14331   usbd_core.o
      1584         30          0          1          0      15092   usbd_ctlreq.o
       386        122          0         78        512       6385   usbd_desc.o
       174          0          0          0          0       4620   usbd_ioreq.o

    ----------------------------------------------------------------------
     17130        832       4914        448      19232     989997   Object Totals
         0          0         32          0          0          0   (incl. Generated)
        18          0          2         14          0          0   (incl. Padding)

    ----------------------------------------------------------------------

      Code (inc. data)   RO Data    RW Data    ZI Data      Debug   Library Member Name

        90          0          0          0          0          0   __dczerorl2.o
         8          0          0          0          0         68   __main.o
       392          4         17          0          0         92   __printf_flags_ss_wp.o
        14          0          0          0          0         68   __printf_wp.o
         0          0          0          0          0          0   __rtentry.o
        12          0          0          0          0          0   __rtentry2.o
         6          0          0          0          0          0   __rtentry4.o
        52          8          0          0          0          0   __scatter.o
        28          0          0          0          0          0   __scatter_zi.o
         6          0          0          0          0          0   _printf_a.o
         6          0          0          0          0          0   _printf_c.o
        44          0          0          0          0        108   _printf_char.o
        48          6          0          0          0         96   _printf_char_common.o
        40          0          0          0          0         68   _printf_charcount.o
         6          0          0          0          0          0   _printf_d.o
       120         16          0          0          0         92   _printf_dec.o
         6          0          0          0          0          0   _printf_e.o
         6          0          0          0          0          0   _printf_f.o
      1054          0          0          0          0        216   _printf_fp_dec.o
       128         16          0          0          0         84   _printf_fp_infnan.o
         6          0          0          0          0          0   _printf_g.o
       148          4         40          0          0        160   _printf_hex_int_ll_ptr.o
         6          0          0          0          0          0   _printf_i.o
       178          0          0          0          0         88   _printf_intcommon.o
        10          0          0          0          0          0   _printf_l.o
         6          0          0          0          0          0   _printf_lc.o
        10          0          0          0          0          0   _printf_ll.o
         6          0          0          0          0          0   _printf_lld.o
         6          0          0          0          0          0   _printf_lli.o
         6          0          0          0          0          0   _printf_llo.o
         6          0          0          0          0          0   _printf_llu.o
         6          0          0          0          0          0   _printf_llx.o
       124         16          0          0          0         92   _printf_longlong_dec.o
         6          0          0          0          0          0   _printf_ls.o
         6          0          0          0          0          0   _printf_n.o
         6          0          0          0          0          0   _printf_o.o
       112         10          0          0          0        124   _printf_oct_int_ll.o
         6          0          0          0          0          0   _printf_p.o
        78          0          0          0          0        108   _printf_pad.o
         0          0          0          0          0          0   _printf_percent.o
         4          0          0          0          0          0   _printf_percent_end.o
         6          0          0          0          0          0   _printf_s.o
        82          0          0          0          0         80   _printf_str.o
        36          0          0          0          0         84   _printf_truncate.o
         6          0          0          0          0          0   _printf_u.o
        44          0          0          0          0        108   _printf_wchar.o
       188          6          8          0          0         92   _printf_wctomb.o
         6          0          0          0          0          0   _printf_x.o
        10          0          0          0          0         68   _sputc.o
        64          0          0          0          0         92   _wcrtomb.o
        16          0          0          0          0         68   aeabi_memset.o
       228          4        148          0          0         96   bigflt0.o
      1936        128          0          0          0        672   btod.o
        36          4          0          0          0         76   c89vsprintf.o
        18          0          0          0          0         80   exit.o
         6          0          0          0          0        152   heapauxi.o
         0          0          0          0          0          0   indicate_semi.o
        44         10        272          0          0         76   lc_ctype_c.o
        44         10         28          0          0         76   lc_numeric_c.o
         2          0          0          0          0          0   libinit.o
        30          0          0          0          0          0   libinit2.o
         2          0          0          0          0          0   libshutdown.o
         2          0          0          0          0          0   libshutdown2.o
         8          4          0          0         96         68   libspace.o
       138          0          0          0          0         80   lludiv10.o
        16          4          0          0          0         76   rt_ctype_table.o
         8          4          0          0          0         68   rt_locale_intlibspace.o
        68          0          0          0          0         68   rt_memclr.o
        78          0          0          0          0         80   rt_memclr_w.o
       100          0          0          0          0         80   rt_memcpy_w.o
         2          0          0          0          0          0   rtexit.o
        10          0          0          0          0          0   rtexit2.o
       128          0          0          0          0         68   strcmpv7m.o
        62          0          0          0          0         76   strlen.o
        12          4          0          0          0         68   sys_exit.o
        74          0          0          0          0         80   sys_stackheap_outer.o
         2          0          0          0          0         68   use_no_semi.o
         4          0          0          0          0         68   printf1.o
         0          0          0          0          0          0   usenofp.o
        40          0          0          0          0         68   fpclassify.o

    ----------------------------------------------------------------------
      6368        258        516          0         96       4300   Library Totals
        10          0          3          0          0          0   (incl. Padding)

    ----------------------------------------------------------------------

      Code (inc. data)   RO Data    RW Data    ZI Data      Debug   Library Name

      6314        258        513          0         96       4164   c_w.l
         4          0          0          0          0         68   fz_ws.l
        40          0          0          0          0         68   m_ws.l

    ----------------------------------------------------------------------
      6368        258        516          0         96       4300   Library Totals

    ----------------------------------------------------------------------

==============================================================================


      Code (inc. data)   RO Data    RW Data    ZI Data      Debug   

     23498       1090       5430        448      19328     982229   Grand Totals
     23498       1090       5430        228      19328     982229   ELF Image Totals (compressed)
     23498       1090       5430        228          0          0   ROM Totals

==============================================================================

    Total RO  Size (Code + RO Data)                28928 (  28.25kB)
    Total RW  Size (RW Data + ZI Data)             19776 (  19.31kB)
    Total ROM Size (Code + RO Data + RW Data)      29156 (  28.47kB)

==============================================================================

