<html>
<body>
<pre>
<h1>µVision Build Log</h1>
<h2>Tool Versions:</h2>
IDE-Version: µVision V5.36.0.0
Copyright (C) 2021 ARM Ltd and ARM Germany GmbH. All rights reserved.
License Information: Sasha Shevchenko, MNIPI, LIC=EXJT4-FFMD0-639MB-2M7DD-D6AJG-NAQ7M
 
Tool Versions:
Toolchain:       MDK-ARM Plus  Version: 5.36.0.0
Toolchain Path:  C:\Keil_v5\ARM\ARMCC\Bin
C Compiler:      Armcc.exe V5.06 update 7 (build 960)
Assembler:       Armasm.exe V5.06 update 7 (build 960)
Linker/Locator:  ArmLink.exe V5.06 update 7 (build 960)
Library Manager: ArmAr.exe V5.06 update 7 (build 960)
Hex Converter:   FromElf.exe V5.06 update 7 (build 960)
CPU DLL:         SARMCM3.DLL V5.36.0.0
Dialog DLL:      DCM.DLL V1.17.3.0
Target DLL:      STLink\ST-LINKIII-KEIL_SWO.dll V3.0.5.0
Dialog DLL:      TCM.DLL V1.53.0.0
 
<h2>Project:</h2>
C:\Projects\RES-Network\sources\Device\Device.uvprojx
Project File Date:  04/19/2022

<h2>Output:</h2>
*** Using Compiler 'V5.06 update 7 (build 960)', folder: 'C:\Keil_v5\ARM\ARMCC\Bin'
Build Project 'Device' - Target 'Debug'
compiling stm32f1xx_hal.c...
compiling stm32f1xx_hal_gpio.c...
compiling stm32f1xx_hal_rcc.c...
compiling stm32f1xx_hal_pcd.c...
compiling stm32f1xx_hal_rcc_ex.c...
compiling stm32f1xx_hal_cortex.c...
compiling stm32f1xx_ll_usb.c...
compiling stm32f1xx_hal_dma.c...
compiling stm32f1xx_hal_i2c.c...
compiling stm32f1xx_hal_uart.c...
compiling stm32f1xx_hal_pcd_ex.c...
compiling Log.cpp...
assembling startup_stm32f103xb.s...
compiling main.cpp...
compiling stm32f1xx_hal_spi.c...
compiling usbd_core.c...
compiling system_stm32f1xx.c...
compiling usbd_ioreq.c...
compiling usbd_ctlreq.c...
compiling usbd_cdc.c...
compiling usb_device.c...
compiling usbd_desc.c...
compiling CDC.cpp...
compiling usbd_conf.c...
compiling stm32f1xx_hal_msp.c...
compiling stm32f1xx_it.c...
compiling i2c.c...
compiling HAL.cpp...
compiling BME280.cpp...
compiling bme280_driver.c...
compiling HC12.cpp...
compiling CG-Anem.cpp...
compiling Colors.cpp...
compiling BH1750.cpp...
compiling Font.cpp...
compiling ST7735.cpp...
compiling String.cpp...
compiling Text.cpp...
compiling Timer.cpp...
linking...
Program Size: Code=23498 RO-data=5430 RW-data=448 ZI-data=19328  
FromELF: creating hex file...
".\Objects-Debug\Device.axf" - 0 Error(s), 0 Warning(s).

<h2>Software Packages used:</h2>

Package Vendor: Keil
                http://www.keil.com/pack/Keil.STM32F1xx_DFP.2.3.0.pack
                Keil.STM32F1xx_DFP.2.3.0
                STMicroelectronics STM32F1 Series Device Support, Drivers and Examples

<h2>Collection of Component include folders:</h2>
  C:\Users\user\AppData\Local\Arm\Packs\Keil\STM32F1xx_DFP\2.3.0\Device\Include

<h2>Collection of Component Files used:</h2>
Build Time Elapsed:  00:00:05
</pre>
</body>
</html>
