<!doctype html public "-//w3c//dtd html 4.0 transitional//en">
<html><head>
<title>Static Call Graph - [.\Objects\GTC-3.axf]</title></head>
<body><HR>
<H1>Static Call Graph for image .\Objects\GTC-3.axf</H1><HR>
<BR><P>#&#060CALLGRAPH&#062# ARM Linker, 5060960: Last Updated: Mon Aug 07 09:26:15 2023
<BR><P>
<H3>Maximum Stack Usage =          0 bytes + Unknown(Cycles, Untraceable Function Pointers)</H3><H3>
Call chain for Maximum Stack Depth:</H3>

<P>
<H3>
Mutually Recursive functions
</H3> <LI><a href="#[52]">CAN1_RX1_IRQHandler</a>&nbsp;&nbsp;&nbsp;&rArr;&nbsp;&nbsp;&nbsp;<a href="#[52]">CAN1_RX1_IRQHandler</a><BR>
 <LI><a href="#[37]">BusFault_Handler</a>&nbsp;&nbsp;&nbsp;&rArr;&nbsp;&nbsp;&nbsp;<a href="#[37]">BusFault_Handler</a><BR>
 <LI><a href="#[35]">HardFault_Handler</a>&nbsp;&nbsp;&nbsp;&rArr;&nbsp;&nbsp;&nbsp;<a href="#[35]">HardFault_Handler</a><BR>
 <LI><a href="#[36]">MemManage_Handler</a>&nbsp;&nbsp;&nbsp;&rArr;&nbsp;&nbsp;&nbsp;<a href="#[36]">MemManage_Handler</a><BR>
 <LI><a href="#[38]">UsageFault_Handler</a>&nbsp;&nbsp;&nbsp;&rArr;&nbsp;&nbsp;&nbsp;<a href="#[38]">UsageFault_Handler</a><BR>
</UL>
<P>
<H3>
Function Pointers
</H3><UL>
 <LI><a href="#[4f]">ADC1_2_IRQHandler</a> from hal_it.o(i.ADC1_2_IRQHandler) referenced from startup_stm32f103xb.o(RESET)
 <LI><a href="#[37]">BusFault_Handler</a> from hal_it.o(i.BusFault_Handler) referenced from startup_stm32f103xb.o(RESET)
 <LI><a href="#[52]">CAN1_RX1_IRQHandler</a> from startup_stm32f103xb.o(.text) referenced from startup_stm32f103xb.o(RESET)
 <LI><a href="#[53]">CAN1_SCE_IRQHandler</a> from startup_stm32f103xb.o(.text) referenced from startup_stm32f103xb.o(RESET)
 <LI><a href="#[48]">DMA1_Channel1_IRQHandler</a> from startup_stm32f103xb.o(.text) referenced from startup_stm32f103xb.o(RESET)
 <LI><a href="#[49]">DMA1_Channel2_IRQHandler</a> from startup_stm32f103xb.o(.text) referenced from startup_stm32f103xb.o(RESET)
 <LI><a href="#[4a]">DMA1_Channel3_IRQHandler</a> from startup_stm32f103xb.o(.text) referenced from startup_stm32f103xb.o(RESET)
 <LI><a href="#[4b]">DMA1_Channel4_IRQHandler</a> from startup_stm32f103xb.o(.text) referenced from startup_stm32f103xb.o(RESET)
 <LI><a href="#[4c]">DMA1_Channel5_IRQHandler</a> from startup_stm32f103xb.o(.text) referenced from startup_stm32f103xb.o(RESET)
 <LI><a href="#[4d]">DMA1_Channel6_IRQHandler</a> from startup_stm32f103xb.o(.text) referenced from startup_stm32f103xb.o(RESET)
 <LI><a href="#[4e]">DMA1_Channel7_IRQHandler</a> from startup_stm32f103xb.o(.text) referenced from startup_stm32f103xb.o(RESET)
 <LI><a href="#[3a]">DebugMon_Handler</a> from hal_it.o(i.DebugMon_Handler) referenced from startup_stm32f103xb.o(RESET)
 <LI><a href="#[43]">EXTI0_IRQHandler</a> from startup_stm32f103xb.o(.text) referenced from startup_stm32f103xb.o(RESET)
 <LI><a href="#[65]">EXTI15_10_IRQHandler</a> from startup_stm32f103xb.o(.text) referenced from startup_stm32f103xb.o(RESET)
 <LI><a href="#[44]">EXTI1_IRQHandler</a> from startup_stm32f103xb.o(.text) referenced from startup_stm32f103xb.o(RESET)
 <LI><a href="#[45]">EXTI2_IRQHandler</a> from startup_stm32f103xb.o(.text) referenced from startup_stm32f103xb.o(RESET)
 <LI><a href="#[46]">EXTI3_IRQHandler</a> from startup_stm32f103xb.o(.text) referenced from startup_stm32f103xb.o(RESET)
 <LI><a href="#[47]">EXTI4_IRQHandler</a> from startup_stm32f103xb.o(.text) referenced from startup_stm32f103xb.o(RESET)
 <LI><a href="#[54]">EXTI9_5_IRQHandler</a> from startup_stm32f103xb.o(.text) referenced from startup_stm32f103xb.o(RESET)
 <LI><a href="#[41]">FLASH_IRQHandler</a> from startup_stm32f103xb.o(.text) referenced from startup_stm32f103xb.o(RESET)
 <LI><a href="#[70]">HAL_Delay</a> from stm32f1xx_hal.o(i.HAL_Delay) referenced from bme280.o(i._ZN6BME2804InitEv)
 <LI><a href="#[35]">HardFault_Handler</a> from hal_it.o(i.HardFault_Handler) referenced from startup_stm32f103xb.o(RESET)
 <LI><a href="#[5d]">I2C1_ER_IRQHandler</a> from startup_stm32f103xb.o(.text) referenced from startup_stm32f103xb.o(RESET)
 <LI><a href="#[5c]">I2C1_EV_IRQHandler</a> from startup_stm32f103xb.o(.text) referenced from startup_stm32f103xb.o(RESET)
 <LI><a href="#[5f]">I2C2_ER_IRQHandler</a> from startup_stm32f103xb.o(.text) referenced from startup_stm32f103xb.o(RESET)
 <LI><a href="#[5e]">I2C2_EV_IRQHandler</a> from startup_stm32f103xb.o(.text) referenced from startup_stm32f103xb.o(RESET)
 <LI><a href="#[36]">MemManage_Handler</a> from hal_it.o(i.MemManage_Handler) referenced from startup_stm32f103xb.o(RESET)
 <LI><a href="#[34]">NMI_Handler</a> from hal_it.o(i.NMI_Handler) referenced from startup_stm32f103xb.o(RESET)
 <LI><a href="#[3e]">PVD_IRQHandler</a> from startup_stm32f103xb.o(.text) referenced from startup_stm32f103xb.o(RESET)
 <LI><a href="#[3b]">PendSV_Handler</a> from hal_it.o(i.PendSV_Handler) referenced from startup_stm32f103xb.o(RESET)
 <LI><a href="#[42]">RCC_IRQHandler</a> from startup_stm32f103xb.o(.text) referenced from startup_stm32f103xb.o(RESET)
 <LI><a href="#[66]">RTC_Alarm_IRQHandler</a> from startup_stm32f103xb.o(.text) referenced from startup_stm32f103xb.o(RESET)
 <LI><a href="#[40]">RTC_IRQHandler</a> from startup_stm32f103xb.o(.text) referenced from startup_stm32f103xb.o(RESET)
 <LI><a href="#[33]">Reset_Handler</a> from startup_stm32f103xb.o(.text) referenced from startup_stm32f103xb.o(RESET)
 <LI><a href="#[60]">SPI1_IRQHandler</a> from startup_stm32f103xb.o(.text) referenced from startup_stm32f103xb.o(RESET)
 <LI><a href="#[61]">SPI2_IRQHandler</a> from startup_stm32f103xb.o(.text) referenced from startup_stm32f103xb.o(RESET)
 <LI><a href="#[39]">SVC_Handler</a> from hal_it.o(i.SVC_Handler) referenced from startup_stm32f103xb.o(RESET)
 <LI><a href="#[3c]">SysTick_Handler</a> from hal_it.o(i.SysTick_Handler) referenced from startup_stm32f103xb.o(RESET)
 <LI><a href="#[68]">SystemInit</a> from system_stm32f1xx.o(i.SystemInit) referenced from startup_stm32f103xb.o(.text)
 <LI><a href="#[3f]">TAMPER_IRQHandler</a> from startup_stm32f103xb.o(.text) referenced from startup_stm32f103xb.o(RESET)
 <LI><a href="#[55]">TIM1_BRK_IRQHandler</a> from startup_stm32f103xb.o(.text) referenced from startup_stm32f103xb.o(RESET)
 <LI><a href="#[58]">TIM1_CC_IRQHandler</a> from startup_stm32f103xb.o(.text) referenced from startup_stm32f103xb.o(RESET)
 <LI><a href="#[57]">TIM1_TRG_COM_IRQHandler</a> from startup_stm32f103xb.o(.text) referenced from startup_stm32f103xb.o(RESET)
 <LI><a href="#[56]">TIM1_UP_IRQHandler</a> from startup_stm32f103xb.o(.text) referenced from startup_stm32f103xb.o(RESET)
 <LI><a href="#[59]">TIM2_IRQHandler</a> from startup_stm32f103xb.o(.text) referenced from startup_stm32f103xb.o(RESET)
 <LI><a href="#[5a]">TIM3_IRQHandler</a> from hal_it.o(i.TIM3_IRQHandler) referenced from startup_stm32f103xb.o(RESET)
 <LI><a href="#[5b]">TIM4_IRQHandler</a> from startup_stm32f103xb.o(.text) referenced from startup_stm32f103xb.o(RESET)
 <LI><a href="#[62]">USART1_IRQHandler</a> from hal_it.o(i.USART1_IRQHandler) referenced from startup_stm32f103xb.o(RESET)
 <LI><a href="#[63]">USART2_IRQHandler</a> from startup_stm32f103xb.o(.text) referenced from startup_stm32f103xb.o(RESET)
 <LI><a href="#[64]">USART3_IRQHandler</a> from startup_stm32f103xb.o(.text) referenced from startup_stm32f103xb.o(RESET)
 <LI><a href="#[67]">USBWakeUp_IRQHandler</a> from startup_stm32f103xb.o(.text) referenced from startup_stm32f103xb.o(RESET)
 <LI><a href="#[50]">USB_HP_CAN1_TX_IRQHandler</a> from startup_stm32f103xb.o(.text) referenced from startup_stm32f103xb.o(RESET)
 <LI><a href="#[51]">USB_LP_CAN1_RX0_IRQHandler</a> from hal_it.o(i.USB_LP_CAN1_RX0_IRQHandler) referenced from startup_stm32f103xb.o(RESET)
 <LI><a href="#[38]">UsageFault_Handler</a> from hal_it.o(i.UsageFault_Handler) referenced from startup_stm32f103xb.o(RESET)
 <LI><a href="#[3d]">WWDG_IRQHandler</a> from startup_stm32f103xb.o(.text) referenced from startup_stm32f103xb.o(RESET)
 <LI><a href="#[15]">CDC_Init_FS()</a> from cdc.o(i._Z11CDC_Init_FSv) referenced 2 times from cdc.o(.data)
 <LI><a href="#[16]">CDC_DeInit_FS()</a> from cdc.o(i._Z13CDC_DeInit_FSv) referenced 2 times from cdc.o(.data)
 <LI><a href="#[73]">CloseMainPage(bool)</a> from pages.o(i._Z13CloseMainPageb) referenced from pages.o(.constdata)
 <LI><a href="#[32]">CloseMeasures(bool)</a> from pagemeasures.o(i._Z13CloseMeasuresb) referenced 2 times from pagemeasures.o(.data)
 <LI><a href="#[24]">ClosePageHC12(bool)</a> from pagehc12.o(i._Z13ClosePageHC12b) referenced 2 times from pagehc12.o(.data)
 <LI><a href="#[19]">USBD_CDC_Init(_USBD_HandleTypeDef*, unsigned char)</a> from usbd_cdc.o(i._Z13USBD_CDC_InitP19_USBD_HandleTypeDefh) referenced 2 times from usbd_cdc.o(.data)
 <LI><a href="#[17]">CDC_Control_FS(unsigned char, unsigned char*, unsigned short)</a> from cdc.o(i._Z14CDC_Control_FShPht) referenced 2 times from cdc.o(.data)
 <LI><a href="#[18]">CDC_Receive_FS(unsigned char*, unsigned*)</a> from cdc.o(i._Z14CDC_Receive_FSPhPj) referenced 2 times from cdc.o(.data)
 <LI><a href="#[31]">FixateMeasures(bool)</a> from pagemeasures.o(i._Z14FixateMeasuresb) referenced 2 times from pagemeasures.o(.data)
 <LI><a href="#[26]">OnDraw_Battery(int, int)</a> from pagesystem.o(i._Z14OnDraw_Batteryii) referenced 2 times from pagesystem.o(.data)
 <LI><a href="#[1b]">USBD_CDC_Setup(_USBD_HandleTypeDef*, usb_setup_req*)</a> from usbd_cdc.o(i._Z14USBD_CDC_SetupP19_USBD_HandleTypeDefP13usb_setup_req) referenced 2 times from usbd_cdc.o(.data)
 <LI><a href="#[27]">Before_OpenTime(bool)</a> from pagesystem.o(i._Z15Before_OpenTimeb) referenced 2 times from pagesystem.o(.data)
 <LI><a href="#[28]">ClosePageSystem(bool)</a> from pagesystem.o(i._Z15ClosePageSystemb) referenced 2 times from pagesystem.o(.data)
 <LI><a href="#[25]">OnClose_Battery(bool)</a> from pagesystem.o(i._Z15OnClose_Batteryb) referenced 2 times from pagesystem.o(.data)
 <LI><a href="#[1d]">USBD_CDC_DataIn(_USBD_HandleTypeDef*, unsigned char)</a> from usbd_cdc.o(i._Z15USBD_CDC_DataInP19_USBD_HandleTypeDefh) referenced 2 times from usbd_cdc.o(.data)
 <LI><a href="#[1a]">USBD_CDC_DeInit(_USBD_HandleTypeDef*, unsigned char)</a> from usbd_cdc.o(i._Z15USBD_CDC_DeInitP19_USBD_HandleTypeDefh) referenced 2 times from usbd_cdc.o(.data)
 <LI><a href="#[23]">ClosePageDisplay(bool)</a> from pagedisplay.o(i._Z16ClosePageDisplayb) referenced 2 times from pagedisplay.o(.data)
 <LI><a href="#[1e]">USBD_CDC_DataOut(_USBD_HandleTypeDef*, unsigned char)</a> from usbd_cdc.o(i._Z16USBD_CDC_DataOutP19_USBD_HandleTypeDefh) referenced 2 times from usbd_cdc.o(.data)
 <LI><a href="#[2f]">ClosePageDewPoint(bool)</a> from pagemeasures.o(i._Z17ClosePageDewPointb) referenced 2 times from pagemeasures.o(.data)
 <LI><a href="#[2d]">ClosePageHumidity(bool)</a> from pagemeasures.o(i._Z17ClosePageHumidityb) referenced 2 times from pagemeasures.o(.data)
 <LI><a href="#[2b]">ClosePagePressure(bool)</a> from pagemeasures.o(i._Z17ClosePagePressureb) referenced 2 times from pagemeasures.o(.data)
 <LI><a href="#[29]">ClosePageTemperature(bool)</a> from pagemeasures.o(i._Z20ClosePageTemperatureb) referenced 2 times from pagemeasures.o(.data)
 <LI><a href="#[74]">OnOpenClose_MainPage(bool)</a> from pages.o(i._Z20OnOpenClose_MainPageb) referenced from pages.o(.constdata)
 <LI><a href="#[6d]">UART_DMAAbortOnError(__DMA_HandleTypeDef*)</a> from stm32f1xx_hal_uart.o(i._Z20UART_DMAAbortOnErrorP19__DMA_HandleTypeDef) referenced from stm32f1xx_hal_uart.o(i.HAL_UART_IRQHandler)
 <LI><a href="#[1c]">USBD_CDC_EP0_RxReady(_USBD_HandleTypeDef*)</a> from usbd_cdc.o(i._Z20USBD_CDC_EP0_RxReadyP19_USBD_HandleTypeDef) referenced 2 times from usbd_cdc.o(.data)
 <LI><a href="#[30]">OnPress_ResetDewPoint(bool)</a> from pagemeasures.o(i._Z21OnPress_ResetDewPointb) referenced 2 times from pagemeasures.o(.data)
 <LI><a href="#[2e]">OnPress_ResetHumidity(bool)</a> from pagemeasures.o(i._Z21OnPress_ResetHumidityb) referenced 2 times from pagemeasures.o(.data)
 <LI><a href="#[2c]">OnPress_ResetPressure(bool)</a> from pagemeasures.o(i._Z21OnPress_ResetPressureb) referenced 2 times from pagemeasures.o(.data)
 <LI><a href="#[20]">USBD_CDC_GetFSCfgDesc(unsigned short*)</a> from usbd_cdc.o(i._Z21USBD_CDC_GetFSCfgDescPt) referenced 2 times from usbd_cdc.o(.data)
 <LI><a href="#[1f]">USBD_CDC_GetHSCfgDesc(unsigned short*)</a> from usbd_cdc.o(i._Z21USBD_CDC_GetHSCfgDescPt) referenced 2 times from usbd_cdc.o(.data)
 <LI><a href="#[2a]">OnPress_ResetTemperature(bool)</a> from pagemeasures.o(i._Z24OnPress_ResetTemperatureb) referenced 2 times from pagemeasures.o(.data)
 <LI><a href="#[e]">USBD_FS_DeviceDescriptor(USBD_SpeedTypeDef, unsigned short*)</a> from usbd_desc.o(i._Z24USBD_FS_DeviceDescriptor17USBD_SpeedTypeDefPt) referenced 2 times from usbd_desc.o(.data)
 <LI><a href="#[13]">USBD_FS_ConfigStrDescriptor(USBD_SpeedTypeDef, unsigned short*)</a> from usbd_desc.o(i._Z27USBD_FS_ConfigStrDescriptor17USBD_SpeedTypeDefPt) referenced 2 times from usbd_desc.o(.data)
 <LI><a href="#[f]">USBD_FS_LangIDStrDescriptor(USBD_SpeedTypeDef, unsigned short*)</a> from usbd_desc.o(i._Z27USBD_FS_LangIDStrDescriptor17USBD_SpeedTypeDefPt) referenced 2 times from usbd_desc.o(.data)
 <LI><a href="#[12]">USBD_FS_SerialStrDescriptor(USBD_SpeedTypeDef, unsigned short*)</a> from usbd_desc.o(i._Z27USBD_FS_SerialStrDescriptor17USBD_SpeedTypeDefPt) referenced 2 times from usbd_desc.o(.data)
 <LI><a href="#[11]">USBD_FS_ProductStrDescriptor(USBD_SpeedTypeDef, unsigned short*)</a> from usbd_desc.o(i._Z28USBD_FS_ProductStrDescriptor17USBD_SpeedTypeDefPt) referenced 2 times from usbd_desc.o(.data)
 <LI><a href="#[21]">USBD_CDC_GetOtherSpeedCfgDesc(unsigned short*)</a> from usbd_cdc.o(i._Z29USBD_CDC_GetOtherSpeedCfgDescPt) referenced 2 times from usbd_cdc.o(.data)
 <LI><a href="#[14]">USBD_FS_InterfaceStrDescriptor(USBD_SpeedTypeDef, unsigned short*)</a> from usbd_desc.o(i._Z30USBD_FS_InterfaceStrDescriptor17USBD_SpeedTypeDefPt) referenced 2 times from usbd_desc.o(.data)
 <LI><a href="#[10]">USBD_FS_ManufacturerStrDescriptor(USBD_SpeedTypeDef, unsigned short*)</a> from usbd_desc.o(i._Z33USBD_FS_ManufacturerStrDescriptor17USBD_SpeedTypeDefPt) referenced 2 times from usbd_desc.o(.data)
 <LI><a href="#[22]">USBD_CDC_GetDeviceQualifierDescriptor(unsigned short*)</a> from usbd_cdc.o(i._Z37USBD_CDC_GetDeviceQualifierDescriptorPt) referenced 2 times from usbd_cdc.o(.data)
 <LI><a href="#[72]">Item::~Item()</a> from menuitems.o(i._ZN4ItemD1Ev) referenced from menuitems.o(.constdata__ZTV4Item)
 <LI><a href="#[72]">Item::~Item()</a> from menuitems.o(i._ZN4ItemD1Ev) referenced from menuitems.o(i.__sti___13_MenuItems_cpp_a3e76341)
 <LI><a href="#[71]">ZoneFPS::~ZoneFPS()</a> from display.o(i._ZN7ZoneFPSD1Ev) referenced from zones.o(.constdata__ZTV7ZoneFPS)
 <LI><a href="#[71]">ZoneFPS::~ZoneFPS()</a> from display.o(i._ZN7ZoneFPSD1Ev) referenced from display.o(i.__sti___11_Display_cpp_238b98d4)
 <LI><a href="#[6e]">HAL_I2C1::Read(unsigned char, unsigned char, unsigned char*, unsigned short)</a> from hal_i2c.o(i._ZN8HAL_I2C14ReadEhhPht) referenced from bme280.o(i._ZN6BME2804InitEv)
 <LI><a href="#[6f]">HAL_I2C1::Write(unsigned char, unsigned char, unsigned char*, unsigned short)</a> from hal_i2c.o(i._ZN8HAL_I2C15WriteEhhPht) referenced from bme280.o(i._ZN6BME2804InitEv)
 <LI><a href="#[7f]">__main</a> from __main.o(!!!main) referenced from startup_stm32f103xb.o(.text)
 <LI><a href="#[75]">__sti___11_Display_cpp_238b98d4</a> from display.o(i.__sti___11_Display_cpp_238b98d4) referenced from display.o(.init_array)
 <LI><a href="#[76]">__sti___12_Keyboard_cpp_key1</a> from keyboard.o(i.__sti___12_Keyboard_cpp_key1) referenced from keyboard.o(.init_array)
 <LI><a href="#[7a]">__sti___12_PageHC12_cpp_bcd072d0</a> from pagehc12.o(i.__sti___12_PageHC12_cpp_bcd072d0) referenced from pagehc12.o(.init_array)
 <LI><a href="#[7e]">__sti___12_Settings_cpp_gset</a> from settings.o(i.__sti___12_Settings_cpp_gset) referenced from settings.o(.init_array)
 <LI><a href="#[78]">__sti___13_MenuItems_cpp_a3e76341</a> from menuitems.o(i.__sti___13_MenuItems_cpp_a3e76341) referenced from menuitems.o(.init_array)
 <LI><a href="#[7c]">__sti___14_PageSystem_cpp_09ff3017</a> from pagesystem.o(i.__sti___14_PageSystem_cpp_09ff3017) referenced from pagesystem.o(.init_array)
 <LI><a href="#[79]">__sti___15_PageDisplay_cpp_868e8b3c</a> from pagedisplay.o(i.__sti___15_PageDisplay_cpp_868e8b3c) referenced from pagedisplay.o(.init_array)
 <LI><a href="#[7d]">__sti___16_PageMeasures_cpp_158d5ec3</a> from pagemeasures.o(i.__sti___16_PageMeasures_cpp_158d5ec3) referenced from pagemeasures.o(.init_array)
 <LI><a href="#[77]">__sti___8_HC12_cpp_2b370480</a> from hc12.o(i.__sti___8_HC12_cpp_2b370480) referenced from hc12.o(.init_array)
 <LI><a href="#[7b]">__sti___9_Pages_cpp_pageMain</a> from pages.o(i.__sti___9_Pages_cpp_pageMain) referenced from pages.o(.init_array)
 <LI><a href="#[6c]">_get_lc_ctype</a> from lc_ctype_c.o(locale$$code) referenced from rt_ctype_table.o(.text)
 <LI><a href="#[6b]">_printf_input_char</a> from _printf_char_common.o(.text) referenced from _printf_char_common.o(.text)
 <LI><a href="#[6a]">_sputc</a> from _sputc.o(.text) referenced from c89vsprintf.o(.text)
</UL>
<P>
<H3>
Global Symbols
</H3>
<P><STRONG><a name="[7f]"></a>__main</STRONG> (Thumb, 8 bytes, Stack size 0 bytes, __main.o(!!!main))
<BR><BR>[Calls]<UL><LI><a href="#[82]">&gt;&gt;</a>&nbsp;&nbsp;&nbsp;__rt_entry
<LI><a href="#[81]">&gt;&gt;</a>&nbsp;&nbsp;&nbsp;__scatterload
</UL>

<P><STRONG><a name="[81]"></a>__scatterload</STRONG> (Thumb, 0 bytes, Stack size 0 bytes, __scatter.o(!!!scatter))
<BR><BR>[Called By]<UL><LI><a href="#[7f]">&gt;&gt;</a>&nbsp;&nbsp;&nbsp;__main
</UL>

<P><STRONG><a name="[83]"></a>__scatterload_rt2</STRONG> (Thumb, 44 bytes, Stack size 0 bytes, __scatter.o(!!!scatter), UNUSED)
<BR><BR>[Calls]<UL><LI><a href="#[82]">&gt;&gt;</a>&nbsp;&nbsp;&nbsp;__rt_entry
</UL>

<P><STRONG><a name="[84]"></a>_printf_n</STRONG> (Thumb, 0 bytes, Stack size 0 bytes, _printf_n.o(.ARM.Collect$$_printf_percent$$00000001))
<BR><BR>[Calls]<UL><LI><a href="#[85]">&gt;&gt;</a>&nbsp;&nbsp;&nbsp;_printf_charcount
</UL>

<P><STRONG><a name="[c9]"></a>_printf_percent</STRONG> (Thumb, 0 bytes, Stack size 0 bytes, _printf_percent.o(.ARM.Collect$$_printf_percent$$00000000))
<BR><BR>[Called By]<UL><LI><a href="#[c7]">&gt;&gt;</a>&nbsp;&nbsp;&nbsp;__printf
</UL>

<P><STRONG><a name="[86]"></a>_printf_p</STRONG> (Thumb, 0 bytes, Stack size 0 bytes, _printf_p.o(.ARM.Collect$$_printf_percent$$00000002))
<BR><BR>[Calls]<UL><LI><a href="#[87]">&gt;&gt;</a>&nbsp;&nbsp;&nbsp;_printf_hex_ptr
</UL>

<P><STRONG><a name="[88]"></a>_printf_f</STRONG> (Thumb, 0 bytes, Stack size 0 bytes, _printf_f.o(.ARM.Collect$$_printf_percent$$00000003))
<BR><BR>[Calls]<UL><LI><a href="#[89]">&gt;&gt;</a>&nbsp;&nbsp;&nbsp;_printf_fp_dec
</UL>

<P><STRONG><a name="[8a]"></a>_printf_e</STRONG> (Thumb, 0 bytes, Stack size 0 bytes, _printf_e.o(.ARM.Collect$$_printf_percent$$00000004))
<BR><BR>[Calls]<UL><LI><a href="#[89]">&gt;&gt;</a>&nbsp;&nbsp;&nbsp;_printf_fp_dec
</UL>

<P><STRONG><a name="[8b]"></a>_printf_g</STRONG> (Thumb, 0 bytes, Stack size 0 bytes, _printf_g.o(.ARM.Collect$$_printf_percent$$00000005))
<BR><BR>[Calls]<UL><LI><a href="#[89]">&gt;&gt;</a>&nbsp;&nbsp;&nbsp;_printf_fp_dec
</UL>

<P><STRONG><a name="[8c]"></a>_printf_i</STRONG> (Thumb, 0 bytes, Stack size 0 bytes, _printf_i.o(.ARM.Collect$$_printf_percent$$00000008))
<BR><BR>[Calls]<UL><LI><a href="#[8d]">&gt;&gt;</a>&nbsp;&nbsp;&nbsp;_printf_int_dec
</UL>

<P><STRONG><a name="[8e]"></a>_printf_d</STRONG> (Thumb, 0 bytes, Stack size 0 bytes, _printf_d.o(.ARM.Collect$$_printf_percent$$00000009))
<BR><BR>[Calls]<UL><LI><a href="#[8d]">&gt;&gt;</a>&nbsp;&nbsp;&nbsp;_printf_int_dec
</UL>

<P><STRONG><a name="[8f]"></a>_printf_u</STRONG> (Thumb, 0 bytes, Stack size 0 bytes, _printf_u.o(.ARM.Collect$$_printf_percent$$0000000A))
<BR><BR>[Calls]<UL><LI><a href="#[8d]">&gt;&gt;</a>&nbsp;&nbsp;&nbsp;_printf_int_dec
</UL>

<P><STRONG><a name="[90]"></a>_printf_o</STRONG> (Thumb, 0 bytes, Stack size 0 bytes, _printf_o.o(.ARM.Collect$$_printf_percent$$0000000B))
<BR><BR>[Calls]<UL><LI><a href="#[91]">&gt;&gt;</a>&nbsp;&nbsp;&nbsp;_printf_int_oct
</UL>

<P><STRONG><a name="[92]"></a>_printf_x</STRONG> (Thumb, 0 bytes, Stack size 0 bytes, _printf_x.o(.ARM.Collect$$_printf_percent$$0000000C))
<BR><BR>[Calls]<UL><LI><a href="#[93]">&gt;&gt;</a>&nbsp;&nbsp;&nbsp;_printf_int_hex
</UL>

<P><STRONG><a name="[94]"></a>_printf_lli</STRONG> (Thumb, 0 bytes, Stack size 0 bytes, _printf_lli.o(.ARM.Collect$$_printf_percent$$0000000D))
<BR><BR>[Calls]<UL><LI><a href="#[95]">&gt;&gt;</a>&nbsp;&nbsp;&nbsp;_printf_longlong_dec
</UL>

<P><STRONG><a name="[96]"></a>_printf_lld</STRONG> (Thumb, 0 bytes, Stack size 0 bytes, _printf_lld.o(.ARM.Collect$$_printf_percent$$0000000E))
<BR><BR>[Calls]<UL><LI><a href="#[95]">&gt;&gt;</a>&nbsp;&nbsp;&nbsp;_printf_longlong_dec
</UL>

<P><STRONG><a name="[97]"></a>_printf_llu</STRONG> (Thumb, 0 bytes, Stack size 0 bytes, _printf_llu.o(.ARM.Collect$$_printf_percent$$0000000F))
<BR><BR>[Calls]<UL><LI><a href="#[95]">&gt;&gt;</a>&nbsp;&nbsp;&nbsp;_printf_longlong_dec
</UL>

<P><STRONG><a name="[98]"></a>_printf_llo</STRONG> (Thumb, 0 bytes, Stack size 0 bytes, _printf_llo.o(.ARM.Collect$$_printf_percent$$00000010))
<BR><BR>[Calls]<UL><LI><a href="#[99]">&gt;&gt;</a>&nbsp;&nbsp;&nbsp;_printf_ll_oct
</UL>

<P><STRONG><a name="[9a]"></a>_printf_llx</STRONG> (Thumb, 0 bytes, Stack size 0 bytes, _printf_llx.o(.ARM.Collect$$_printf_percent$$00000011))
<BR><BR>[Calls]<UL><LI><a href="#[9b]">&gt;&gt;</a>&nbsp;&nbsp;&nbsp;_printf_ll_hex
</UL>

<P><STRONG><a name="[9c]"></a>_printf_c</STRONG> (Thumb, 0 bytes, Stack size 0 bytes, _printf_c.o(.ARM.Collect$$_printf_percent$$00000013))
<BR><BR>[Calls]<UL><LI><a href="#[9d]">&gt;&gt;</a>&nbsp;&nbsp;&nbsp;_printf_char
</UL>

<P><STRONG><a name="[9e]"></a>_printf_s</STRONG> (Thumb, 0 bytes, Stack size 0 bytes, _printf_s.o(.ARM.Collect$$_printf_percent$$00000014))
<BR><BR>[Calls]<UL><LI><a href="#[9f]">&gt;&gt;</a>&nbsp;&nbsp;&nbsp;_printf_string
</UL>

<P><STRONG><a name="[a0]"></a>_printf_lc</STRONG> (Thumb, 0 bytes, Stack size 0 bytes, _printf_lc.o(.ARM.Collect$$_printf_percent$$00000015))
<BR><BR>[Calls]<UL><LI><a href="#[a1]">&gt;&gt;</a>&nbsp;&nbsp;&nbsp;_printf_wchar
</UL>

<P><STRONG><a name="[a2]"></a>_printf_ls</STRONG> (Thumb, 0 bytes, Stack size 0 bytes, _printf_ls.o(.ARM.Collect$$_printf_percent$$00000016))
<BR><BR>[Calls]<UL><LI><a href="#[a3]">&gt;&gt;</a>&nbsp;&nbsp;&nbsp;_printf_wstring
</UL>

<P><STRONG><a name="[b3]"></a>__rt_lib_init</STRONG> (Thumb, 0 bytes, Stack size 0 bytes, libinit.o(.ARM.Collect$$libinit$$00000000))
<BR><BR>[Called By]<UL><LI><a href="#[b2]">&gt;&gt;</a>&nbsp;&nbsp;&nbsp;__rt_entry_li
</UL>

<P><STRONG><a name="[a4]"></a>__rt_lib_init_heap_2</STRONG> (Thumb, 0 bytes, Stack size 0 bytes, libinit2.o(.ARM.Collect$$libinit$$00000005))
<BR><BR>[Calls]<UL><LI><a href="#[a5]">&gt;&gt;</a>&nbsp;&nbsp;&nbsp;_init_alloc
</UL>

<P><STRONG><a name="[a6]"></a>__rt_lib_init_rand_2</STRONG> (Thumb, 0 bytes, Stack size 0 bytes, libinit2.o(.ARM.Collect$$libinit$$0000000D))
<BR><BR>[Calls]<UL><LI><a href="#[a7]">&gt;&gt;</a>&nbsp;&nbsp;&nbsp;_rand_init
</UL>

<P><STRONG><a name="[a8]"></a>__rt_lib_init_lc_common</STRONG> (Thumb, 0 bytes, Stack size 0 bytes, libinit2.o(.ARM.Collect$$libinit$$0000000F))
<BR><BR>[Calls]<UL><LI><a href="#[a9]">&gt;&gt;</a>&nbsp;&nbsp;&nbsp;__rt_locale
</UL>

<P><STRONG><a name="[aa]"></a>__rt_lib_init_lc_ctype_2</STRONG> (Thumb, 0 bytes, Stack size 0 bytes, libinit2.o(.ARM.Collect$$libinit$$00000012))
<BR><BR>[Calls]<UL><LI><a href="#[6c]">&gt;&gt;</a>&nbsp;&nbsp;&nbsp;_get_lc_ctype
</UL>

<P><STRONG><a name="[ab]"></a>__rt_lib_init_lc_numeric_2</STRONG> (Thumb, 0 bytes, Stack size 0 bytes, libinit2.o(.ARM.Collect$$libinit$$00000016))
<BR><BR>[Calls]<UL><LI><a href="#[ac]">&gt;&gt;</a>&nbsp;&nbsp;&nbsp;_get_lc_numeric
</UL>

<P><STRONG><a name="[ad]"></a>__rt_lib_init_cpp_2</STRONG> (Thumb, 0 bytes, Stack size 0 bytes, libinit2.o(.ARM.Collect$$libinit$$00000031))
<BR><BR>[Calls]<UL><LI><a href="#[80]">&gt;&gt;</a>&nbsp;&nbsp;&nbsp;__cpp_initialize__aeabi_
</UL>

<P><STRONG><a name="[b8]"></a>__rt_lib_shutdown</STRONG> (Thumb, 0 bytes, Stack size 0 bytes, libshutdown.o(.ARM.Collect$$libshutdown$$00000000))
<BR><BR>[Called By]<UL><LI><a href="#[b7]">&gt;&gt;</a>&nbsp;&nbsp;&nbsp;__rt_exit_ls
</UL>

<P><STRONG><a name="[ae]"></a>__rt_lib_shutdown_cpp_2</STRONG> (Thumb, 0 bytes, Stack size 0 bytes, libshutdown2.o(.ARM.Collect$$libshutdown$$00000003))
<BR><BR>[Calls]<UL><LI><a href="#[af]">&gt;&gt;</a>&nbsp;&nbsp;&nbsp;__cxa_finalize
</UL>

<P><STRONG><a name="[82]"></a>__rt_entry</STRONG> (Thumb, 0 bytes, Stack size 0 bytes, __rtentry.o(.ARM.Collect$$rtentry$$00000000))
<BR><BR>[Called By]<UL><LI><a href="#[7f]">&gt;&gt;</a>&nbsp;&nbsp;&nbsp;__main
<LI><a href="#[83]">&gt;&gt;</a>&nbsp;&nbsp;&nbsp;__scatterload_rt2
</UL>

<P><STRONG><a name="[b0]"></a>__rt_entry_sh</STRONG> (Thumb, 0 bytes, Stack size 0 bytes, __rtentry4.o(.ARM.Collect$$rtentry$$00000004))
<BR><BR>[Calls]<UL><LI><a href="#[b1]">&gt;&gt;</a>&nbsp;&nbsp;&nbsp;__user_setup_stackheap
</UL>

<P><STRONG><a name="[b2]"></a>__rt_entry_li</STRONG> (Thumb, 0 bytes, Stack size 0 bytes, __rtentry2.o(.ARM.Collect$$rtentry$$0000000A))
<BR><BR>[Calls]<UL><LI><a href="#[b3]">&gt;&gt;</a>&nbsp;&nbsp;&nbsp;__rt_lib_init
</UL>

<P><STRONG><a name="[b4]"></a>__rt_entry_main</STRONG> (Thumb, 0 bytes, Stack size 0 bytes, __rtentry2.o(.ARM.Collect$$rtentry$$0000000D))
<BR><BR>[Calls]<UL><LI><a href="#[b5]">&gt;&gt;</a>&nbsp;&nbsp;&nbsp;main
<LI><a href="#[b6]">&gt;&gt;</a>&nbsp;&nbsp;&nbsp;exit
</UL>

<P><STRONG><a name="[ee]"></a>__rt_exit</STRONG> (Thumb, 0 bytes, Stack size 0 bytes, rtexit.o(.ARM.Collect$$rtexit$$00000000))
<BR><BR>[Called By]<UL><LI><a href="#[b6]">&gt;&gt;</a>&nbsp;&nbsp;&nbsp;exit
</UL>

<P><STRONG><a name="[b7]"></a>__rt_exit_ls</STRONG> (Thumb, 0 bytes, Stack size 0 bytes, rtexit2.o(.ARM.Collect$$rtexit$$00000003))
<BR><BR>[Calls]<UL><LI><a href="#[b8]">&gt;&gt;</a>&nbsp;&nbsp;&nbsp;__rt_lib_shutdown
</UL>

<P><STRONG><a name="[b9]"></a>__rt_exit_exit</STRONG> (Thumb, 0 bytes, Stack size 0 bytes, rtexit2.o(.ARM.Collect$$rtexit$$00000004))
<BR><BR>[Calls]<UL><LI><a href="#[ba]">&gt;&gt;</a>&nbsp;&nbsp;&nbsp;_sys_exit
</UL>

<P><STRONG><a name="[1c6]"></a>rand</STRONG> (Thumb, 48 bytes, Stack size 0 bytes, rand.o(.emb_text))
<BR><BR>[Called By]<UL><LI><a href="#[1c5]">&gt;&gt;</a>&nbsp;&nbsp;&nbsp;BME280::GetMeasures(float*, float*, float*)
</UL>

<P><STRONG><a name="[33]"></a>Reset_Handler</STRONG> (Thumb, 8 bytes, Stack size 0 bytes, startup_stm32f103xb.o(.text))
<BR>[Address Reference Count : 1]<UL><LI> startup_stm32f103xb.o(RESET)
</UL>
<P><STRONG><a name="[52]"></a>CAN1_RX1_IRQHandler</STRONG> (Thumb, 0 bytes, Stack size 0 bytes, startup_stm32f103xb.o(.text))
<BR><BR>[Calls]<UL><LI><a href="#[52]">&gt;&gt;</a>&nbsp;&nbsp;&nbsp;CAN1_RX1_IRQHandler
</UL>
<BR>[Called By]<UL><LI><a href="#[52]">&gt;&gt;</a>&nbsp;&nbsp;&nbsp;CAN1_RX1_IRQHandler
</UL>
<BR>[Address Reference Count : 1]<UL><LI> startup_stm32f103xb.o(RESET)
</UL>
<P><STRONG><a name="[53]"></a>CAN1_SCE_IRQHandler</STRONG> (Thumb, 0 bytes, Stack size 0 bytes, startup_stm32f103xb.o(.text))
<BR>[Address Reference Count : 1]<UL><LI> startup_stm32f103xb.o(RESET)
</UL>
<P><STRONG><a name="[48]"></a>DMA1_Channel1_IRQHandler</STRONG> (Thumb, 0 bytes, Stack size 0 bytes, startup_stm32f103xb.o(.text))
<BR>[Address Reference Count : 1]<UL><LI> startup_stm32f103xb.o(RESET)
</UL>
<P><STRONG><a name="[49]"></a>DMA1_Channel2_IRQHandler</STRONG> (Thumb, 0 bytes, Stack size 0 bytes, startup_stm32f103xb.o(.text))
<BR>[Address Reference Count : 1]<UL><LI> startup_stm32f103xb.o(RESET)
</UL>
<P><STRONG><a name="[4a]"></a>DMA1_Channel3_IRQHandler</STRONG> (Thumb, 0 bytes, Stack size 0 bytes, startup_stm32f103xb.o(.text))
<BR>[Address Reference Count : 1]<UL><LI> startup_stm32f103xb.o(RESET)
</UL>
<P><STRONG><a name="[4b]"></a>DMA1_Channel4_IRQHandler</STRONG> (Thumb, 0 bytes, Stack size 0 bytes, startup_stm32f103xb.o(.text))
<BR>[Address Reference Count : 1]<UL><LI> startup_stm32f103xb.o(RESET)
</UL>
<P><STRONG><a name="[4c]"></a>DMA1_Channel5_IRQHandler</STRONG> (Thumb, 0 bytes, Stack size 0 bytes, startup_stm32f103xb.o(.text))
<BR>[Address Reference Count : 1]<UL><LI> startup_stm32f103xb.o(RESET)
</UL>
<P><STRONG><a name="[4d]"></a>DMA1_Channel6_IRQHandler</STRONG> (Thumb, 0 bytes, Stack size 0 bytes, startup_stm32f103xb.o(.text))
<BR>[Address Reference Count : 1]<UL><LI> startup_stm32f103xb.o(RESET)
</UL>
<P><STRONG><a name="[4e]"></a>DMA1_Channel7_IRQHandler</STRONG> (Thumb, 0 bytes, Stack size 0 bytes, startup_stm32f103xb.o(.text))
<BR>[Address Reference Count : 1]<UL><LI> startup_stm32f103xb.o(RESET)
</UL>
<P><STRONG><a name="[43]"></a>EXTI0_IRQHandler</STRONG> (Thumb, 0 bytes, Stack size 0 bytes, startup_stm32f103xb.o(.text))
<BR>[Address Reference Count : 1]<UL><LI> startup_stm32f103xb.o(RESET)
</UL>
<P><STRONG><a name="[65]"></a>EXTI15_10_IRQHandler</STRONG> (Thumb, 0 bytes, Stack size 0 bytes, startup_stm32f103xb.o(.text))
<BR>[Address Reference Count : 1]<UL><LI> startup_stm32f103xb.o(RESET)
</UL>
<P><STRONG><a name="[44]"></a>EXTI1_IRQHandler</STRONG> (Thumb, 0 bytes, Stack size 0 bytes, startup_stm32f103xb.o(.text))
<BR>[Address Reference Count : 1]<UL><LI> startup_stm32f103xb.o(RESET)
</UL>
<P><STRONG><a name="[45]"></a>EXTI2_IRQHandler</STRONG> (Thumb, 0 bytes, Stack size 0 bytes, startup_stm32f103xb.o(.text))
<BR>[Address Reference Count : 1]<UL><LI> startup_stm32f103xb.o(RESET)
</UL>
<P><STRONG><a name="[46]"></a>EXTI3_IRQHandler</STRONG> (Thumb, 0 bytes, Stack size 0 bytes, startup_stm32f103xb.o(.text))
<BR>[Address Reference Count : 1]<UL><LI> startup_stm32f103xb.o(RESET)
</UL>
<P><STRONG><a name="[47]"></a>EXTI4_IRQHandler</STRONG> (Thumb, 0 bytes, Stack size 0 bytes, startup_stm32f103xb.o(.text))
<BR>[Address Reference Count : 1]<UL><LI> startup_stm32f103xb.o(RESET)
</UL>
<P><STRONG><a name="[54]"></a>EXTI9_5_IRQHandler</STRONG> (Thumb, 0 bytes, Stack size 0 bytes, startup_stm32f103xb.o(.text))
<BR>[Address Reference Count : 1]<UL><LI> startup_stm32f103xb.o(RESET)
</UL>
<P><STRONG><a name="[41]"></a>FLASH_IRQHandler</STRONG> (Thumb, 0 bytes, Stack size 0 bytes, startup_stm32f103xb.o(.text))
<BR>[Address Reference Count : 1]<UL><LI> startup_stm32f103xb.o(RESET)
</UL>
<P><STRONG><a name="[5d]"></a>I2C1_ER_IRQHandler</STRONG> (Thumb, 0 bytes, Stack size 0 bytes, startup_stm32f103xb.o(.text))
<BR>[Address Reference Count : 1]<UL><LI> startup_stm32f103xb.o(RESET)
</UL>
<P><STRONG><a name="[5c]"></a>I2C1_EV_IRQHandler</STRONG> (Thumb, 0 bytes, Stack size 0 bytes, startup_stm32f103xb.o(.text))
<BR>[Address Reference Count : 1]<UL><LI> startup_stm32f103xb.o(RESET)
</UL>
<P><STRONG><a name="[5f]"></a>I2C2_ER_IRQHandler</STRONG> (Thumb, 0 bytes, Stack size 0 bytes, startup_stm32f103xb.o(.text))
<BR>[Address Reference Count : 1]<UL><LI> startup_stm32f103xb.o(RESET)
</UL>
<P><STRONG><a name="[5e]"></a>I2C2_EV_IRQHandler</STRONG> (Thumb, 0 bytes, Stack size 0 bytes, startup_stm32f103xb.o(.text))
<BR>[Address Reference Count : 1]<UL><LI> startup_stm32f103xb.o(RESET)
</UL>
<P><STRONG><a name="[3e]"></a>PVD_IRQHandler</STRONG> (Thumb, 0 bytes, Stack size 0 bytes, startup_stm32f103xb.o(.text))
<BR>[Address Reference Count : 1]<UL><LI> startup_stm32f103xb.o(RESET)
</UL>
<P><STRONG><a name="[42]"></a>RCC_IRQHandler</STRONG> (Thumb, 0 bytes, Stack size 0 bytes, startup_stm32f103xb.o(.text))
<BR>[Address Reference Count : 1]<UL><LI> startup_stm32f103xb.o(RESET)
</UL>
<P><STRONG><a name="[66]"></a>RTC_Alarm_IRQHandler</STRONG> (Thumb, 0 bytes, Stack size 0 bytes, startup_stm32f103xb.o(.text))
<BR>[Address Reference Count : 1]<UL><LI> startup_stm32f103xb.o(RESET)
</UL>
<P><STRONG><a name="[40]"></a>RTC_IRQHandler</STRONG> (Thumb, 0 bytes, Stack size 0 bytes, startup_stm32f103xb.o(.text))
<BR>[Address Reference Count : 1]<UL><LI> startup_stm32f103xb.o(RESET)
</UL>
<P><STRONG><a name="[60]"></a>SPI1_IRQHandler</STRONG> (Thumb, 0 bytes, Stack size 0 bytes, startup_stm32f103xb.o(.text))
<BR>[Address Reference Count : 1]<UL><LI> startup_stm32f103xb.o(RESET)
</UL>
<P><STRONG><a name="[61]"></a>SPI2_IRQHandler</STRONG> (Thumb, 0 bytes, Stack size 0 bytes, startup_stm32f103xb.o(.text))
<BR>[Address Reference Count : 1]<UL><LI> startup_stm32f103xb.o(RESET)
</UL>
<P><STRONG><a name="[3f]"></a>TAMPER_IRQHandler</STRONG> (Thumb, 0 bytes, Stack size 0 bytes, startup_stm32f103xb.o(.text))
<BR>[Address Reference Count : 1]<UL><LI> startup_stm32f103xb.o(RESET)
</UL>
<P><STRONG><a name="[55]"></a>TIM1_BRK_IRQHandler</STRONG> (Thumb, 0 bytes, Stack size 0 bytes, startup_stm32f103xb.o(.text))
<BR>[Address Reference Count : 1]<UL><LI> startup_stm32f103xb.o(RESET)
</UL>
<P><STRONG><a name="[58]"></a>TIM1_CC_IRQHandler</STRONG> (Thumb, 0 bytes, Stack size 0 bytes, startup_stm32f103xb.o(.text))
<BR>[Address Reference Count : 1]<UL><LI> startup_stm32f103xb.o(RESET)
</UL>
<P><STRONG><a name="[57]"></a>TIM1_TRG_COM_IRQHandler</STRONG> (Thumb, 0 bytes, Stack size 0 bytes, startup_stm32f103xb.o(.text))
<BR>[Address Reference Count : 1]<UL><LI> startup_stm32f103xb.o(RESET)
</UL>
<P><STRONG><a name="[56]"></a>TIM1_UP_IRQHandler</STRONG> (Thumb, 0 bytes, Stack size 0 bytes, startup_stm32f103xb.o(.text))
<BR>[Address Reference Count : 1]<UL><LI> startup_stm32f103xb.o(RESET)
</UL>
<P><STRONG><a name="[59]"></a>TIM2_IRQHandler</STRONG> (Thumb, 0 bytes, Stack size 0 bytes, startup_stm32f103xb.o(.text))
<BR>[Address Reference Count : 1]<UL><LI> startup_stm32f103xb.o(RESET)
</UL>
<P><STRONG><a name="[5b]"></a>TIM4_IRQHandler</STRONG> (Thumb, 0 bytes, Stack size 0 bytes, startup_stm32f103xb.o(.text))
<BR>[Address Reference Count : 1]<UL><LI> startup_stm32f103xb.o(RESET)
</UL>
<P><STRONG><a name="[63]"></a>USART2_IRQHandler</STRONG> (Thumb, 0 bytes, Stack size 0 bytes, startup_stm32f103xb.o(.text))
<BR>[Address Reference Count : 1]<UL><LI> startup_stm32f103xb.o(RESET)
</UL>
<P><STRONG><a name="[64]"></a>USART3_IRQHandler</STRONG> (Thumb, 0 bytes, Stack size 0 bytes, startup_stm32f103xb.o(.text))
<BR>[Address Reference Count : 1]<UL><LI> startup_stm32f103xb.o(RESET)
</UL>
<P><STRONG><a name="[67]"></a>USBWakeUp_IRQHandler</STRONG> (Thumb, 0 bytes, Stack size 0 bytes, startup_stm32f103xb.o(.text))
<BR>[Address Reference Count : 1]<UL><LI> startup_stm32f103xb.o(RESET)
</UL>
<P><STRONG><a name="[50]"></a>USB_HP_CAN1_TX_IRQHandler</STRONG> (Thumb, 0 bytes, Stack size 0 bytes, startup_stm32f103xb.o(.text))
<BR>[Address Reference Count : 1]<UL><LI> startup_stm32f103xb.o(RESET)
</UL>
<P><STRONG><a name="[3d]"></a>WWDG_IRQHandler</STRONG> (Thumb, 0 bytes, Stack size 0 bytes, startup_stm32f103xb.o(.text))
<BR>[Address Reference Count : 1]<UL><LI> startup_stm32f103xb.o(RESET)
</UL>
<P><STRONG><a name="[ed]"></a>__user_initial_stackheap</STRONG> (Thumb, 0 bytes, Stack size 0 bytes, startup_stm32f103xb.o(.text))
<BR><BR>[Called By]<UL><LI><a href="#[b1]">&gt;&gt;</a>&nbsp;&nbsp;&nbsp;__user_setup_stackheap
</UL>

<P><STRONG><a name="[109]"></a>__aeabi_llsr</STRONG> (Thumb, 0 bytes, Stack size 0 bytes, llushr.o(.text))
<BR><BR>[Called By]<UL><LI><a href="#[108]">&gt;&gt;</a>&nbsp;&nbsp;&nbsp;HAL_FLASH_Program
</UL>

<P><STRONG><a name="[bb]"></a>__c89vsprintf</STRONG> (Thumb, 32 bytes, Stack size 0 bytes, c89vsprintf.o(.text))
<BR><BR>[Calls]<UL><LI><a href="#[6a]">&gt;&gt;</a>&nbsp;&nbsp;&nbsp;_sputc
<LI><a href="#[bc]">&gt;&gt;</a>&nbsp;&nbsp;&nbsp;_printf_char_common
</UL>
<BR>[Called By]<UL><LI><a href="#[18f]">&gt;&gt;</a>&nbsp;&nbsp;&nbsp;String&lang;(int)64&rang;::String(const char*, ...)
<LI><a href="#[1eb]">&gt;&gt;</a>&nbsp;&nbsp;&nbsp;String&lang;(int)64&rang;::SetFormat(const char*, ...)
</UL>

<P><STRONG><a name="[be]"></a>_printf_pre_padding</STRONG> (Thumb, 44 bytes, Stack size 0 bytes, _printf_pad.o(.text))
<BR><BR>[Called By]<UL><LI><a href="#[c3]">&gt;&gt;</a>&nbsp;&nbsp;&nbsp;_printf_wctomb
<LI><a href="#[bd]">&gt;&gt;</a>&nbsp;&nbsp;&nbsp;_printf_str
<LI><a href="#[e2]">&gt;&gt;</a>&nbsp;&nbsp;&nbsp;_printf_fp_infnan
<LI><a href="#[e0]">&gt;&gt;</a>&nbsp;&nbsp;&nbsp;_printf_fp_dec_real
<LI><a href="#[c2]">&gt;&gt;</a>&nbsp;&nbsp;&nbsp;_printf_int_common
</UL>

<P><STRONG><a name="[bf]"></a>_printf_post_padding</STRONG> (Thumb, 34 bytes, Stack size 0 bytes, _printf_pad.o(.text))
<BR><BR>[Called By]<UL><LI><a href="#[c3]">&gt;&gt;</a>&nbsp;&nbsp;&nbsp;_printf_wctomb
<LI><a href="#[bd]">&gt;&gt;</a>&nbsp;&nbsp;&nbsp;_printf_str
<LI><a href="#[e2]">&gt;&gt;</a>&nbsp;&nbsp;&nbsp;_printf_fp_infnan
<LI><a href="#[e0]">&gt;&gt;</a>&nbsp;&nbsp;&nbsp;_printf_fp_dec_real
<LI><a href="#[c2]">&gt;&gt;</a>&nbsp;&nbsp;&nbsp;_printf_int_common
</UL>

<P><STRONG><a name="[c0]"></a>_printf_truncate_signed</STRONG> (Thumb, 18 bytes, Stack size 0 bytes, _printf_truncate.o(.text))
<BR><BR>[Called By]<UL><LI><a href="#[8d]">&gt;&gt;</a>&nbsp;&nbsp;&nbsp;_printf_int_dec
</UL>

<P><STRONG><a name="[c1]"></a>_printf_truncate_unsigned</STRONG> (Thumb, 18 bytes, Stack size 0 bytes, _printf_truncate.o(.text))
<BR><BR>[Called By]<UL><LI><a href="#[93]">&gt;&gt;</a>&nbsp;&nbsp;&nbsp;_printf_int_hex
<LI><a href="#[91]">&gt;&gt;</a>&nbsp;&nbsp;&nbsp;_printf_int_oct
<LI><a href="#[8d]">&gt;&gt;</a>&nbsp;&nbsp;&nbsp;_printf_int_dec
</UL>

<P><STRONG><a name="[bd]"></a>_printf_str</STRONG> (Thumb, 82 bytes, Stack size 0 bytes, _printf_str.o(.text))
<BR><BR>[Calls]<UL><LI><a href="#[bf]">&gt;&gt;</a>&nbsp;&nbsp;&nbsp;_printf_post_padding
<LI><a href="#[be]">&gt;&gt;</a>&nbsp;&nbsp;&nbsp;_printf_pre_padding
</UL>
<BR>[Called By]<UL><LI><a href="#[e3]">&gt;&gt;</a>&nbsp;&nbsp;&nbsp;_printf_cs_common
</UL>

<P><STRONG><a name="[8d]"></a>_printf_int_dec</STRONG> (Thumb, 104 bytes, Stack size 0 bytes, _printf_dec.o(.text))
<BR><BR>[Calls]<UL><LI><a href="#[c1]">&gt;&gt;</a>&nbsp;&nbsp;&nbsp;_printf_truncate_unsigned
<LI><a href="#[c0]">&gt;&gt;</a>&nbsp;&nbsp;&nbsp;_printf_truncate_signed
<LI><a href="#[c2]">&gt;&gt;</a>&nbsp;&nbsp;&nbsp;_printf_int_common
</UL>
<BR>[Called By]<UL><LI><a href="#[8f]">&gt;&gt;</a>&nbsp;&nbsp;&nbsp;_printf_u
<LI><a href="#[8e]">&gt;&gt;</a>&nbsp;&nbsp;&nbsp;_printf_d
<LI><a href="#[8c]">&gt;&gt;</a>&nbsp;&nbsp;&nbsp;_printf_i
</UL>

<P><STRONG><a name="[c3]"></a>_printf_wctomb</STRONG> (Thumb, 182 bytes, Stack size 0 bytes, _printf_wctomb.o(.text))
<BR><BR>[Calls]<UL><LI><a href="#[bf]">&gt;&gt;</a>&nbsp;&nbsp;&nbsp;_printf_post_padding
<LI><a href="#[be]">&gt;&gt;</a>&nbsp;&nbsp;&nbsp;_printf_pre_padding
<LI><a href="#[c4]">&gt;&gt;</a>&nbsp;&nbsp;&nbsp;_wcrtomb
</UL>
<BR>[Called By]<UL><LI><a href="#[e4]">&gt;&gt;</a>&nbsp;&nbsp;&nbsp;_printf_lcs_common
</UL>

<P><STRONG><a name="[c5]"></a>_printf_longlong_oct</STRONG> (Thumb, 66 bytes, Stack size 0 bytes, _printf_oct_int_ll.o(.text))
<BR><BR>[Calls]<UL><LI><a href="#[c2]">&gt;&gt;</a>&nbsp;&nbsp;&nbsp;_printf_int_common
</UL>
<BR>[Called By]<UL><LI><a href="#[99]">&gt;&gt;</a>&nbsp;&nbsp;&nbsp;_printf_ll_oct
<LI><a href="#[91]">&gt;&gt;</a>&nbsp;&nbsp;&nbsp;_printf_int_oct
</UL>

<P><STRONG><a name="[91]"></a>_printf_int_oct</STRONG> (Thumb, 24 bytes, Stack size 0 bytes, _printf_oct_int_ll.o(.text))
<BR><BR>[Calls]<UL><LI><a href="#[c5]">&gt;&gt;</a>&nbsp;&nbsp;&nbsp;_printf_longlong_oct
<LI><a href="#[c1]">&gt;&gt;</a>&nbsp;&nbsp;&nbsp;_printf_truncate_unsigned
</UL>
<BR>[Called By]<UL><LI><a href="#[90]">&gt;&gt;</a>&nbsp;&nbsp;&nbsp;_printf_o
</UL>

<P><STRONG><a name="[99]"></a>_printf_ll_oct</STRONG> (Thumb, 12 bytes, Stack size 0 bytes, _printf_oct_int_ll.o(.text))
<BR><BR>[Calls]<UL><LI><a href="#[c5]">&gt;&gt;</a>&nbsp;&nbsp;&nbsp;_printf_longlong_oct
</UL>
<BR>[Called By]<UL><LI><a href="#[98]">&gt;&gt;</a>&nbsp;&nbsp;&nbsp;_printf_llo
</UL>

<P><STRONG><a name="[c6]"></a>_printf_longlong_hex</STRONG> (Thumb, 86 bytes, Stack size 0 bytes, _printf_hex_int_ll_ptr.o(.text))
<BR><BR>[Calls]<UL><LI><a href="#[c2]">&gt;&gt;</a>&nbsp;&nbsp;&nbsp;_printf_int_common
</UL>
<BR>[Called By]<UL><LI><a href="#[87]">&gt;&gt;</a>&nbsp;&nbsp;&nbsp;_printf_hex_ptr
<LI><a href="#[9b]">&gt;&gt;</a>&nbsp;&nbsp;&nbsp;_printf_ll_hex
<LI><a href="#[93]">&gt;&gt;</a>&nbsp;&nbsp;&nbsp;_printf_int_hex
</UL>

<P><STRONG><a name="[93]"></a>_printf_int_hex</STRONG> (Thumb, 28 bytes, Stack size 0 bytes, _printf_hex_int_ll_ptr.o(.text))
<BR><BR>[Calls]<UL><LI><a href="#[c6]">&gt;&gt;</a>&nbsp;&nbsp;&nbsp;_printf_longlong_hex
<LI><a href="#[c1]">&gt;&gt;</a>&nbsp;&nbsp;&nbsp;_printf_truncate_unsigned
</UL>
<BR>[Called By]<UL><LI><a href="#[92]">&gt;&gt;</a>&nbsp;&nbsp;&nbsp;_printf_x
</UL>

<P><STRONG><a name="[9b]"></a>_printf_ll_hex</STRONG> (Thumb, 12 bytes, Stack size 0 bytes, _printf_hex_int_ll_ptr.o(.text))
<BR><BR>[Calls]<UL><LI><a href="#[c6]">&gt;&gt;</a>&nbsp;&nbsp;&nbsp;_printf_longlong_hex
</UL>
<BR>[Called By]<UL><LI><a href="#[9a]">&gt;&gt;</a>&nbsp;&nbsp;&nbsp;_printf_llx
</UL>

<P><STRONG><a name="[87]"></a>_printf_hex_ptr</STRONG> (Thumb, 18 bytes, Stack size 0 bytes, _printf_hex_int_ll_ptr.o(.text))
<BR><BR>[Calls]<UL><LI><a href="#[c6]">&gt;&gt;</a>&nbsp;&nbsp;&nbsp;_printf_longlong_hex
</UL>
<BR>[Called By]<UL><LI><a href="#[86]">&gt;&gt;</a>&nbsp;&nbsp;&nbsp;_printf_p
</UL>

<P><STRONG><a name="[c7]"></a>__printf</STRONG> (Thumb, 388 bytes, Stack size 0 bytes, __printf_flags_ss_wp.o(.text))
<BR><BR>[Calls]<UL><LI><a href="#[c9]">&gt;&gt;</a>&nbsp;&nbsp;&nbsp;_printf_percent
<LI><a href="#[c8]">&gt;&gt;</a>&nbsp;&nbsp;&nbsp;_is_digit
</UL>
<BR>[Called By]<UL><LI><a href="#[bc]">&gt;&gt;</a>&nbsp;&nbsp;&nbsp;_printf_char_common
</UL>

<P><STRONG><a name="[ca]"></a>srand</STRONG> (Thumb, 42 bytes, Stack size 0 bytes, rand.o(.text))
<BR><BR>[Called By]<UL><LI><a href="#[a7]">&gt;&gt;</a>&nbsp;&nbsp;&nbsp;_rand_init
</UL>

<P><STRONG><a name="[a7]"></a>_rand_init</STRONG> (Thumb, 4 bytes, Stack size 0 bytes, rand.o(.text))
<BR><BR>[Calls]<UL><LI><a href="#[ca]">&gt;&gt;</a>&nbsp;&nbsp;&nbsp;srand
</UL>
<BR>[Called By]<UL><LI><a href="#[a6]">&gt;&gt;</a>&nbsp;&nbsp;&nbsp;__rt_lib_init_rand_2
</UL>

<P><STRONG><a name="[cb]"></a>__aeabi_atexit</STRONG> (Thumb, 46 bytes, Stack size 0 bytes, aeabi_atexit.o(.text))
<BR><BR>[Calls]<UL><LI><a href="#[cc]">&gt;&gt;</a>&nbsp;&nbsp;&nbsp;malloc
<LI><a href="#[cd]">&gt;&gt;</a>&nbsp;&nbsp;&nbsp;__rt_ddtor_pointer_addr
</UL>
<BR>[Called By]<UL><LI><a href="#[78]">&gt;&gt;</a>&nbsp;&nbsp;&nbsp;__sti___13_MenuItems_cpp_a3e76341
<LI><a href="#[75]">&gt;&gt;</a>&nbsp;&nbsp;&nbsp;__sti___11_Display_cpp_238b98d4
</UL>

<P><STRONG><a name="[1fe]"></a>memcmp</STRONG> (Thumb, 88 bytes, Stack size 0 bytes, memcmp.o(.text))
<BR><BR>[Called By]<UL><LI><a href="#[198]">&gt;&gt;</a>&nbsp;&nbsp;&nbsp;Settings::Save()
<LI><a href="#[1e9]">&gt;&gt;</a>&nbsp;&nbsp;&nbsp;Settings::SaveMeasure(TypeMeasure::E, float)
</UL>

<P><STRONG><a name="[1b1]"></a>strlen</STRONG> (Thumb, 62 bytes, Stack size 0 bytes, strlen.o(.text))
<BR><BR>[Called By]<UL><LI><a href="#[208]">&gt;&gt;</a>&nbsp;&nbsp;&nbsp;String&lang;(int)64&rang;::DrawRelativelyRight(int, int, Color::E)
<LI><a href="#[1f9]">&gt;&gt;</a>&nbsp;&nbsp;&nbsp;InterCom::CreateMessage(TypeMeasure::E, float)
<LI><a href="#[190]">&gt;&gt;</a>&nbsp;&nbsp;&nbsp;String&lang;(int)64&rang;::Draw(int, int, Color::E) const
<LI><a href="#[1ae]">&gt;&gt;</a>&nbsp;&nbsp;&nbsp;Font::Text::DrawBig(int, int, int, const char*, Color::E)
<LI><a href="#[1e8]">&gt;&gt;</a>&nbsp;&nbsp;&nbsp;Display::SetMeasure(TypeMeasure::E, float)
<LI><a href="#[1db]">&gt;&gt;</a>&nbsp;&nbsp;&nbsp;InterCom::Send(TypeMeasure::E, float)
</UL>

<P><STRONG><a name="[1f2]"></a>__aeabi_memcpy</STRONG> (Thumb, 0 bytes, Stack size 0 bytes, rt_memcpy_v6.o(.text))
<BR><BR>[Called By]<UL><LI><a href="#[1f1]">&gt;&gt;</a>&nbsp;&nbsp;&nbsp;HAL_ROM::LoadSettings(Settings&)
</UL>

<P><STRONG><a name="[ce]"></a>__rt_memcpy</STRONG> (Thumb, 138 bytes, Stack size 0 bytes, rt_memcpy_v6.o(.text), UNUSED)
<BR><BR>[Calls]<UL><LI><a href="#[cf]">&gt;&gt;</a>&nbsp;&nbsp;&nbsp;__aeabi_memcpy4
</UL>

<P><STRONG><a name="[cf]"></a>__aeabi_memcpy4</STRONG> (Thumb, 0 bytes, Stack size 0 bytes, rt_memcpy_w.o(.text))
<BR><BR>[Called By]<UL><LI><a href="#[ce]">&gt;&gt;</a>&nbsp;&nbsp;&nbsp;__rt_memcpy
<LI><a href="#[7e]">&gt;&gt;</a>&nbsp;&nbsp;&nbsp;__sti___12_Settings_cpp_gset
<LI><a href="#[1d6]">&gt;&gt;</a>&nbsp;&nbsp;&nbsp;Settings::Reset()
<LI><a href="#[1d5]">&gt;&gt;</a>&nbsp;&nbsp;&nbsp;Settings::Load()
</UL>

<P><STRONG><a name="[d0]"></a>__aeabi_memset</STRONG> (Thumb, 16 bytes, Stack size 0 bytes, aeabi_memset.o(.text))
<BR><BR>[Calls]<UL><LI><a href="#[d1]">&gt;&gt;</a>&nbsp;&nbsp;&nbsp;_memset
</UL>
<BR>[Called By]<UL><LI><a href="#[1ba]">&gt;&gt;</a>&nbsp;&nbsp;&nbsp;Display::BeginScene(Color::E)
<LI><a href="#[1e1]">&gt;&gt;</a>&nbsp;&nbsp;&nbsp;Display::Update()
</UL>

<P><STRONG><a name="[225]"></a>strcmp</STRONG> (Thumb, 128 bytes, Stack size 0 bytes, strcmpv7m.o(.text))
<BR><BR>[Called By]<UL><LI><a href="#[6c]">&gt;&gt;</a>&nbsp;&nbsp;&nbsp;_get_lc_ctype
<LI><a href="#[ac]">&gt;&gt;</a>&nbsp;&nbsp;&nbsp;_get_lc_numeric
</UL>

<P><STRONG><a name="[d2]"></a>mktime</STRONG> (Thumb, 356 bytes, Stack size 0 bytes, mktime.o(.text))
<BR><BR>[Calls]<UL><LI><a href="#[d3]">&gt;&gt;</a>&nbsp;&nbsp;&nbsp;_tm_carry
</UL>
<BR>[Called By]<UL><LI><a href="#[1f7]">&gt;&gt;</a>&nbsp;&nbsp;&nbsp;HAL_RTC::SetTime(const PackedTime&)
</UL>

<P><STRONG><a name="[a]"></a>__rt_heap_escrow</STRONG> (Thumb, 2 bytes, Stack size 0 bytes, heapauxi.o(.text), UNUSED)

<P><STRONG><a name="[9]"></a>__rt_heap_expand</STRONG> (Thumb, 2 bytes, Stack size 0 bytes, heapauxi.o(.text), UNUSED)

<P><STRONG><a name="[80]"></a>__cpp_initialize__aeabi_</STRONG> (Thumb, 26 bytes, Stack size 0 bytes, init_aeabi.o(.text))
<BR><BR>[Called By]<UL><LI><a href="#[ad]">&gt;&gt;</a>&nbsp;&nbsp;&nbsp;__rt_lib_init_cpp_2
</UL>

<P><STRONG><a name="[cd]"></a>__rt_ddtor_pointer_addr</STRONG> (Thumb, 8 bytes, Stack size 0 bytes, rt_ddtor_pointer_addr_intlibspace.o(.text))
<BR><BR>[Called By]<UL><LI><a href="#[cb]">&gt;&gt;</a>&nbsp;&nbsp;&nbsp;__aeabi_atexit
<LI><a href="#[af]">&gt;&gt;</a>&nbsp;&nbsp;&nbsp;__cxa_finalize
</UL>

<P><STRONG><a name="[cc]"></a>malloc</STRONG> (Thumb, 94 bytes, Stack size 0 bytes, h1_alloc.o(.text))
<BR><BR>[Calls]<UL><LI><a href="#[d5]">&gt;&gt;</a>&nbsp;&nbsp;&nbsp;__Heap_Full
<LI><a href="#[d4]">&gt;&gt;</a>&nbsp;&nbsp;&nbsp;__rt_heap_descriptor
</UL>
<BR>[Called By]<UL><LI><a href="#[cb]">&gt;&gt;</a>&nbsp;&nbsp;&nbsp;__aeabi_atexit
</UL>

<P><STRONG><a name="[d6]"></a>free</STRONG> (Thumb, 78 bytes, Stack size 0 bytes, h1_free.o(.text))
<BR><BR>[Calls]<UL><LI><a href="#[d4]">&gt;&gt;</a>&nbsp;&nbsp;&nbsp;__rt_heap_descriptor
</UL>
<BR>[Called By]<UL><LI><a href="#[e8]">&gt;&gt;</a>&nbsp;&nbsp;&nbsp;__Heap_ProvideMemory
<LI><a href="#[af]">&gt;&gt;</a>&nbsp;&nbsp;&nbsp;__cxa_finalize
</UL>

<P><STRONG><a name="[d7]"></a>__read_errno</STRONG> (Thumb, 10 bytes, Stack size 0 bytes, _rserrno.o(.text), UNUSED)
<BR><BR>[Calls]<UL><LI><a href="#[d8]">&gt;&gt;</a>&nbsp;&nbsp;&nbsp;__aeabi_errno_addr
</UL>

<P><STRONG><a name="[d9]"></a>__set_errno</STRONG> (Thumb, 12 bytes, Stack size 0 bytes, _rserrno.o(.text))
<BR><BR>[Calls]<UL><LI><a href="#[d8]">&gt;&gt;</a>&nbsp;&nbsp;&nbsp;__aeabi_errno_addr
</UL>
<BR>[Called By]<UL><LI><a href="#[1dc]">&gt;&gt;</a>&nbsp;&nbsp;&nbsp;logf
</UL>

<P><STRONG><a name="[c2]"></a>_printf_int_common</STRONG> (Thumb, 178 bytes, Stack size 0 bytes, _printf_intcommon.o(.text))
<BR><BR>[Calls]<UL><LI><a href="#[bf]">&gt;&gt;</a>&nbsp;&nbsp;&nbsp;_printf_post_padding
<LI><a href="#[be]">&gt;&gt;</a>&nbsp;&nbsp;&nbsp;_printf_pre_padding
</UL>
<BR>[Called By]<UL><LI><a href="#[c6]">&gt;&gt;</a>&nbsp;&nbsp;&nbsp;_printf_longlong_hex
<LI><a href="#[c5]">&gt;&gt;</a>&nbsp;&nbsp;&nbsp;_printf_longlong_oct
<LI><a href="#[8d]">&gt;&gt;</a>&nbsp;&nbsp;&nbsp;_printf_int_dec
<LI><a href="#[95]">&gt;&gt;</a>&nbsp;&nbsp;&nbsp;_printf_longlong_dec
</UL>

<P><STRONG><a name="[85]"></a>_printf_charcount</STRONG> (Thumb, 40 bytes, Stack size 0 bytes, _printf_charcount.o(.text))
<BR><BR>[Called By]<UL><LI><a href="#[84]">&gt;&gt;</a>&nbsp;&nbsp;&nbsp;_printf_n
</UL>

<P><STRONG><a name="[e0]"></a>_printf_fp_dec_real</STRONG> (Thumb, 620 bytes, Stack size 0 bytes, _printf_fp_dec.o(.text))
<BR><BR>[Calls]<UL><LI><a href="#[bf]">&gt;&gt;</a>&nbsp;&nbsp;&nbsp;_printf_post_padding
<LI><a href="#[be]">&gt;&gt;</a>&nbsp;&nbsp;&nbsp;_printf_pre_padding
<LI><a href="#[e1]">&gt;&gt;</a>&nbsp;&nbsp;&nbsp;__ARM_fpclassify
<LI><a href="#[e2]">&gt;&gt;</a>&nbsp;&nbsp;&nbsp;_printf_fp_infnan
<LI><a href="#[a9]">&gt;&gt;</a>&nbsp;&nbsp;&nbsp;__rt_locale
<LI><a href="#[da]">&gt;&gt;</a>&nbsp;&nbsp;&nbsp;_fp_digits
</UL>
<BR>[Called By]<UL><LI><a href="#[89]">&gt;&gt;</a>&nbsp;&nbsp;&nbsp;_printf_fp_dec
</UL>

<P><STRONG><a name="[bc]"></a>_printf_char_common</STRONG> (Thumb, 32 bytes, Stack size 0 bytes, _printf_char_common.o(.text))
<BR><BR>[Calls]<UL><LI><a href="#[c7]">&gt;&gt;</a>&nbsp;&nbsp;&nbsp;__printf
</UL>
<BR>[Called By]<UL><LI><a href="#[bb]">&gt;&gt;</a>&nbsp;&nbsp;&nbsp;__c89vsprintf
</UL>

<P><STRONG><a name="[6a]"></a>_sputc</STRONG> (Thumb, 10 bytes, Stack size 0 bytes, _sputc.o(.text))
<BR><BR>[Called By]<UL><LI><a href="#[bb]">&gt;&gt;</a>&nbsp;&nbsp;&nbsp;__c89vsprintf
</UL>
<BR>[Address Reference Count : 1]<UL><LI> c89vsprintf.o(.text)
</UL>
<P><STRONG><a name="[e3]"></a>_printf_cs_common</STRONG> (Thumb, 20 bytes, Stack size 0 bytes, _printf_char.o(.text))
<BR><BR>[Calls]<UL><LI><a href="#[bd]">&gt;&gt;</a>&nbsp;&nbsp;&nbsp;_printf_str
</UL>
<BR>[Called By]<UL><LI><a href="#[9f]">&gt;&gt;</a>&nbsp;&nbsp;&nbsp;_printf_string
<LI><a href="#[9d]">&gt;&gt;</a>&nbsp;&nbsp;&nbsp;_printf_char
</UL>

<P><STRONG><a name="[9d]"></a>_printf_char</STRONG> (Thumb, 16 bytes, Stack size 0 bytes, _printf_char.o(.text))
<BR><BR>[Calls]<UL><LI><a href="#[e3]">&gt;&gt;</a>&nbsp;&nbsp;&nbsp;_printf_cs_common
</UL>
<BR>[Called By]<UL><LI><a href="#[9c]">&gt;&gt;</a>&nbsp;&nbsp;&nbsp;_printf_c
</UL>

<P><STRONG><a name="[9f]"></a>_printf_string</STRONG> (Thumb, 8 bytes, Stack size 0 bytes, _printf_char.o(.text))
<BR><BR>[Calls]<UL><LI><a href="#[e3]">&gt;&gt;</a>&nbsp;&nbsp;&nbsp;_printf_cs_common
</UL>
<BR>[Called By]<UL><LI><a href="#[9e]">&gt;&gt;</a>&nbsp;&nbsp;&nbsp;_printf_s
</UL>

<P><STRONG><a name="[e4]"></a>_printf_lcs_common</STRONG> (Thumb, 20 bytes, Stack size 0 bytes, _printf_wchar.o(.text))
<BR><BR>[Calls]<UL><LI><a href="#[c3]">&gt;&gt;</a>&nbsp;&nbsp;&nbsp;_printf_wctomb
</UL>
<BR>[Called By]<UL><LI><a href="#[a3]">&gt;&gt;</a>&nbsp;&nbsp;&nbsp;_printf_wstring
<LI><a href="#[a1]">&gt;&gt;</a>&nbsp;&nbsp;&nbsp;_printf_wchar
</UL>

<P><STRONG><a name="[a1]"></a>_printf_wchar</STRONG> (Thumb, 16 bytes, Stack size 0 bytes, _printf_wchar.o(.text))
<BR><BR>[Calls]<UL><LI><a href="#[e4]">&gt;&gt;</a>&nbsp;&nbsp;&nbsp;_printf_lcs_common
</UL>
<BR>[Called By]<UL><LI><a href="#[a0]">&gt;&gt;</a>&nbsp;&nbsp;&nbsp;_printf_lc
</UL>

<P><STRONG><a name="[a3]"></a>_printf_wstring</STRONG> (Thumb, 8 bytes, Stack size 0 bytes, _printf_wchar.o(.text))
<BR><BR>[Calls]<UL><LI><a href="#[e4]">&gt;&gt;</a>&nbsp;&nbsp;&nbsp;_printf_lcs_common
</UL>
<BR>[Called By]<UL><LI><a href="#[a2]">&gt;&gt;</a>&nbsp;&nbsp;&nbsp;_printf_ls
</UL>

<P><STRONG><a name="[95]"></a>_printf_longlong_dec</STRONG> (Thumb, 108 bytes, Stack size 0 bytes, _printf_longlong_dec.o(.text))
<BR><BR>[Calls]<UL><LI><a href="#[df]">&gt;&gt;</a>&nbsp;&nbsp;&nbsp;_ll_udiv10
<LI><a href="#[c2]">&gt;&gt;</a>&nbsp;&nbsp;&nbsp;_printf_int_common
</UL>
<BR>[Called By]<UL><LI><a href="#[97]">&gt;&gt;</a>&nbsp;&nbsp;&nbsp;_printf_llu
<LI><a href="#[96]">&gt;&gt;</a>&nbsp;&nbsp;&nbsp;_printf_lld
<LI><a href="#[94]">&gt;&gt;</a>&nbsp;&nbsp;&nbsp;_printf_lli
</UL>

<P><STRONG><a name="[c4]"></a>_wcrtomb</STRONG> (Thumb, 64 bytes, Stack size 0 bytes, _wcrtomb.o(.text))
<BR><BR>[Calls]<UL><LI><a href="#[e5]">&gt;&gt;</a>&nbsp;&nbsp;&nbsp;__rt_ctype_table
</UL>
<BR>[Called By]<UL><LI><a href="#[c3]">&gt;&gt;</a>&nbsp;&nbsp;&nbsp;_printf_wctomb
</UL>

<P><STRONG><a name="[af]"></a>__cxa_finalize</STRONG> (Thumb, 66 bytes, Stack size 0 bytes, cxa_finalize.o(.text))
<BR><BR>[Calls]<UL><LI><a href="#[d6]">&gt;&gt;</a>&nbsp;&nbsp;&nbsp;free
<LI><a href="#[cd]">&gt;&gt;</a>&nbsp;&nbsp;&nbsp;__rt_ddtor_pointer_addr
</UL>
<BR>[Called By]<UL><LI><a href="#[ae]">&gt;&gt;</a>&nbsp;&nbsp;&nbsp;__rt_lib_shutdown_cpp_2
</UL>

<P><STRONG><a name="[e6]"></a>__rt_memclr</STRONG> (Thumb, 68 bytes, Stack size 0 bytes, rt_memclr.o(.text), UNUSED)
<BR><BR>[Calls]<UL><LI><a href="#[e7]">&gt;&gt;</a>&nbsp;&nbsp;&nbsp;_memset_w
</UL>

<P><STRONG><a name="[d1]"></a>_memset</STRONG> (Thumb, 0 bytes, Stack size 0 bytes, rt_memclr.o(.text))
<BR><BR>[Called By]<UL><LI><a href="#[d0]">&gt;&gt;</a>&nbsp;&nbsp;&nbsp;__aeabi_memset
</UL>

<P><STRONG><a name="[ec]"></a>__user_perproc_libspace</STRONG> (Thumb, 0 bytes, Stack size 0 bytes, libspace.o(.text))
<BR><BR>[Called By]<UL><LI><a href="#[b1]">&gt;&gt;</a>&nbsp;&nbsp;&nbsp;__user_setup_stackheap
</UL>

<P><STRONG><a name="[e5]"></a>__rt_ctype_table</STRONG> (Thumb, 16 bytes, Stack size 0 bytes, rt_ctype_table.o(.text))
<BR><BR>[Calls]<UL><LI><a href="#[a9]">&gt;&gt;</a>&nbsp;&nbsp;&nbsp;__rt_locale
</UL>
<BR>[Called By]<UL><LI><a href="#[c4]">&gt;&gt;</a>&nbsp;&nbsp;&nbsp;_wcrtomb
</UL>

<P><STRONG><a name="[d4]"></a>__rt_heap_descriptor</STRONG> (Thumb, 8 bytes, Stack size 0 bytes, rt_heap_descriptor_intlibspace.o(.text))
<BR><BR>[Called By]<UL><LI><a href="#[a5]">&gt;&gt;</a>&nbsp;&nbsp;&nbsp;_init_alloc
<LI><a href="#[d6]">&gt;&gt;</a>&nbsp;&nbsp;&nbsp;free
<LI><a href="#[cc]">&gt;&gt;</a>&nbsp;&nbsp;&nbsp;malloc
</UL>

<P><STRONG><a name="[a9]"></a>__rt_locale</STRONG> (Thumb, 8 bytes, Stack size 0 bytes, rt_locale_intlibspace.o(.text))
<BR><BR>[Called By]<UL><LI><a href="#[e5]">&gt;&gt;</a>&nbsp;&nbsp;&nbsp;__rt_ctype_table
<LI><a href="#[a8]">&gt;&gt;</a>&nbsp;&nbsp;&nbsp;__rt_lib_init_lc_common
<LI><a href="#[e0]">&gt;&gt;</a>&nbsp;&nbsp;&nbsp;_printf_fp_dec_real
</UL>

<P><STRONG><a name="[d8]"></a>__aeabi_errno_addr</STRONG> (Thumb, 8 bytes, Stack size 0 bytes, rt_errno_addr_intlibspace.o(.text))
<BR><BR>[Called By]<UL><LI><a href="#[d9]">&gt;&gt;</a>&nbsp;&nbsp;&nbsp;__set_errno
<LI><a href="#[d7]">&gt;&gt;</a>&nbsp;&nbsp;&nbsp;__read_errno
</UL>

<P><STRONG><a name="[c]"></a>_terminate_user_alloc</STRONG> (Thumb, 2 bytes, Stack size 0 bytes, init_alloc.o(.text), UNUSED)

<P><STRONG><a name="[6]"></a>_init_user_alloc</STRONG> (Thumb, 2 bytes, Stack size 0 bytes, init_alloc.o(.text), UNUSED)

<P><STRONG><a name="[d5]"></a>__Heap_Full</STRONG> (Thumb, 34 bytes, Stack size 0 bytes, init_alloc.o(.text))
<BR><BR>[Calls]<UL><LI><a href="#[e8]">&gt;&gt;</a>&nbsp;&nbsp;&nbsp;__Heap_ProvideMemory
</UL>
<BR>[Called By]<UL><LI><a href="#[cc]">&gt;&gt;</a>&nbsp;&nbsp;&nbsp;malloc
</UL>

<P><STRONG><a name="[e9]"></a>__Heap_Broken</STRONG> (Thumb, 6 bytes, Stack size 0 bytes, init_alloc.o(.text), UNUSED)
<BR><BR>[Calls]<UL><LI><a href="#[ea]">&gt;&gt;</a>&nbsp;&nbsp;&nbsp;__rt_SIGRTMEM
</UL>

<P><STRONG><a name="[a5]"></a>_init_alloc</STRONG> (Thumb, 94 bytes, Stack size 0 bytes, init_alloc.o(.text))
<BR><BR>[Calls]<UL><LI><a href="#[ea]">&gt;&gt;</a>&nbsp;&nbsp;&nbsp;__rt_SIGRTMEM
<LI><a href="#[e8]">&gt;&gt;</a>&nbsp;&nbsp;&nbsp;__Heap_ProvideMemory
<LI><a href="#[eb]">&gt;&gt;</a>&nbsp;&nbsp;&nbsp;__Heap_Initialize
<LI><a href="#[d4]">&gt;&gt;</a>&nbsp;&nbsp;&nbsp;__rt_heap_descriptor
</UL>
<BR>[Called By]<UL><LI><a href="#[a4]">&gt;&gt;</a>&nbsp;&nbsp;&nbsp;__rt_lib_init_heap_2
</UL>

<P><STRONG><a name="[eb]"></a>__Heap_Initialize</STRONG> (Thumb, 10 bytes, Stack size 0 bytes, h1_init.o(.text))
<BR><BR>[Called By]<UL><LI><a href="#[a5]">&gt;&gt;</a>&nbsp;&nbsp;&nbsp;_init_alloc
</UL>

<P><STRONG><a name="[b]"></a>__Heap_DescSize</STRONG> (Thumb, 4 bytes, Stack size 0 bytes, h1_init.o(.text), UNUSED)

<P><STRONG><a name="[df]"></a>_ll_udiv10</STRONG> (Thumb, 138 bytes, Stack size 0 bytes, lludiv10.o(.text))
<BR><BR>[Called By]<UL><LI><a href="#[95]">&gt;&gt;</a>&nbsp;&nbsp;&nbsp;_printf_longlong_dec
<LI><a href="#[da]">&gt;&gt;</a>&nbsp;&nbsp;&nbsp;_fp_digits
</UL>

<P><STRONG><a name="[e2]"></a>_printf_fp_infnan</STRONG> (Thumb, 112 bytes, Stack size 0 bytes, _printf_fp_infnan.o(.text))
<BR><BR>[Calls]<UL><LI><a href="#[bf]">&gt;&gt;</a>&nbsp;&nbsp;&nbsp;_printf_post_padding
<LI><a href="#[be]">&gt;&gt;</a>&nbsp;&nbsp;&nbsp;_printf_pre_padding
</UL>
<BR>[Called By]<UL><LI><a href="#[e0]">&gt;&gt;</a>&nbsp;&nbsp;&nbsp;_printf_fp_dec_real
</UL>

<P><STRONG><a name="[db]"></a>_btod_etento</STRONG> (Thumb, 224 bytes, Stack size 0 bytes, bigflt0.o(.text))
<BR><BR>[Calls]<UL><LI><a href="#[de]">&gt;&gt;</a>&nbsp;&nbsp;&nbsp;_btod_emul
<LI><a href="#[dd]">&gt;&gt;</a>&nbsp;&nbsp;&nbsp;_btod_ediv
</UL>
<BR>[Called By]<UL><LI><a href="#[da]">&gt;&gt;</a>&nbsp;&nbsp;&nbsp;_fp_digits
</UL>

<P><STRONG><a name="[e7]"></a>_memset_w</STRONG> (Thumb, 0 bytes, Stack size 0 bytes, rt_memclr_w.o(.text), UNUSED)
<BR><BR>[Called By]<UL><LI><a href="#[e6]">&gt;&gt;</a>&nbsp;&nbsp;&nbsp;__rt_memclr
</UL>

<P><STRONG><a name="[b1]"></a>__user_setup_stackheap</STRONG> (Thumb, 74 bytes, Stack size 0 bytes, sys_stackheap_outer.o(.text))
<BR><BR>[Calls]<UL><LI><a href="#[ed]">&gt;&gt;</a>&nbsp;&nbsp;&nbsp;__user_initial_stackheap
<LI><a href="#[ec]">&gt;&gt;</a>&nbsp;&nbsp;&nbsp;__user_perproc_libspace
</UL>
<BR>[Called By]<UL><LI><a href="#[b0]">&gt;&gt;</a>&nbsp;&nbsp;&nbsp;__rt_entry_sh
</UL>

<P><STRONG><a name="[e8]"></a>__Heap_ProvideMemory</STRONG> (Thumb, 52 bytes, Stack size 0 bytes, h1_extend.o(.text))
<BR><BR>[Calls]<UL><LI><a href="#[d6]">&gt;&gt;</a>&nbsp;&nbsp;&nbsp;free
</UL>
<BR>[Called By]<UL><LI><a href="#[a5]">&gt;&gt;</a>&nbsp;&nbsp;&nbsp;_init_alloc
<LI><a href="#[d5]">&gt;&gt;</a>&nbsp;&nbsp;&nbsp;__Heap_Full
</UL>

<P><STRONG><a name="[b6]"></a>exit</STRONG> (Thumb, 18 bytes, Stack size 0 bytes, exit.o(.text))
<BR><BR>[Calls]<UL><LI><a href="#[ee]">&gt;&gt;</a>&nbsp;&nbsp;&nbsp;__rt_exit
</UL>
<BR>[Called By]<UL><LI><a href="#[b4]">&gt;&gt;</a>&nbsp;&nbsp;&nbsp;__rt_entry_main
</UL>

<P><STRONG><a name="[ea]"></a>__rt_SIGRTMEM</STRONG> (Thumb, 14 bytes, Stack size 0 bytes, defsig_rtmem_outer.o(.text))
<BR><BR>[Calls]<UL><LI><a href="#[ef]">&gt;&gt;</a>&nbsp;&nbsp;&nbsp;__rt_SIGRTMEM_inner
<LI><a href="#[f0]">&gt;&gt;</a>&nbsp;&nbsp;&nbsp;__sig_exit
</UL>
<BR>[Called By]<UL><LI><a href="#[a5]">&gt;&gt;</a>&nbsp;&nbsp;&nbsp;_init_alloc
<LI><a href="#[e9]">&gt;&gt;</a>&nbsp;&nbsp;&nbsp;__Heap_Broken
</UL>

<P><STRONG><a name="[ba]"></a>_sys_exit</STRONG> (Thumb, 8 bytes, Stack size 0 bytes, sys_exit.o(.text))
<BR><BR>[Called By]<UL><LI><a href="#[b9]">&gt;&gt;</a>&nbsp;&nbsp;&nbsp;__rt_exit_exit
<LI><a href="#[f0]">&gt;&gt;</a>&nbsp;&nbsp;&nbsp;__sig_exit
</UL>

<P><STRONG><a name="[f0]"></a>__sig_exit</STRONG> (Thumb, 10 bytes, Stack size 0 bytes, defsig_exit.o(.text))
<BR><BR>[Calls]<UL><LI><a href="#[ba]">&gt;&gt;</a>&nbsp;&nbsp;&nbsp;_sys_exit
</UL>
<BR>[Called By]<UL><LI><a href="#[ea]">&gt;&gt;</a>&nbsp;&nbsp;&nbsp;__rt_SIGRTMEM
</UL>

<P><STRONG><a name="[ef]"></a>__rt_SIGRTMEM_inner</STRONG> (Thumb, 22 bytes, Stack size 0 bytes, defsig_rtmem_inner.o(.text))
<BR><BR>[Calls]<UL><LI><a href="#[f1]">&gt;&gt;</a>&nbsp;&nbsp;&nbsp;__default_signal_display
</UL>
<BR>[Called By]<UL><LI><a href="#[ea]">&gt;&gt;</a>&nbsp;&nbsp;&nbsp;__rt_SIGRTMEM
</UL>

<P><STRONG><a name="[f1]"></a>__default_signal_display</STRONG> (Thumb, 50 bytes, Stack size 0 bytes, defsig_general.o(.text))
<BR><BR>[Calls]<UL><LI><a href="#[f2]">&gt;&gt;</a>&nbsp;&nbsp;&nbsp;_ttywrch
</UL>
<BR>[Called By]<UL><LI><a href="#[ef]">&gt;&gt;</a>&nbsp;&nbsp;&nbsp;__rt_SIGRTMEM_inner
</UL>

<P><STRONG><a name="[f2]"></a>_ttywrch</STRONG> (Thumb, 14 bytes, Stack size 0 bytes, sys_wrch.o(.text))
<BR><BR>[Called By]<UL><LI><a href="#[f1]">&gt;&gt;</a>&nbsp;&nbsp;&nbsp;__default_signal_display
</UL>

<P><STRONG><a name="[dc]"></a>_btod_d2e</STRONG> (Thumb, 62 bytes, Stack size 0 bytes, btod.o(CL$$btod_d2e))
<BR><BR>[Calls]<UL><LI><a href="#[f3]">&gt;&gt;</a>&nbsp;&nbsp;&nbsp;_d2e_norm_op1
</UL>
<BR>[Called By]<UL><LI><a href="#[da]">&gt;&gt;</a>&nbsp;&nbsp;&nbsp;_fp_digits
</UL>

<P><STRONG><a name="[f4]"></a>_d2e_denorm_low</STRONG> (Thumb, 70 bytes, Stack size 0 bytes, btod.o(CL$$btod_d2e_denorm_low))
<BR><BR>[Called By]<UL><LI><a href="#[f3]">&gt;&gt;</a>&nbsp;&nbsp;&nbsp;_d2e_norm_op1
</UL>

<P><STRONG><a name="[f3]"></a>_d2e_norm_op1</STRONG> (Thumb, 96 bytes, Stack size 0 bytes, btod.o(CL$$btod_d2e_norm_op1))
<BR><BR>[Calls]<UL><LI><a href="#[f4]">&gt;&gt;</a>&nbsp;&nbsp;&nbsp;_d2e_denorm_low
</UL>
<BR>[Called By]<UL><LI><a href="#[dc]">&gt;&gt;</a>&nbsp;&nbsp;&nbsp;_btod_d2e
</UL>

<P><STRONG><a name="[f5]"></a>__btod_div_common</STRONG> (Thumb, 696 bytes, Stack size 0 bytes, btod.o(CL$$btod_div_common))
<BR><BR>[Called By]<UL><LI><a href="#[dd]">&gt;&gt;</a>&nbsp;&nbsp;&nbsp;_btod_ediv
</UL>

<P><STRONG><a name="[f6]"></a>_e2e</STRONG> (Thumb, 220 bytes, Stack size 0 bytes, btod.o(CL$$btod_e2e))
<BR><BR>[Called By]<UL><LI><a href="#[de]">&gt;&gt;</a>&nbsp;&nbsp;&nbsp;_btod_emul
<LI><a href="#[dd]">&gt;&gt;</a>&nbsp;&nbsp;&nbsp;_btod_ediv
</UL>

<P><STRONG><a name="[dd]"></a>_btod_ediv</STRONG> (Thumb, 42 bytes, Stack size 0 bytes, btod.o(CL$$btod_ediv))
<BR><BR>[Calls]<UL><LI><a href="#[f6]">&gt;&gt;</a>&nbsp;&nbsp;&nbsp;_e2e
<LI><a href="#[f5]">&gt;&gt;</a>&nbsp;&nbsp;&nbsp;__btod_div_common
</UL>
<BR>[Called By]<UL><LI><a href="#[db]">&gt;&gt;</a>&nbsp;&nbsp;&nbsp;_btod_etento
<LI><a href="#[da]">&gt;&gt;</a>&nbsp;&nbsp;&nbsp;_fp_digits
</UL>

<P><STRONG><a name="[de]"></a>_btod_emul</STRONG> (Thumb, 42 bytes, Stack size 0 bytes, btod.o(CL$$btod_emul))
<BR><BR>[Calls]<UL><LI><a href="#[f7]">&gt;&gt;</a>&nbsp;&nbsp;&nbsp;__btod_mult_common
<LI><a href="#[f6]">&gt;&gt;</a>&nbsp;&nbsp;&nbsp;_e2e
</UL>
<BR>[Called By]<UL><LI><a href="#[db]">&gt;&gt;</a>&nbsp;&nbsp;&nbsp;_btod_etento
<LI><a href="#[da]">&gt;&gt;</a>&nbsp;&nbsp;&nbsp;_fp_digits
</UL>

<P><STRONG><a name="[f7]"></a>__btod_mult_common</STRONG> (Thumb, 580 bytes, Stack size 0 bytes, btod.o(CL$$btod_mult_common))
<BR><BR>[Called By]<UL><LI><a href="#[de]">&gt;&gt;</a>&nbsp;&nbsp;&nbsp;_btod_emul
</UL>

<P><STRONG><a name="[4f]"></a>ADC1_2_IRQHandler</STRONG> (Thumb, 8 bytes, Stack size 0 bytes, hal_it.o(i.ADC1_2_IRQHandler))
<BR><BR>[Calls]<UL><LI><a href="#[f8]">&gt;&gt;</a>&nbsp;&nbsp;&nbsp;HAL_ADC_IRQHandler
</UL>
<BR>[Address Reference Count : 1]<UL><LI> startup_stm32f103xb.o(RESET)
</UL>
<P><STRONG><a name="[f9]"></a>ADC_ConversionStop_Disable</STRONG> (Thumb, 84 bytes, Stack size 0 bytes, stm32f1xx_hal_adc.o(i.ADC_ConversionStop_Disable))
<BR><BR>[Calls]<UL><LI><a href="#[fa]">&gt;&gt;</a>&nbsp;&nbsp;&nbsp;HAL_GetTick
</UL>
<BR>[Called By]<UL><LI><a href="#[104]">&gt;&gt;</a>&nbsp;&nbsp;&nbsp;HAL_ADC_Init
</UL>

<P><STRONG><a name="[fb]"></a>ADC_Enable</STRONG> (Thumb, 174 bytes, Stack size 0 bytes, stm32f1xx_hal_adc.o(i.ADC_Enable))
<BR><BR>[Calls]<UL><LI><a href="#[fa]">&gt;&gt;</a>&nbsp;&nbsp;&nbsp;HAL_GetTick
</UL>
<BR>[Called By]<UL><LI><a href="#[106]">&gt;&gt;</a>&nbsp;&nbsp;&nbsp;HAL_ADC_Start_IT
</UL>

<P><STRONG><a name="[37]"></a>BusFault_Handler</STRONG> (Thumb, 2 bytes, Stack size 0 bytes, hal_it.o(i.BusFault_Handler))
<BR><BR>[Calls]<UL><LI><a href="#[37]">&gt;&gt;</a>&nbsp;&nbsp;&nbsp;BusFault_Handler
</UL>
<BR>[Called By]<UL><LI><a href="#[37]">&gt;&gt;</a>&nbsp;&nbsp;&nbsp;BusFault_Handler
</UL>
<BR>[Address Reference Count : 1]<UL><LI> startup_stm32f103xb.o(RESET)
</UL>
<P><STRONG><a name="[3a]"></a>DebugMon_Handler</STRONG> (Thumb, 2 bytes, Stack size 0 bytes, hal_it.o(i.DebugMon_Handler))
<BR>[Address Reference Count : 1]<UL><LI> startup_stm32f103xb.o(RESET)
</UL>
<P><STRONG><a name="[fc]"></a>FLASH_WaitForLastOperation</STRONG> (Thumb, 176 bytes, Stack size 0 bytes, stm32f1xx_hal_flash.o(i.FLASH_WaitForLastOperation))
<BR><BR>[Calls]<UL><LI><a href="#[fa]">&gt;&gt;</a>&nbsp;&nbsp;&nbsp;HAL_GetTick
</UL>
<BR>[Called By]<UL><LI><a href="#[107]">&gt;&gt;</a>&nbsp;&nbsp;&nbsp;HAL_FLASHEx_Erase
<LI><a href="#[108]">&gt;&gt;</a>&nbsp;&nbsp;&nbsp;HAL_FLASH_Program
</UL>

<P><STRONG><a name="[102]"></a>HAL_ADCEx_InjectedConvCpltCallback</STRONG> (Thumb, 2 bytes, Stack size 0 bytes, stm32f1xx_hal_adc_ex.o(i.HAL_ADCEx_InjectedConvCpltCallback))
<BR><BR>[Called By]<UL><LI><a href="#[f8]">&gt;&gt;</a>&nbsp;&nbsp;&nbsp;HAL_ADC_IRQHandler
</UL>

<P><STRONG><a name="[1ef]"></a>HAL_ADC_ConfigChannel</STRONG> (Thumb, 338 bytes, Stack size 0 bytes, stm32f1xx_hal_adc.o(i.HAL_ADC_ConfigChannel))
<BR><BR>[Called By]<UL><LI><a href="#[1a9]">&gt;&gt;</a>&nbsp;&nbsp;&nbsp;HAL_ADC::Init()
</UL>

<P><STRONG><a name="[fd]"></a>HAL_ADC_ConvCpltCallback</STRONG> (Thumb, 36 bytes, Stack size 0 bytes, hal_adc.o(i.HAL_ADC_ConvCpltCallback))
<BR><BR>[Calls]<UL><LI><a href="#[fe]">&gt;&gt;</a>&nbsp;&nbsp;&nbsp;HAL_ADC_GetValue
<LI><a href="#[100]">&gt;&gt;</a>&nbsp;&nbsp;&nbsp;__ARM_scalbnf
<LI><a href="#[101]">&gt;&gt;</a>&nbsp;&nbsp;&nbsp;__aeabi_fmul
<LI><a href="#[ff]">&gt;&gt;</a>&nbsp;&nbsp;&nbsp;__aeabi_ui2f
</UL>
<BR>[Called By]<UL><LI><a href="#[f8]">&gt;&gt;</a>&nbsp;&nbsp;&nbsp;HAL_ADC_IRQHandler
</UL>

<P><STRONG><a name="[fe]"></a>HAL_ADC_GetValue</STRONG> (Thumb, 6 bytes, Stack size 0 bytes, stm32f1xx_hal_adc.o(i.HAL_ADC_GetValue))
<BR><BR>[Called By]<UL><LI><a href="#[fd]">&gt;&gt;</a>&nbsp;&nbsp;&nbsp;HAL_ADC_ConvCpltCallback
</UL>

<P><STRONG><a name="[f8]"></a>HAL_ADC_IRQHandler</STRONG> (Thumb, 256 bytes, Stack size 0 bytes, stm32f1xx_hal_adc.o(i.HAL_ADC_IRQHandler))
<BR><BR>[Calls]<UL><LI><a href="#[103]">&gt;&gt;</a>&nbsp;&nbsp;&nbsp;HAL_ADC_LevelOutOfWindowCallback
<LI><a href="#[102]">&gt;&gt;</a>&nbsp;&nbsp;&nbsp;HAL_ADCEx_InjectedConvCpltCallback
<LI><a href="#[fd]">&gt;&gt;</a>&nbsp;&nbsp;&nbsp;HAL_ADC_ConvCpltCallback
</UL>
<BR>[Called By]<UL><LI><a href="#[4f]">&gt;&gt;</a>&nbsp;&nbsp;&nbsp;ADC1_2_IRQHandler
</UL>

<P><STRONG><a name="[104]"></a>HAL_ADC_Init</STRONG> (Thumb, 290 bytes, Stack size 0 bytes, stm32f1xx_hal_adc.o(i.HAL_ADC_Init))
<BR><BR>[Calls]<UL><LI><a href="#[105]">&gt;&gt;</a>&nbsp;&nbsp;&nbsp;HAL_ADC_MspInit
<LI><a href="#[f9]">&gt;&gt;</a>&nbsp;&nbsp;&nbsp;ADC_ConversionStop_Disable
</UL>
<BR>[Called By]<UL><LI><a href="#[1a9]">&gt;&gt;</a>&nbsp;&nbsp;&nbsp;HAL_ADC::Init()
</UL>

<P><STRONG><a name="[103]"></a>HAL_ADC_LevelOutOfWindowCallback</STRONG> (Thumb, 2 bytes, Stack size 0 bytes, stm32f1xx_hal_adc.o(i.HAL_ADC_LevelOutOfWindowCallback))
<BR><BR>[Called By]<UL><LI><a href="#[f8]">&gt;&gt;</a>&nbsp;&nbsp;&nbsp;HAL_ADC_IRQHandler
</UL>

<P><STRONG><a name="[105]"></a>HAL_ADC_MspInit</STRONG> (Thumb, 2 bytes, Stack size 0 bytes, stm32f1xx_hal_adc.o(i.HAL_ADC_MspInit))
<BR><BR>[Called By]<UL><LI><a href="#[104]">&gt;&gt;</a>&nbsp;&nbsp;&nbsp;HAL_ADC_Init
</UL>

<P><STRONG><a name="[106]"></a>HAL_ADC_Start_IT</STRONG> (Thumb, 214 bytes, Stack size 0 bytes, stm32f1xx_hal_adc.o(i.HAL_ADC_Start_IT))
<BR><BR>[Calls]<UL><LI><a href="#[fb]">&gt;&gt;</a>&nbsp;&nbsp;&nbsp;ADC_Enable
</UL>
<BR>[Called By]<UL><LI><a href="#[1a9]">&gt;&gt;</a>&nbsp;&nbsp;&nbsp;HAL_ADC::Init()
<LI><a href="#[1e2]">&gt;&gt;</a>&nbsp;&nbsp;&nbsp;HAL_ADC::Update()
</UL>

<P><STRONG><a name="[15f]"></a>HAL_DMA_Abort_IT</STRONG> (Thumb, 140 bytes, Stack size 0 bytes, stm32f1xx_hal_dma.o(i.HAL_DMA_Abort_IT))
<BR><BR>[Called By]<UL><LI><a href="#[15d]">&gt;&gt;</a>&nbsp;&nbsp;&nbsp;HAL_UART_IRQHandler
</UL>

<P><STRONG><a name="[70]"></a>HAL_Delay</STRONG> (Thumb, 34 bytes, Stack size 0 bytes, stm32f1xx_hal.o(i.HAL_Delay))
<BR><BR>[Calls]<UL><LI><a href="#[fa]">&gt;&gt;</a>&nbsp;&nbsp;&nbsp;HAL_GetTick
</UL>
<BR>[Called By]<UL><LI><a href="#[1d7]">&gt;&gt;</a>&nbsp;&nbsp;&nbsp;ST7735::Init()
</UL>
<BR>[Address Reference Count : 1]<UL><LI> bme280.o(i._ZN6BME2804InitEv)
</UL>
<P><STRONG><a name="[107]"></a>HAL_FLASHEx_Erase</STRONG> (Thumb, 200 bytes, Stack size 0 bytes, stm32f1xx_hal_flash_ex.o(i.HAL_FLASHEx_Erase))
<BR><BR>[Calls]<UL><LI><a href="#[fc]">&gt;&gt;</a>&nbsp;&nbsp;&nbsp;FLASH_WaitForLastOperation
</UL>
<BR>[Called By]<UL><LI><a href="#[1f3]">&gt;&gt;</a>&nbsp;&nbsp;&nbsp;HAL_ROM::SaveSettings(const Settings&)
</UL>

<P><STRONG><a name="[1f5]"></a>HAL_FLASH_Lock</STRONG> (Thumb, 14 bytes, Stack size 0 bytes, stm32f1xx_hal_flash.o(i.HAL_FLASH_Lock))
<BR><BR>[Called By]<UL><LI><a href="#[1f3]">&gt;&gt;</a>&nbsp;&nbsp;&nbsp;HAL_ROM::SaveSettings(const Settings&)
</UL>

<P><STRONG><a name="[108]"></a>HAL_FLASH_Program</STRONG> (Thumb, 326 bytes, Stack size 0 bytes, stm32f1xx_hal_flash.o(i.HAL_FLASH_Program))
<BR><BR>[Calls]<UL><LI><a href="#[fc]">&gt;&gt;</a>&nbsp;&nbsp;&nbsp;FLASH_WaitForLastOperation
<LI><a href="#[fa]">&gt;&gt;</a>&nbsp;&nbsp;&nbsp;HAL_GetTick
<LI><a href="#[109]">&gt;&gt;</a>&nbsp;&nbsp;&nbsp;__aeabi_llsr
</UL>
<BR>[Called By]<UL><LI><a href="#[1f3]">&gt;&gt;</a>&nbsp;&nbsp;&nbsp;HAL_ROM::SaveSettings(const Settings&)
</UL>

<P><STRONG><a name="[1f4]"></a>HAL_FLASH_Unlock</STRONG> (Thumb, 34 bytes, Stack size 0 bytes, stm32f1xx_hal_flash.o(i.HAL_FLASH_Unlock))
<BR><BR>[Called By]<UL><LI><a href="#[1f3]">&gt;&gt;</a>&nbsp;&nbsp;&nbsp;HAL_ROM::SaveSettings(const Settings&)
</UL>

<P><STRONG><a name="[113]"></a>HAL_GPIO_Init</STRONG> (Thumb, 456 bytes, Stack size 0 bytes, stm32f1xx_hal_gpio.o(i.HAL_GPIO_Init))
<BR><BR>[Called By]<UL><LI><a href="#[10b]">&gt;&gt;</a>&nbsp;&nbsp;&nbsp;HAL_I2C_MspInit
<LI><a href="#[1a9]">&gt;&gt;</a>&nbsp;&nbsp;&nbsp;HAL_ADC::Init()
<LI><a href="#[19f]">&gt;&gt;</a>&nbsp;&nbsp;&nbsp;HAL_USART_HC12::Init()
<LI><a href="#[1d8]">&gt;&gt;</a>&nbsp;&nbsp;&nbsp;Keyboard::Init()
<LI><a href="#[1d7]">&gt;&gt;</a>&nbsp;&nbsp;&nbsp;ST7735::Init()
<LI><a href="#[1ce]">&gt;&gt;</a>&nbsp;&nbsp;&nbsp;Beeper::Init()
<LI><a href="#[1b4]">&gt;&gt;</a>&nbsp;&nbsp;&nbsp;HC12::Init()
</UL>

<P><STRONG><a name="[1fa]"></a>HAL_GPIO_ReadPin</STRONG> (Thumb, 10 bytes, Stack size 0 bytes, stm32f1xx_hal_gpio.o(i.HAL_GPIO_ReadPin))
<BR><BR>[Called By]<UL><LI><a href="#[1e0]">&gt;&gt;</a>&nbsp;&nbsp;&nbsp;Keyboard::Update()
</UL>

<P><STRONG><a name="[15c]"></a>HAL_GPIO_WritePin</STRONG> (Thumb, 10 bytes, Stack size 0 bytes, stm32f1xx_hal_gpio.o(i.HAL_GPIO_WritePin))
<BR><BR>[Called By]<UL><LI><a href="#[1e6]">&gt;&gt;</a>&nbsp;&nbsp;&nbsp;ST7735::SendData8(unsigned char)
<LI><a href="#[1e4]">&gt;&gt;</a>&nbsp;&nbsp;&nbsp;ST7735::SendCommand(unsigned char)
<LI><a href="#[1e3]">&gt;&gt;</a>&nbsp;&nbsp;&nbsp;ST7735::SendData16(unsigned short)
<LI><a href="#[158]">&gt;&gt;</a>&nbsp;&nbsp;&nbsp;HAL_TIM_PeriodElapsedCallback
<LI><a href="#[1e5]">&gt;&gt;</a>&nbsp;&nbsp;&nbsp;ST7735::WriteBuffer(int, int, int, int)
<LI><a href="#[1d7]">&gt;&gt;</a>&nbsp;&nbsp;&nbsp;ST7735::Init()
<LI><a href="#[1b4]">&gt;&gt;</a>&nbsp;&nbsp;&nbsp;HC12::Init()
</UL>

<P><STRONG><a name="[fa]"></a>HAL_GetTick</STRONG> (Thumb, 6 bytes, Stack size 0 bytes, stm32f1xx_hal.o(i.HAL_GetTick))
<BR><BR>[Called By]<UL><LI><a href="#[fb]">&gt;&gt;</a>&nbsp;&nbsp;&nbsp;ADC_Enable
<LI><a href="#[f9]">&gt;&gt;</a>&nbsp;&nbsp;&nbsp;ADC_ConversionStop_Disable
<LI><a href="#[108]">&gt;&gt;</a>&nbsp;&nbsp;&nbsp;HAL_FLASH_Program
<LI><a href="#[fc]">&gt;&gt;</a>&nbsp;&nbsp;&nbsp;FLASH_WaitForLastOperation
<LI><a href="#[14b]">&gt;&gt;</a>&nbsp;&nbsp;&nbsp;HAL_RTC_Init
<LI><a href="#[166]">&gt;&gt;</a>&nbsp;&nbsp;&nbsp;HAL_UART_Transmit
<LI><a href="#[167]">&gt;&gt;</a>&nbsp;&nbsp;&nbsp;UART_WaitOnFlagUntilTimeout(UART_HandleTypeDef*, unsigned, FlagStatus, unsigned, unsigned)
<LI><a href="#[110]">&gt;&gt;</a>&nbsp;&nbsp;&nbsp;HAL_I2C_Mem_Write
<LI><a href="#[10d]">&gt;&gt;</a>&nbsp;&nbsp;&nbsp;HAL_I2C_Mem_Read
<LI><a href="#[199]">&gt;&gt;</a>&nbsp;&nbsp;&nbsp;I2C_WaitOnMasterAddressFlagUntilTimeout(I2C_HandleTypeDef*, unsigned, unsigned, unsigned)
<LI><a href="#[112]">&gt;&gt;</a>&nbsp;&nbsp;&nbsp;I2C_WaitOnTXEFlagUntilTimeout(I2C_HandleTypeDef*, unsigned, unsigned)
<LI><a href="#[10e]">&gt;&gt;</a>&nbsp;&nbsp;&nbsp;I2C_WaitOnFlagUntilTimeout(I2C_HandleTypeDef*, unsigned, FlagStatus, unsigned, unsigned)
<LI><a href="#[148]">&gt;&gt;</a>&nbsp;&nbsp;&nbsp;HAL_RCCEx_PeriphCLKConfig
<LI><a href="#[14a]">&gt;&gt;</a>&nbsp;&nbsp;&nbsp;HAL_RCC_OscConfig
<LI><a href="#[149]">&gt;&gt;</a>&nbsp;&nbsp;&nbsp;HAL_RCC_ClockConfig
<LI><a href="#[70]">&gt;&gt;</a>&nbsp;&nbsp;&nbsp;HAL_Delay
<LI><a href="#[1f7]">&gt;&gt;</a>&nbsp;&nbsp;&nbsp;HAL_RTC::SetTime(const PackedTime&)
<LI><a href="#[19d]">&gt;&gt;</a>&nbsp;&nbsp;&nbsp;TimeMeterMS::Reset()
<LI><a href="#[19e]">&gt;&gt;</a>&nbsp;&nbsp;&nbsp;TimeMeterMS::TimeMeterMS()
<LI><a href="#[19c]">&gt;&gt;</a>&nbsp;&nbsp;&nbsp;TimeMeterMS::ElapsedTime()
<LI><a href="#[1c3]">&gt;&gt;</a>&nbsp;&nbsp;&nbsp;Timer::CurrentTime()
<LI><a href="#[1c5]">&gt;&gt;</a>&nbsp;&nbsp;&nbsp;BME280::GetMeasures(float*, float*, float*)
</UL>

<P><STRONG><a name="[1f8]"></a>HAL_I2C_GetState</STRONG> (Thumb, 6 bytes, Stack size 0 bytes, stm32f1xx_hal_i2c.o(i.HAL_I2C_GetState))
<BR><BR>[Called By]<UL><LI><a href="#[6f]">&gt;&gt;</a>&nbsp;&nbsp;&nbsp;HAL_I2C1::Write(unsigned char, unsigned char, unsigned char*, unsigned short)
<LI><a href="#[6e]">&gt;&gt;</a>&nbsp;&nbsp;&nbsp;HAL_I2C1::Read(unsigned char, unsigned char, unsigned char*, unsigned short)
</UL>

<P><STRONG><a name="[10a]"></a>HAL_I2C_Init</STRONG> (Thumb, 322 bytes, Stack size 0 bytes, stm32f1xx_hal_i2c.o(i.HAL_I2C_Init))
<BR><BR>[Calls]<UL><LI><a href="#[10c]">&gt;&gt;</a>&nbsp;&nbsp;&nbsp;HAL_RCC_GetPCLK1Freq
<LI><a href="#[10b]">&gt;&gt;</a>&nbsp;&nbsp;&nbsp;HAL_I2C_MspInit
</UL>
<BR>[Called By]<UL><LI><a href="#[1a7]">&gt;&gt;</a>&nbsp;&nbsp;&nbsp;HAL_I2C1::Init()
</UL>

<P><STRONG><a name="[10d]"></a>HAL_I2C_Mem_Read</STRONG> (Thumb, 792 bytes, Stack size 0 bytes, stm32f1xx_hal_i2c.o(i.HAL_I2C_Mem_Read))
<BR><BR>[Calls]<UL><LI><a href="#[10e]">&gt;&gt;</a>&nbsp;&nbsp;&nbsp;I2C_WaitOnFlagUntilTimeout(I2C_HandleTypeDef*, unsigned, FlagStatus, unsigned, unsigned)
<LI><a href="#[10f]">&gt;&gt;</a>&nbsp;&nbsp;&nbsp;I2C_RequestMemoryRead(I2C_HandleTypeDef*, unsigned short, unsigned short, unsigned short, unsigned, unsigned)
<LI><a href="#[fa]">&gt;&gt;</a>&nbsp;&nbsp;&nbsp;HAL_GetTick
</UL>
<BR>[Called By]<UL><LI><a href="#[6e]">&gt;&gt;</a>&nbsp;&nbsp;&nbsp;HAL_I2C1::Read(unsigned char, unsigned char, unsigned char*, unsigned short)
</UL>

<P><STRONG><a name="[110]"></a>HAL_I2C_Mem_Write</STRONG> (Thumb, 418 bytes, Stack size 0 bytes, stm32f1xx_hal_i2c.o(i.HAL_I2C_Mem_Write))
<BR><BR>[Calls]<UL><LI><a href="#[112]">&gt;&gt;</a>&nbsp;&nbsp;&nbsp;I2C_WaitOnTXEFlagUntilTimeout(I2C_HandleTypeDef*, unsigned, unsigned)
<LI><a href="#[10e]">&gt;&gt;</a>&nbsp;&nbsp;&nbsp;I2C_WaitOnFlagUntilTimeout(I2C_HandleTypeDef*, unsigned, FlagStatus, unsigned, unsigned)
<LI><a href="#[111]">&gt;&gt;</a>&nbsp;&nbsp;&nbsp;I2C_RequestMemoryWrite(I2C_HandleTypeDef*, unsigned short, unsigned short, unsigned short, unsigned, unsigned)
<LI><a href="#[fa]">&gt;&gt;</a>&nbsp;&nbsp;&nbsp;HAL_GetTick
</UL>
<BR>[Called By]<UL><LI><a href="#[6f]">&gt;&gt;</a>&nbsp;&nbsp;&nbsp;HAL_I2C1::Write(unsigned char, unsigned char, unsigned char*, unsigned short)
</UL>

<P><STRONG><a name="[10b]"></a>HAL_I2C_MspInit</STRONG> (Thumb, 66 bytes, Stack size 0 bytes, hal_i2c.o(i.HAL_I2C_MspInit))
<BR><BR>[Calls]<UL><LI><a href="#[113]">&gt;&gt;</a>&nbsp;&nbsp;&nbsp;HAL_GPIO_Init
</UL>
<BR>[Called By]<UL><LI><a href="#[10a]">&gt;&gt;</a>&nbsp;&nbsp;&nbsp;HAL_I2C_Init
</UL>

<P><STRONG><a name="[168]"></a>HAL_IncTick</STRONG> (Thumb, 12 bytes, Stack size 0 bytes, stm32f1xx_hal.o(i.HAL_IncTick))
<BR><BR>[Called By]<UL><LI><a href="#[3c]">&gt;&gt;</a>&nbsp;&nbsp;&nbsp;SysTick_Handler
</UL>

<P><STRONG><a name="[114]"></a>HAL_Init</STRONG> (Thumb, 32 bytes, Stack size 0 bytes, stm32f1xx_hal.o(i.HAL_Init))
<BR><BR>[Calls]<UL><LI><a href="#[117]">&gt;&gt;</a>&nbsp;&nbsp;&nbsp;HAL_MspInit
<LI><a href="#[116]">&gt;&gt;</a>&nbsp;&nbsp;&nbsp;HAL_InitTick
<LI><a href="#[115]">&gt;&gt;</a>&nbsp;&nbsp;&nbsp;HAL_NVIC_SetPriorityGrouping
</UL>
<BR>[Called By]<UL><LI><a href="#[1a6]">&gt;&gt;</a>&nbsp;&nbsp;&nbsp;HAL::Init()
</UL>

<P><STRONG><a name="[116]"></a>HAL_InitTick</STRONG> (Thumb, 54 bytes, Stack size 0 bytes, stm32f1xx_hal.o(i.HAL_InitTick))
<BR><BR>[Calls]<UL><LI><a href="#[118]">&gt;&gt;</a>&nbsp;&nbsp;&nbsp;HAL_SYSTICK_Config
<LI><a href="#[119]">&gt;&gt;</a>&nbsp;&nbsp;&nbsp;HAL_NVIC_SetPriority
</UL>
<BR>[Called By]<UL><LI><a href="#[149]">&gt;&gt;</a>&nbsp;&nbsp;&nbsp;HAL_RCC_ClockConfig
<LI><a href="#[114]">&gt;&gt;</a>&nbsp;&nbsp;&nbsp;HAL_Init
</UL>

<P><STRONG><a name="[117]"></a>HAL_MspInit</STRONG> (Thumb, 2 bytes, Stack size 0 bytes, stm32f1xx_hal.o(i.HAL_MspInit))
<BR><BR>[Called By]<UL><LI><a href="#[114]">&gt;&gt;</a>&nbsp;&nbsp;&nbsp;HAL_Init
</UL>

<P><STRONG><a name="[1d1]"></a>HAL_NVIC_DisableIRQ</STRONG> (Thumb, 38 bytes, Stack size 0 bytes, stm32f1xx_hal_cortex.o(i.HAL_NVIC_DisableIRQ))
<BR><BR>[Called By]<UL><LI><a href="#[1d2]">&gt;&gt;</a>&nbsp;&nbsp;&nbsp;Beeper::Start(int)
<LI><a href="#[1cf]">&gt;&gt;</a>&nbsp;&nbsp;&nbsp;Beeper::Stop()
</UL>

<P><STRONG><a name="[139]"></a>HAL_NVIC_EnableIRQ</STRONG> (Thumb, 30 bytes, Stack size 0 bytes, stm32f1xx_hal_cortex.o(i.HAL_NVIC_EnableIRQ))
<BR><BR>[Called By]<UL><LI><a href="#[1a9]">&gt;&gt;</a>&nbsp;&nbsp;&nbsp;HAL_ADC::Init()
<LI><a href="#[19f]">&gt;&gt;</a>&nbsp;&nbsp;&nbsp;HAL_USART_HC12::Init()
<LI><a href="#[133]">&gt;&gt;</a>&nbsp;&nbsp;&nbsp;HAL_PCD_MspInit
<LI><a href="#[1d2]">&gt;&gt;</a>&nbsp;&nbsp;&nbsp;Beeper::Start(int)
</UL>

<P><STRONG><a name="[119]"></a>HAL_NVIC_SetPriority</STRONG> (Thumb, 96 bytes, Stack size 0 bytes, stm32f1xx_hal_cortex.o(i.HAL_NVIC_SetPriority))
<BR><BR>[Called By]<UL><LI><a href="#[116]">&gt;&gt;</a>&nbsp;&nbsp;&nbsp;HAL_InitTick
<LI><a href="#[1a9]">&gt;&gt;</a>&nbsp;&nbsp;&nbsp;HAL_ADC::Init()
<LI><a href="#[19f]">&gt;&gt;</a>&nbsp;&nbsp;&nbsp;HAL_USART_HC12::Init()
<LI><a href="#[133]">&gt;&gt;</a>&nbsp;&nbsp;&nbsp;HAL_PCD_MspInit
<LI><a href="#[1d2]">&gt;&gt;</a>&nbsp;&nbsp;&nbsp;Beeper::Start(int)
</UL>

<P><STRONG><a name="[115]"></a>HAL_NVIC_SetPriorityGrouping</STRONG> (Thumb, 30 bytes, Stack size 0 bytes, stm32f1xx_hal_cortex.o(i.HAL_NVIC_SetPriorityGrouping))
<BR><BR>[Called By]<UL><LI><a href="#[114]">&gt;&gt;</a>&nbsp;&nbsp;&nbsp;HAL_Init
</UL>

<P><STRONG><a name="[179]"></a>HAL_PCDEx_PMAConfig</STRONG> (Thumb, 48 bytes, Stack size 0 bytes, stm32f1xx_hal_pcd_ex.o(i.HAL_PCDEx_PMAConfig))
<BR><BR>[Called By]<UL><LI><a href="#[174]">&gt;&gt;</a>&nbsp;&nbsp;&nbsp;USBD_LL_Init
</UL>

<P><STRONG><a name="[142]"></a>HAL_PCDEx_SetConnectionState</STRONG> (Thumb, 2 bytes, Stack size 0 bytes, usbd_conf.o(i.HAL_PCDEx_SetConnectionState))
<BR><BR>[Called By]<UL><LI><a href="#[141]">&gt;&gt;</a>&nbsp;&nbsp;&nbsp;HAL_PCD_Start
</UL>

<P><STRONG><a name="[11a]"></a>HAL_PCD_DataInStageCallback</STRONG> (Thumb, 14 bytes, Stack size 0 bytes, usbd_conf.o(i.HAL_PCD_DataInStageCallback))
<BR><BR>[Calls]<UL><LI><a href="#[11b]">&gt;&gt;</a>&nbsp;&nbsp;&nbsp;USBD_LL_DataInStage
</UL>
<BR>[Called By]<UL><LI><a href="#[12c]">&gt;&gt;</a>&nbsp;&nbsp;&nbsp;PCD_EP_ISR_Handler(PCD_HandleTypeDef*)
</UL>

<P><STRONG><a name="[11c]"></a>HAL_PCD_DataOutStageCallback</STRONG> (Thumb, 16 bytes, Stack size 0 bytes, usbd_conf.o(i.HAL_PCD_DataOutStageCallback))
<BR><BR>[Calls]<UL><LI><a href="#[11d]">&gt;&gt;</a>&nbsp;&nbsp;&nbsp;USBD_LL_DataOutStage
</UL>
<BR>[Called By]<UL><LI><a href="#[12c]">&gt;&gt;</a>&nbsp;&nbsp;&nbsp;PCD_EP_ISR_Handler(PCD_HandleTypeDef*)
</UL>

<P><STRONG><a name="[11e]"></a>HAL_PCD_EP_Close</STRONG> (Thumb, 66 bytes, Stack size 0 bytes, stm32f1xx_hal_pcd.o(i.HAL_PCD_EP_Close))
<BR><BR>[Calls]<UL><LI><a href="#[11f]">&gt;&gt;</a>&nbsp;&nbsp;&nbsp;USB_DeactivateEndpoint
</UL>
<BR>[Called By]<UL><LI><a href="#[176]">&gt;&gt;</a>&nbsp;&nbsp;&nbsp;USBD_LL_CloseEP
</UL>

<P><STRONG><a name="[120]"></a>HAL_PCD_EP_ClrStall</STRONG> (Thumb, 72 bytes, Stack size 0 bytes, stm32f1xx_hal_pcd.o(i.HAL_PCD_EP_ClrStall))
[...]
<LI><a href="#[8a]">&gt;&gt;</a>&nbsp;&nbsp;&nbsp;_printf_e
<LI><a href="#[88]">&gt;&gt;</a>&nbsp;&nbsp;&nbsp;_printf_f
</UL>

<P><STRONG><a name="[22e]"></a>__fpl_return_NaN</STRONG> (Thumb, 100 bytes, Stack size 0 bytes, retnan.o(x$fpl$retnan))
<BR><BR>[Calls]<UL><LI><a href="#[248]">&gt;&gt;</a>&nbsp;&nbsp;&nbsp;__fpl_cmpreturn
</UL>
<BR>[Called By]<UL><LI><a href="#[23e]">&gt;&gt;</a>&nbsp;&nbsp;&nbsp;__fpl_fcheck_NaN1
<LI><a href="#[22d]">&gt;&gt;</a>&nbsp;&nbsp;&nbsp;__fpl_dcheck_NaN1
</UL>

<P><STRONG><a name="[21a]"></a>__ARM_scalbn</STRONG> (Thumb, 92 bytes, Stack size 0 bytes, scalbn.o(x$fpl$scalbn))
<BR><BR>[Calls]<UL><LI><a href="#[22d]">&gt;&gt;</a>&nbsp;&nbsp;&nbsp;__fpl_dcheck_NaN1
</UL>
<BR>[Called By]<UL><LI><a href="#[218]">&gt;&gt;</a>&nbsp;&nbsp;&nbsp;bme280_compensate_data
</UL>

<P><STRONG><a name="[100]"></a>__ARM_scalbnf</STRONG> (Thumb, 76 bytes, Stack size 0 bytes, scalbnf.o(x$fpl$scalbnf))
<BR><BR>[Calls]<UL><LI><a href="#[23e]">&gt;&gt;</a>&nbsp;&nbsp;&nbsp;__fpl_fcheck_NaN1
</UL>
<BR>[Called By]<UL><LI><a href="#[fd]">&gt;&gt;</a>&nbsp;&nbsp;&nbsp;HAL_ADC_ConvCpltCallback
<LI><a href="#[216]">&gt;&gt;</a>&nbsp;&nbsp;&nbsp;__mathlib_flt_infnan
<LI><a href="#[1dc]">&gt;&gt;</a>&nbsp;&nbsp;&nbsp;logf
</UL>

<P><STRONG><a name="[248]"></a>__fpl_cmpreturn</STRONG> (Thumb, 48 bytes, Stack size 0 bytes, trapv.o(x$fpl$trapveneer))
<BR><BR>[Called By]<UL><LI><a href="#[22e]">&gt;&gt;</a>&nbsp;&nbsp;&nbsp;__fpl_return_NaN
</UL>
<P>
<H3>
Local Symbols
</H3>
<P><STRONG><a name="[12c]"></a>PCD_EP_ISR_Handler(PCD_HandleTypeDef*)</STRONG> (Thumb, 1014 bytes, Stack size 0 bytes, stm32f1xx_hal_pcd.o(i._Z18PCD_EP_ISR_HandlerP17PCD_HandleTypeDef))
<BR><BR>[Calls]<UL><LI><a href="#[194]">&gt;&gt;</a>&nbsp;&nbsp;&nbsp;USB_WritePMA
<LI><a href="#[193]">&gt;&gt;</a>&nbsp;&nbsp;&nbsp;USB_ReadPMA
<LI><a href="#[125]">&gt;&gt;</a>&nbsp;&nbsp;&nbsp;USB_EPStartXfer
<LI><a href="#[13f]">&gt;&gt;</a>&nbsp;&nbsp;&nbsp;HAL_PCD_SetupStageCallback
<LI><a href="#[11c]">&gt;&gt;</a>&nbsp;&nbsp;&nbsp;HAL_PCD_DataOutStageCallback
<LI><a href="#[11a]">&gt;&gt;</a>&nbsp;&nbsp;&nbsp;HAL_PCD_DataInStageCallback
</UL>
<BR>[Called By]<UL><LI><a href="#[12a]">&gt;&gt;</a>&nbsp;&nbsp;&nbsp;HAL_PCD_IRQHandler
</UL>

<P><STRONG><a name="[10f]"></a>I2C_RequestMemoryRead(I2C_HandleTypeDef*, unsigned short, unsigned short, unsigned short, unsigned, unsigned)</STRONG> (Thumb, 270 bytes, Stack size 0 bytes, stm32f1xx_hal_i2c.o(i._Z21I2C_RequestMemoryReadP17I2C_HandleTypeDeftttjj))
<BR><BR>[Calls]<UL><LI><a href="#[199]">&gt;&gt;</a>&nbsp;&nbsp;&nbsp;I2C_WaitOnMasterAddressFlagUntilTimeout(I2C_HandleTypeDef*, unsigned, unsigned, unsigned)
<LI><a href="#[112]">&gt;&gt;</a>&nbsp;&nbsp;&nbsp;I2C_WaitOnTXEFlagUntilTimeout(I2C_HandleTypeDef*, unsigned, unsigned)
<LI><a href="#[10e]">&gt;&gt;</a>&nbsp;&nbsp;&nbsp;I2C_WaitOnFlagUntilTimeout(I2C_HandleTypeDef*, unsigned, FlagStatus, unsigned, unsigned)
</UL>
<BR>[Called By]<UL><LI><a href="#[10d]">&gt;&gt;</a>&nbsp;&nbsp;&nbsp;HAL_I2C_Mem_Read
</UL>

<P><STRONG><a name="[111]"></a>I2C_RequestMemoryWrite(I2C_HandleTypeDef*, unsigned short, unsigned short, unsigned short, unsigned, unsigned)</STRONG> (Thumb, 174 bytes, Stack size 0 bytes, stm32f1xx_hal_i2c.o(i._Z22I2C_RequestMemoryWriteP17I2C_HandleTypeDeftttjj))
<BR><BR>[Calls]<UL><LI><a href="#[199]">&gt;&gt;</a>&nbsp;&nbsp;&nbsp;I2C_WaitOnMasterAddressFlagUntilTimeout(I2C_HandleTypeDef*, unsigned, unsigned, unsigned)
<LI><a href="#[112]">&gt;&gt;</a>&nbsp;&nbsp;&nbsp;I2C_WaitOnTXEFlagUntilTimeout(I2C_HandleTypeDef*, unsigned, unsigned)
<LI><a href="#[10e]">&gt;&gt;</a>&nbsp;&nbsp;&nbsp;I2C_WaitOnFlagUntilTimeout(I2C_HandleTypeDef*, unsigned, FlagStatus, unsigned, unsigned)
</UL>
<BR>[Called By]<UL><LI><a href="#[110]">&gt;&gt;</a>&nbsp;&nbsp;&nbsp;HAL_I2C_Mem_Write
</UL>

<P><STRONG><a name="[10e]"></a>I2C_WaitOnFlagUntilTimeout(I2C_HandleTypeDef*, unsigned, FlagStatus, unsigned, unsigned)</STRONG> (Thumb, 158 bytes, Stack size 0 bytes, stm32f1xx_hal_i2c.o(i._Z26I2C_WaitOnFlagUntilTimeoutP17I2C_HandleTypeDefj10FlagStatusjj))
<BR><BR>[Calls]<UL><LI><a href="#[fa]">&gt;&gt;</a>&nbsp;&nbsp;&nbsp;HAL_GetTick
</UL>
<BR>[Called By]<UL><LI><a href="#[110]">&gt;&gt;</a>&nbsp;&nbsp;&nbsp;HAL_I2C_Mem_Write
<LI><a href="#[10d]">&gt;&gt;</a>&nbsp;&nbsp;&nbsp;HAL_I2C_Mem_Read
<LI><a href="#[111]">&gt;&gt;</a>&nbsp;&nbsp;&nbsp;I2C_RequestMemoryWrite(I2C_HandleTypeDef*, unsigned short, unsigned short, unsigned short, unsigned, unsigned)
<LI><a href="#[10f]">&gt;&gt;</a>&nbsp;&nbsp;&nbsp;I2C_RequestMemoryRead(I2C_HandleTypeDef*, unsigned short, unsigned short, unsigned short, unsigned, unsigned)
</UL>

<P><STRONG><a name="[112]"></a>I2C_WaitOnTXEFlagUntilTimeout(I2C_HandleTypeDef*, unsigned, unsigned)</STRONG> (Thumb, 124 bytes, Stack size 0 bytes, stm32f1xx_hal_i2c.o(i._Z29I2C_WaitOnTXEFlagUntilTimeoutP17I2C_HandleTypeDefjj))
<BR><BR>[Calls]<UL><LI><a href="#[fa]">&gt;&gt;</a>&nbsp;&nbsp;&nbsp;HAL_GetTick
</UL>
<BR>[Called By]<UL><LI><a href="#[110]">&gt;&gt;</a>&nbsp;&nbsp;&nbsp;HAL_I2C_Mem_Write
<LI><a href="#[111]">&gt;&gt;</a>&nbsp;&nbsp;&nbsp;I2C_RequestMemoryWrite(I2C_HandleTypeDef*, unsigned short, unsigned short, unsigned short, unsigned, unsigned)
<LI><a href="#[10f]">&gt;&gt;</a>&nbsp;&nbsp;&nbsp;I2C_RequestMemoryRead(I2C_HandleTypeDef*, unsigned short, unsigned short, unsigned short, unsigned, unsigned)
</UL>

<P><STRONG><a name="[199]"></a>I2C_WaitOnMasterAddressFlagUntilTimeout(I2C_HandleTypeDef*, unsigned, unsigned, unsigned)</STRONG> (Thumb, 180 bytes, Stack size 0 bytes, stm32f1xx_hal_i2c.o(i._Z39I2C_WaitOnMasterAddressFlagUntilTimeoutP17I2C_HandleTypeDefjjj))
<BR><BR>[Calls]<UL><LI><a href="#[fa]">&gt;&gt;</a>&nbsp;&nbsp;&nbsp;HAL_GetTick
</UL>
<BR>[Called By]<UL><LI><a href="#[111]">&gt;&gt;</a>&nbsp;&nbsp;&nbsp;I2C_RequestMemoryWrite(I2C_HandleTypeDef*, unsigned short, unsigned short, unsigned short, unsigned, unsigned)
<LI><a href="#[10f]">&gt;&gt;</a>&nbsp;&nbsp;&nbsp;I2C_RequestMemoryRead(I2C_HandleTypeDef*, unsigned short, unsigned short, unsigned short, unsigned, unsigned)
</UL>

<P><STRONG><a name="[164]"></a>UART_SetConfig(UART_HandleTypeDef*)</STRONG> (Thumb, 432 bytes, Stack size 0 bytes, stm32f1xx_hal_uart.o(i._Z14UART_SetConfigP18UART_HandleTypeDef))
<BR><BR>[Calls]<UL><LI><a href="#[147]">&gt;&gt;</a>&nbsp;&nbsp;&nbsp;HAL_RCC_GetPCLK2Freq
<LI><a href="#[10c]">&gt;&gt;</a>&nbsp;&nbsp;&nbsp;HAL_RCC_GetPCLK1Freq
</UL>
<BR>[Called By]<UL><LI><a href="#[162]">&gt;&gt;</a>&nbsp;&nbsp;&nbsp;HAL_UART_Init
</UL>

<P><STRONG><a name="[6d]"></a>UART_DMAAbortOnError(__DMA_HandleTypeDef*)</STRONG> (Thumb, 16 bytes, Stack size 0 bytes, stm32f1xx_hal_uart.o(i._Z20UART_DMAAbortOnErrorP19__DMA_HandleTypeDef))
<BR><BR>[Calls]<UL><LI><a href="#[160]">&gt;&gt;</a>&nbsp;&nbsp;&nbsp;HAL_UART_ErrorCallback
</UL>
<BR>[Address Reference Count : 1]<UL><LI> stm32f1xx_hal_uart.o(i.HAL_UART_IRQHandler)
</UL>
<P><STRONG><a name="[167]"></a>UART_WaitOnFlagUntilTimeout(UART_HandleTypeDef*, unsigned, FlagStatus, unsigned, unsigned)</STRONG> (Thumb, 100 bytes, Stack size 0 bytes, stm32f1xx_hal_uart.o(i._Z27UART_WaitOnFlagUntilTimeoutP18UART_HandleTypeDefj10FlagStatusjj))
<BR><BR>[Calls]<UL><LI><a href="#[fa]">&gt;&gt;</a>&nbsp;&nbsp;&nbsp;HAL_GetTick
</UL>
<BR>[Called By]<UL><LI><a href="#[166]">&gt;&gt;</a>&nbsp;&nbsp;&nbsp;HAL_UART_Transmit
</UL>

<P><STRONG><a name="[75]"></a>__sti___11_Display_cpp_238b98d4</STRONG> (Thumb, 146 bytes, Stack size 0 bytes, display.o(i.__sti___11_Display_cpp_238b98d4))
<BR><BR>[Calls]<UL><LI><a href="#[cb]">&gt;&gt;</a>&nbsp;&nbsp;&nbsp;__aeabi_atexit
</UL>
<BR>[Address Reference Count : 1]<UL><LI> display.o(.init_array)
</UL>
<P><STRONG><a name="[76]"></a>__sti___12_Keyboard_cpp_key1</STRONG> (Thumb, 18 bytes, Stack size 0 bytes, keyboard.o(i.__sti___12_Keyboard_cpp_key1))
<BR><BR>[Calls]<UL><LI><a href="#[19e]">&gt;&gt;</a>&nbsp;&nbsp;&nbsp;TimeMeterMS::TimeMeterMS()
</UL>
<BR>[Address Reference Count : 1]<UL><LI> keyboard.o(.init_array)
</UL>
<P><STRONG><a name="[15]"></a>CDC_Init_FS()</STRONG> (Thumb, 28 bytes, Stack size 0 bytes, cdc.o(i._Z11CDC_Init_FSv))
<BR><BR>[Calls]<UL><LI><a href="#[187]">&gt;&gt;</a>&nbsp;&nbsp;&nbsp;USBD_CDC_SetTxBuffer
<LI><a href="#[188]">&gt;&gt;</a>&nbsp;&nbsp;&nbsp;USBD_CDC_SetRxBuffer
</UL>
<BR>[Address Reference Count : 1]<UL><LI> cdc.o(.data)
</UL>
<P><STRONG><a name="[16]"></a>CDC_DeInit_FS()</STRONG> (Thumb, 4 bytes, Stack size 0 bytes, cdc.o(i._Z13CDC_DeInit_FSv))
<BR>[Address Reference Count : 1]<UL><LI> cdc.o(.data)
</UL>
<P><STRONG><a name="[17]"></a>CDC_Control_FS(unsigned char, unsigned char*, unsigned short)</STRONG> (Thumb, 4 bytes, Stack size 0 bytes, cdc.o(i._Z14CDC_Control_FShPht))
<BR>[Address Reference Count : 1]<UL><LI> cdc.o(.data)
</UL>
<P><STRONG><a name="[18]"></a>CDC_Receive_FS(unsigned char*, unsigned*)</STRONG> (Thumb, 20 bytes, Stack size 0 bytes, cdc.o(i._Z14CDC_Receive_FSPhPj))
<BR><BR>[Calls]<UL><LI><a href="#[188]">&gt;&gt;</a>&nbsp;&nbsp;&nbsp;USBD_CDC_SetRxBuffer
<LI><a href="#[169]">&gt;&gt;</a>&nbsp;&nbsp;&nbsp;USBD_CDC_ReceivePacket
</UL>
<BR>[Address Reference Count : 1]<UL><LI> cdc.o(.data)
</UL>
<P><STRONG><a name="[19]"></a>USBD_CDC_Init(_USBD_HandleTypeDef*, unsigned char)</STRONG> (Thumb, 154 bytes, Stack size 0 bytes, usbd_cdc.o(i._Z13USBD_CDC_InitP19_USBD_HandleTypeDefh))
<BR><BR>[Calls]<UL><LI><a href="#[18a]">&gt;&gt;</a>&nbsp;&nbsp;&nbsp;USBD_static_malloc
<LI><a href="#[16a]">&gt;&gt;</a>&nbsp;&nbsp;&nbsp;USBD_LL_PrepareReceive
<LI><a href="#[17a]">&gt;&gt;</a>&nbsp;&nbsp;&nbsp;USBD_LL_OpenEP
</UL>
<BR>[Address Reference Count : 1]<UL><LI> usbd_cdc.o(.data)
</UL>
<P><STRONG><a name="[1b]"></a>USBD_CDC_Setup(_USBD_HandleTypeDef*, usb_setup_req*)</STRONG> (Thumb, 114 bytes, Stack size 0 bytes, usbd_cdc.o(i._Z14USBD_CDC_SetupP19_USBD_HandleTypeDefP13usb_setup_req))
<BR><BR>[Calls]<UL><LI><a href="#[171]">&gt;&gt;</a>&nbsp;&nbsp;&nbsp;USBD_CtlSendData
<LI><a href="#[16f]">&gt;&gt;</a>&nbsp;&nbsp;&nbsp;USBD_CtlPrepareRx
</UL>
<BR>[Address Reference Count : 1]<UL><LI> usbd_cdc.o(.data)
</UL>
<P><STRONG><a name="[1d]"></a>USBD_CDC_DataIn(_USBD_HandleTypeDef*, unsigned char)</STRONG> (Thumb, 22 bytes, Stack size 0 bytes, usbd_cdc.o(i._Z15USBD_CDC_DataInP19_USBD_HandleTypeDefh))
<BR>[Address Reference Count : 1]<UL><LI> usbd_cdc.o(.data)
</UL>
<P><STRONG><a name="[1a]"></a>USBD_CDC_DeInit(_USBD_HandleTypeDef*, unsigned char)</STRONG> (Thumb, 60 bytes, Stack size 0 bytes, usbd_cdc.o(i._Z15USBD_CDC_DeInitP19_USBD_HandleTypeDefh))
<BR><BR>[Calls]<UL><LI><a href="#[192]">&gt;&gt;</a>&nbsp;&nbsp;&nbsp;USBD_static_free
<LI><a href="#[176]">&gt;&gt;</a>&nbsp;&nbsp;&nbsp;USBD_LL_CloseEP
</UL>
<BR>[Address Reference Count : 1]<UL><LI> usbd_cdc.o(.data)
</UL>
<P><STRONG><a name="[1e]"></a>USBD_CDC_DataOut(_USBD_HandleTypeDef*, unsigned char)</STRONG> (Thumb, 48 bytes, Stack size 0 bytes, usbd_cdc.o(i._Z16USBD_CDC_DataOutP19_USBD_HandleTypeDefh))
<BR><BR>[Calls]<UL><LI><a href="#[177]">&gt;&gt;</a>&nbsp;&nbsp;&nbsp;USBD_LL_GetRxDataSize
</UL>
<BR>[Address Reference Count : 1]<UL><LI> usbd_cdc.o(.data)
</UL>
<P><STRONG><a name="[1c]"></a>USBD_CDC_EP0_RxReady(_USBD_HandleTypeDef*)</STRONG> (Thumb, 38 bytes, Stack size 0 bytes, usbd_cdc.o(i._Z20USBD_CDC_EP0_RxReadyP19_USBD_HandleTypeDef))
<BR>[Address Reference Count : 1]<UL><LI> usbd_cdc.o(.data)
</UL>
<P><STRONG><a name="[20]"></a>USBD_CDC_GetFSCfgDesc(unsigned short*)</STRONG> (Thumb, 8 bytes, Stack size 0 bytes, usbd_cdc.o(i._Z21USBD_CDC_GetFSCfgDescPt))
<BR>[Address Reference Count : 1]<UL><LI> usbd_cdc.o(.data)
</UL>
<P><STRONG><a name="[1f]"></a>USBD_CDC_GetHSCfgDesc(unsigned short*)</STRONG> (Thumb, 8 bytes, Stack size 0 bytes, usbd_cdc.o(i._Z21USBD_CDC_GetHSCfgDescPt))
<BR>[Address Reference Count : 1]<UL><LI> usbd_cdc.o(.data)
</UL>
<P><STRONG><a name="[21]"></a>USBD_CDC_GetOtherSpeedCfgDesc(unsigned short*)</STRONG> (Thumb, 8 bytes, Stack size 0 bytes, usbd_cdc.o(i._Z29USBD_CDC_GetOtherSpeedCfgDescPt))
<BR>[Address Reference Count : 1]<UL><LI> usbd_cdc.o(.data)
</UL>
<P><STRONG><a name="[195]"></a>put_device_to_sleep(const bme280_dev*)</STRONG> (Thumb, 342 bytes, Stack size 0 bytes, bme280_driver.o(i._Z19put_device_to_sleepPK10bme280_dev))
<BR><BR>[Calls]<UL><LI><a href="#[197]">&gt;&gt;</a>&nbsp;&nbsp;&nbsp;bme280_set_regs
<LI><a href="#[196]">&gt;&gt;</a>&nbsp;&nbsp;&nbsp;bme280_get_regs
</UL>
<BR>[Called By]<UL><LI><a href="#[1cc]">&gt;&gt;</a>&nbsp;&nbsp;&nbsp;bme280_set_sensor_settings
<LI><a href="#[1cd]">&gt;&gt;</a>&nbsp;&nbsp;&nbsp;bme280_set_sensor_mode
</UL>

<P><STRONG><a name="[77]"></a>__sti___8_HC12_cpp_2b370480</STRONG> (Thumb, 10 bytes, Stack size 0 bytes, hc12.o(i.__sti___8_HC12_cpp_2b370480))
<BR>[Address Reference Count : 1]<UL><LI> hc12.o(.init_array)
</UL>
<P><STRONG><a name="[1e3]"></a>ST7735::SendData16(unsigned short)</STRONG> (Thumb, 142 bytes, Stack size 0 bytes, st7735.o(i._ZN6ST773510SendData16Et))
<BR><BR>[Calls]<UL><LI><a href="#[15c]">&gt;&gt;</a>&nbsp;&nbsp;&nbsp;HAL_GPIO_WritePin
<LI><a href="#[19e]">&gt;&gt;</a>&nbsp;&nbsp;&nbsp;TimeMeterMS::TimeMeterMS()
<LI><a href="#[19c]">&gt;&gt;</a>&nbsp;&nbsp;&nbsp;TimeMeterMS::ElapsedTime()
</UL>
<BR>[Called By]<UL><LI><a href="#[1d7]">&gt;&gt;</a>&nbsp;&nbsp;&nbsp;ST7735::Init()
</UL>

<P><STRONG><a name="[1e4]"></a>ST7735::SendCommand(unsigned char)</STRONG> (Thumb, 144 bytes, Stack size 0 bytes, st7735.o(i._ZN6ST773511SendCommandEh))
<BR><BR>[Calls]<UL><LI><a href="#[15c]">&gt;&gt;</a>&nbsp;&nbsp;&nbsp;HAL_GPIO_WritePin
<LI><a href="#[19e]">&gt;&gt;</a>&nbsp;&nbsp;&nbsp;TimeMeterMS::TimeMeterMS()
<LI><a href="#[19c]">&gt;&gt;</a>&nbsp;&nbsp;&nbsp;TimeMeterMS::ElapsedTime()
</UL>
<BR>[Called By]<UL><LI><a href="#[1e5]">&gt;&gt;</a>&nbsp;&nbsp;&nbsp;ST7735::WriteBuffer(int, int, int, int)
<LI><a href="#[1d7]">&gt;&gt;</a>&nbsp;&nbsp;&nbsp;ST7735::Init()
</UL>

<P><STRONG><a name="[1e6]"></a>ST7735::SendData8(unsigned char)</STRONG> (Thumb, 132 bytes, Stack size 0 bytes, st7735.o(i._ZN6ST77359SendData8Eh))
<BR><BR>[Calls]<UL><LI><a href="#[15c]">&gt;&gt;</a>&nbsp;&nbsp;&nbsp;HAL_GPIO_WritePin
<LI><a href="#[19e]">&gt;&gt;</a>&nbsp;&nbsp;&nbsp;TimeMeterMS::TimeMeterMS()
<LI><a href="#[19c]">&gt;&gt;</a>&nbsp;&nbsp;&nbsp;TimeMeterMS::ElapsedTime()
</UL>
<BR>[Called By]<UL><LI><a href="#[1e5]">&gt;&gt;</a>&nbsp;&nbsp;&nbsp;ST7735::WriteBuffer(int, int, int, int)
<LI><a href="#[1d7]">&gt;&gt;</a>&nbsp;&nbsp;&nbsp;ST7735::Init()
</UL>

<P><STRONG><a name="[78]"></a>__sti___13_MenuItems_cpp_a3e76341</STRONG> (Thumb, 14 bytes, Stack size 0 bytes, menuitems.o(i.__sti___13_MenuItems_cpp_a3e76341))
<BR><BR>[Calls]<UL><LI><a href="#[cb]">&gt;&gt;</a>&nbsp;&nbsp;&nbsp;__aeabi_atexit
</UL>
<BR>[Address Reference Count : 1]<UL><LI> menuitems.o(.init_array)
</UL>
<P><STRONG><a name="[79]"></a>__sti___15_PageDisplay_cpp_868e8b3c</STRONG> (Thumb, 10 bytes, Stack size 0 bytes, pagedisplay.o(i.__sti___15_PageDisplay_cpp_868e8b3c))
<BR>[Address Reference Count : 1]<UL><LI> pagedisplay.o(.init_array)
</UL>
<P><STRONG><a name="[24]"></a>ClosePageHC12(bool)</STRONG> (Thumb, 8 bytes, Stack size 0 bytes, pagehc12.o(i._Z13ClosePageHC12b))
<BR><BR>[Calls]<UL><LI><a href="#[189]">&gt;&gt;</a>&nbsp;&nbsp;&nbsp;Page::Close() const
</UL>
<BR>[Address Reference Count : 1]<UL><LI> pagehc12.o(.data)
</UL>
<P><STRONG><a name="[7a]"></a>__sti___12_PageHC12_cpp_bcd072d0</STRONG> (Thumb, 10 bytes, Stack size 0 bytes, pagehc12.o(i.__sti___12_PageHC12_cpp_bcd072d0))
<BR>[Address Reference Count : 1]<UL><LI> pagehc12.o(.init_array)
</UL>
<P><STRONG><a name="[73]"></a>CloseMainPage(bool)</STRONG> (Thumb, 8 bytes, Stack size 0 bytes, pages.o(i._Z13CloseMainPageb))
<BR><BR>[Calls]<UL><LI><a href="#[189]">&gt;&gt;</a>&nbsp;&nbsp;&nbsp;Page::Close() const
</UL>
<BR>[Address Reference Count : 1]<UL><LI> pages.o(.constdata)
</UL>
<P><STRONG><a name="[74]"></a>OnOpenClose_MainPage(bool)</STRONG> (Thumb, 10 bytes, Stack size 0 bytes, pages.o(i._Z20OnOpenClose_MainPageb))
<BR><BR>[Calls]<UL><LI><a href="#[198]">&gt;&gt;</a>&nbsp;&nbsp;&nbsp;Settings::Save()
</UL>
<BR>[Address Reference Count : 1]<UL><LI> pages.o(.constdata)
</UL>
<P><STRONG><a name="[7b]"></a>__sti___9_Pages_cpp_pageMain</STRONG> (Thumb, 16 bytes, Stack size 0 bytes, pages.o(i.__sti___9_Pages_cpp_pageMain))
<BR>[Address Reference Count : 1]<UL><LI> pages.o(.init_array)
</UL>
<P><STRONG><a name="[27]"></a>Before_OpenTime(bool)</STRONG> (Thumb, 42 bytes, Stack size 0 bytes, pagesystem.o(i._Z15Before_OpenTimeb))
<BR><BR>[Calls]<UL><LI><a href="#[191]">&gt;&gt;</a>&nbsp;&nbsp;&nbsp;HAL_RTC::GetTime()
</UL>
<BR>[Address Reference Count : 1]<UL><LI> pagesystem.o(.data)
</UL>
<P><STRONG><a name="[7c]"></a>__sti___14_PageSystem_cpp_09ff3017</STRONG> (Thumb, 56 bytes, Stack size 0 bytes, pagesystem.o(i.__sti___14_PageSystem_cpp_09ff3017))
<BR>[Address Reference Count : 1]<UL><LI> pagesystem.o(.init_array)
</UL>
<P><STRONG><a name="[32]"></a>CloseMeasures(bool)</STRONG> (Thumb, 8 bytes, Stack size 0 bytes, pagemeasures.o(i._Z13CloseMeasuresb))
<BR><BR>[Calls]<UL><LI><a href="#[189]">&gt;&gt;</a>&nbsp;&nbsp;&nbsp;Page::Close() const
</UL>
<BR>[Address Reference Count : 1]<UL><LI> pagemeasures.o(.data)
</UL>
<P><STRONG><a name="[31]"></a>FixateMeasures(bool)</STRONG> (Thumb, 24 bytes, Stack size 0 bytes, pagemeasures.o(i._Z14FixateMeasuresb))
<BR><BR>[Calls]<UL><LI><a href="#[18c]">&gt;&gt;</a>&nbsp;&nbsp;&nbsp;Measures::SetFixed(bool)
<LI><a href="#[18b]">&gt;&gt;</a>&nbsp;&nbsp;&nbsp;Measures::IsFixed()
</UL>
<BR>[Address Reference Count : 1]<UL><LI> pagemeasures.o(.data)
</UL>
<P><STRONG><a name="[7d]"></a>__sti___16_PageMeasures_cpp_158d5ec3</STRONG> (Thumb, 210 bytes, Stack size 0 bytes, pagemeasures.o(i.__sti___16_PageMeasures_cpp_158d5ec3))
<BR>[Address Reference Count : 1]<UL><LI> pagemeasures.o(.init_array)
</UL>
<P><STRONG><a name="[7e]"></a>__sti___12_Settings_cpp_gset</STRONG> (Thumb, 10 bytes, Stack size 0 bytes, settings.o(i.__sti___12_Settings_cpp_gset))
<BR><BR>[Calls]<UL><LI><a href="#[cf]">&gt;&gt;</a>&nbsp;&nbsp;&nbsp;__aeabi_memcpy4
</UL>
<BR>[Address Reference Count : 1]<UL><LI> settings.o(.init_array)
</UL>
<P><STRONG><a name="[d3]"></a>_tm_carry</STRONG> (Thumb, 62 bytes, Stack size 0 bytes, mktime.o(.text))
<BR><BR>[Called By]<UL><LI><a href="#[d2]">&gt;&gt;</a>&nbsp;&nbsp;&nbsp;mktime
</UL>

<P><STRONG><a name="[238]"></a>_dadd1</STRONG> (Thumb, 0 bytes, Stack size 0 bytes, daddsub_clz.o(x$fpl$dadd), UNUSED)
<BR><BR>[Called By]<UL><LI><a href="#[239]">&gt;&gt;</a>&nbsp;&nbsp;&nbsp;_dsub
<LI><a href="#[237]">&gt;&gt;</a>&nbsp;&nbsp;&nbsp;_drsb
</UL>

<P><STRONG><a name="[22b]"></a>_dsub1</STRONG> (Thumb, 0 bytes, Stack size 0 bytes, daddsub_clz.o(x$fpl$dsub), UNUSED)
<BR><BR>[Called By]<UL><LI><a href="#[237]">&gt;&gt;</a>&nbsp;&nbsp;&nbsp;_drsb
<LI><a href="#[22a]">&gt;&gt;</a>&nbsp;&nbsp;&nbsp;_dadd
</UL>

<P><STRONG><a name="[247]"></a>_fadd1</STRONG> (Thumb, 0 bytes, Stack size 0 bytes, faddsub_clz.o(x$fpl$fadd), UNUSED)
<BR><BR>[Called By]<UL><LI><a href="#[246]">&gt;&gt;</a>&nbsp;&nbsp;&nbsp;_fsub
</UL>

<P><STRONG><a name="[23d]"></a>_fsub1</STRONG> (Thumb, 0 bytes, Stack size 0 bytes, faddsub_clz.o(x$fpl$fsub), UNUSED)
<BR><BR>[Called By]<UL><LI><a href="#[23c]">&gt;&gt;</a>&nbsp;&nbsp;&nbsp;_fadd
</UL>

<P><STRONG><a name="[da]"></a>_fp_digits</STRONG> (Thumb, 432 bytes, Stack size 0 bytes, _printf_fp_dec.o(.text))
<BR><BR>[Calls]<UL><LI><a href="#[de]">&gt;&gt;</a>&nbsp;&nbsp;&nbsp;_btod_emul
<LI><a href="#[dd]">&gt;&gt;</a>&nbsp;&nbsp;&nbsp;_btod_ediv
<LI><a href="#[dc]">&gt;&gt;</a>&nbsp;&nbsp;&nbsp;_btod_d2e
<LI><a href="#[db]">&gt;&gt;</a>&nbsp;&nbsp;&nbsp;_btod_etento
<LI><a href="#[df]">&gt;&gt;</a>&nbsp;&nbsp;&nbsp;_ll_udiv10
</UL>
<BR>[Called By]<UL><LI><a href="#[e0]">&gt;&gt;</a>&nbsp;&nbsp;&nbsp;_printf_fp_dec_real
</UL>

<P><STRONG><a name="[6b]"></a>_printf_input_char</STRONG> (Thumb, 10 bytes, Stack size 0 bytes, _printf_char_common.o(.text))
<BR>[Address Reference Count : 1]<UL><LI> _printf_char_common.o(.text)
</UL><P>
<H3>
Undefined Global Symbols
</H3><HR></body></html>
