Component: ARM Compiler 5.06 update 7 (build 960) Tool: armlink [4d3601]

==============================================================================

Section Cross References

    stm32f1xx_hal.o(i.HAL_DeInit) refers to stm32f1xx_hal.o(i.HAL_MspDeInit) for HAL_MspDeInit
    stm32f1xx_hal.o(i.HAL_Delay) refers to stm32f1xx_hal.o(i.HAL_GetTick) for HAL_GetTick
    stm32f1xx_hal.o(i.HAL_Delay) refers to stm32f1xx_hal.o(.data) for uwTickFreq
    stm32f1xx_hal.o(i.HAL_GetTick) refers to stm32f1xx_hal.o(.data) for uwTick
    stm32f1xx_hal.o(i.HAL_GetTickFreq) refers to stm32f1xx_hal.o(.data) for uwTickFreq
    stm32f1xx_hal.o(i.HAL_GetTickPrio) refers to stm32f1xx_hal.o(.data) for uwTickPrio
    stm32f1xx_hal.o(i.HAL_IncTick) refers to stm32f1xx_hal.o(.data) for uwTick
    stm32f1xx_hal.o(i.HAL_Init) refers to stm32f1xx_hal_cortex.o(i.HAL_NVIC_SetPriorityGrouping) for HAL_NVIC_SetPriorityGrouping
    stm32f1xx_hal.o(i.HAL_Init) refers to stm32f1xx_hal.o(i.HAL_InitTick) for HAL_InitTick
    stm32f1xx_hal.o(i.HAL_Init) refers to stm32f1xx_hal.o(i.HAL_MspInit) for HAL_MspInit
    stm32f1xx_hal.o(i.HAL_InitTick) refers to stm32f1xx_hal_cortex.o(i.HAL_SYSTICK_Config) for HAL_SYSTICK_Config
    stm32f1xx_hal.o(i.HAL_InitTick) refers to stm32f1xx_hal_cortex.o(i.HAL_NVIC_SetPriority) for HAL_NVIC_SetPriority
    stm32f1xx_hal.o(i.HAL_InitTick) refers to stm32f1xx_hal.o(.data) for uwTickFreq
    stm32f1xx_hal.o(i.HAL_InitTick) refers to system_stm32f1xx.o(.data) for SystemCoreClock
    stm32f1xx_hal.o(i.HAL_SetTickFreq) refers to stm32f1xx_hal.o(i.HAL_InitTick) for HAL_InitTick
    stm32f1xx_hal.o(i.HAL_SetTickFreq) refers to stm32f1xx_hal.o(.data) for uwTickFreq
    stm32f1xx_hal.o(.ARM.exidx) refers to stm32f1xx_hal.o(i.HAL_MspInit) for i.HAL_MspInit
    stm32f1xx_hal.o(.ARM.exidx) refers to stm32f1xx_hal.o(i.HAL_InitTick) for i.HAL_InitTick
    stm32f1xx_hal.o(.ARM.exidx) refers to stm32f1xx_hal.o(i.HAL_Init) for i.HAL_Init
    stm32f1xx_hal.o(.ARM.exidx) refers to stm32f1xx_hal.o(i.HAL_MspDeInit) for i.HAL_MspDeInit
    stm32f1xx_hal.o(.ARM.exidx) refers to stm32f1xx_hal.o(i.HAL_DeInit) for i.HAL_DeInit
    stm32f1xx_hal.o(.ARM.exidx) refers to stm32f1xx_hal.o(i.HAL_IncTick) for i.HAL_IncTick
    stm32f1xx_hal.o(.ARM.exidx) refers to stm32f1xx_hal.o(i.HAL_GetTick) for i.HAL_GetTick
    stm32f1xx_hal.o(.ARM.exidx) refers to stm32f1xx_hal.o(i.HAL_GetTickPrio) for i.HAL_GetTickPrio
    stm32f1xx_hal.o(.ARM.exidx) refers to stm32f1xx_hal.o(i.HAL_SetTickFreq) for i.HAL_SetTickFreq
    stm32f1xx_hal.o(.ARM.exidx) refers to stm32f1xx_hal.o(i.HAL_GetTickFreq) for i.HAL_GetTickFreq
    stm32f1xx_hal.o(.ARM.exidx) refers to stm32f1xx_hal.o(i.HAL_Delay) for i.HAL_Delay
    stm32f1xx_hal.o(.ARM.exidx) refers to stm32f1xx_hal.o(i.HAL_SuspendTick) for i.HAL_SuspendTick
    stm32f1xx_hal.o(.ARM.exidx) refers to stm32f1xx_hal.o(i.HAL_ResumeTick) for i.HAL_ResumeTick
    stm32f1xx_hal.o(.ARM.exidx) refers to stm32f1xx_hal.o(i.HAL_GetHalVersion) for i.HAL_GetHalVersion
    stm32f1xx_hal.o(.ARM.exidx) refers to stm32f1xx_hal.o(i.HAL_GetREVID) for i.HAL_GetREVID
    stm32f1xx_hal.o(.ARM.exidx) refers to stm32f1xx_hal.o(i.HAL_GetDEVID) for i.HAL_GetDEVID
    stm32f1xx_hal.o(.ARM.exidx) refers to stm32f1xx_hal.o(i.HAL_DBGMCU_EnableDBGSleepMode) for i.HAL_DBGMCU_EnableDBGSleepMode
    stm32f1xx_hal.o(.ARM.exidx) refers to stm32f1xx_hal.o(i.HAL_DBGMCU_DisableDBGSleepMode) for i.HAL_DBGMCU_DisableDBGSleepMode
    stm32f1xx_hal.o(.ARM.exidx) refers to stm32f1xx_hal.o(i.HAL_DBGMCU_EnableDBGStopMode) for i.HAL_DBGMCU_EnableDBGStopMode
    stm32f1xx_hal.o(.ARM.exidx) refers to stm32f1xx_hal.o(i.HAL_DBGMCU_DisableDBGStopMode) for i.HAL_DBGMCU_DisableDBGStopMode
    stm32f1xx_hal.o(.ARM.exidx) refers to stm32f1xx_hal.o(i.HAL_DBGMCU_EnableDBGStandbyMode) for i.HAL_DBGMCU_EnableDBGStandbyMode
    stm32f1xx_hal.o(.ARM.exidx) refers to stm32f1xx_hal.o(i.HAL_DBGMCU_DisableDBGStandbyMode) for i.HAL_DBGMCU_DisableDBGStandbyMode
    stm32f1xx_hal.o(.ARM.exidx) refers to stm32f1xx_hal.o(i.HAL_GetUID) for i.HAL_GetUID
    stm32f1xx_hal_rcc.o(i.HAL_RCC_ClockConfig) refers to stm32f1xx_hal.o(i.HAL_GetTick) for HAL_GetTick
    stm32f1xx_hal_rcc.o(i.HAL_RCC_ClockConfig) refers to stm32f1xx_hal_rcc.o(i.HAL_RCC_GetSysClockFreq) for HAL_RCC_GetSysClockFreq
    stm32f1xx_hal_rcc.o(i.HAL_RCC_ClockConfig) refers to stm32f1xx_hal.o(i.HAL_InitTick) for HAL_InitTick
    stm32f1xx_hal_rcc.o(i.HAL_RCC_ClockConfig) refers to system_stm32f1xx.o(.constdata) for AHBPrescTable
    stm32f1xx_hal_rcc.o(i.HAL_RCC_ClockConfig) refers to system_stm32f1xx.o(.data) for SystemCoreClock
    stm32f1xx_hal_rcc.o(i.HAL_RCC_DeInit) refers to stm32f1xx_hal.o(i.HAL_GetTick) for HAL_GetTick
    stm32f1xx_hal_rcc.o(i.HAL_RCC_DeInit) refers to stm32f1xx_hal.o(i.HAL_InitTick) for HAL_InitTick
    stm32f1xx_hal_rcc.o(i.HAL_RCC_DeInit) refers to system_stm32f1xx.o(.data) for SystemCoreClock
    stm32f1xx_hal_rcc.o(i.HAL_RCC_GetHCLKFreq) refers to system_stm32f1xx.o(.data) for SystemCoreClock
[...]
    0x08000282   0x08000282   0x00000006   Code   RO         9228    .ARM.Collect$$rtexit$$00000004  c_w.l(rtexit2.o)
    0x08000288   0x08000288   0x00000034   Code   RO         8547    .emb_text           c_w.l(rand.o)
    0x080002bc   0x080002bc   0x00000000   Code   RO         9149    .emb_text           c_w.l(maybetermalloc1.o)
    0x080002bc   0x080002bc   0x00000040   Code   RO         5372    .text               startup_stm32f103xb.o
    0x080002fc   0x080002fc   0x00000026   Code   RO         8463    .text               c_w.l(llushr.o)
    0x08000322   0x08000322   0x00000002   PAD
    0x08000324   0x08000324   0x00000024   Code   RO         8465    .text               c_w.l(c89vsprintf.o)
    0x08000348   0x08000348   0x0000004e   Code   RO         8477    .text               c_w.l(_printf_pad.o)
    0x08000396   0x08000396   0x00000024   Code   RO         8479    .text               c_w.l(_printf_truncate.o)
    0x080003ba   0x080003ba   0x00000052   Code   RO         8481    .text               c_w.l(_printf_str.o)
    0x0800040c   0x0800040c   0x00000078   Code   RO         8483    .text               c_w.l(_printf_dec.o)
    0x08000484   0x08000484   0x000000bc   Code   RO         8485    .text               c_w.l(_printf_wctomb.o)
    0x08000540   0x08000540   0x00000070   Code   RO         8492    .text               c_w.l(_printf_oct_int_ll.o)
    0x080005b0   0x080005b0   0x00000094   Code   RO         8512    .text               c_w.l(_printf_hex_int_ll_ptr.o)
    0x08000644   0x08000644   0x00000188   Code   RO         8532    .text               c_w.l(__printf_flags_ss_wp.o)
    0x080007cc   0x080007cc   0x0000003c   Code   RO         8548    .text               c_w.l(rand.o)
    0x08000808   0x08000808   0x0000002e   Code   RO         8555    .text               c_w.l(aeabi_atexit.o)
    0x08000836   0x08000836   0x00000058   Code   RO         8558    .text               c_w.l(memcmp.o)
    0x0800088e   0x0800088e   0x0000003e   Code   RO         8562    .text               c_w.l(strlen.o)
    0x080008cc   0x080008cc   0x0000008a   Code   RO         8566    .text               c_w.l(rt_memcpy_v6.o)
    0x08000956   0x08000956   0x00000064   Code   RO         8568    .text               c_w.l(rt_memcpy_w.o)
    0x080009ba   0x080009ba   0x00000010   Code   RO         8570    .text               c_w.l(aeabi_memset.o)
    0x080009ca   0x080009ca   0x0000004e   Code   RO         8572    .text               c_w.l(rt_memclr_w.o)
    0x08000a18   0x08000a18   0x00000080   Code   RO         8574    .text               c_w.l(strcmpv7m.o)
    0x08000a98   0x08000a98   0x000001ac   Code   RO         8578    .text               c_w.l(mktime.o)
    0x08000c44   0x08000c44   0x00000006   Code   RO         8580    .text               c_w.l(heapauxi.o)
    0x08000c4a   0x08000c4a   0x00000002   PAD
    0x08000c4c   0x08000c4c   0x00000024   Code   RO         8587    .text               c_w.l(init_aeabi.o)
    0x08000c70   0x08000c70   0x00000008   Code   RO         8790    .text               c_w.l(rt_ddtor_pointer_addr_intlibspace.o)
    0x08000c78   0x08000c78   0x0000005e   Code   RO         8796    .text               c_w.l(h1_alloc.o)
    0x08000cd6   0x08000cd6   0x0000004e   Code   RO         8798    .text               c_w.l(h1_free.o)
    0x08000d24   0x08000d24   0x00000016   Code   RO         8854    .text               c_w.l(_rserrno.o)
    0x08000d3a   0x08000d3a   0x000000b2   Code   RO         8856    .text               c_w.l(_printf_intcommon.o)
    0x08000dec   0x08000dec   0x00000028   Code   RO         8858    .text               c_w.l(_printf_charcount.o)
    0x08000e14   0x08000e14   0x0000041e   Code   RO         8860    .text               c_w.l(_printf_fp_dec.o)
    0x08001232   0x08001232   0x00000002   PAD
    0x08001234   0x08001234   0x00000030   Code   RO         8865    .text               c_w.l(_printf_char_common.o)
    0x08001264   0x08001264   0x0000000a   Code   RO         8867    .text               c_w.l(_sputc.o)
    0x0800126e   0x0800126e   0x0000002c   Code   RO         8871    .text               c_w.l(_printf_char.o)
    0x0800129a   0x0800129a   0x0000002c   Code   RO         8873    .text               c_w.l(_printf_wchar.o)
    0x080012c6   0x080012c6   0x00000002   PAD
    0x080012c8   0x080012c8   0x0000007c   Code   RO         8875    .text               c_w.l(_printf_longlong_dec.o)
    0x08001344   0x08001344   0x00000040   Code   RO         8891    .text               c_w.l(_wcrtomb.o)
    0x08001384   0x08001384   0x00000042   Code   RO         8893    .text               c_w.l(cxa_finalize.o)
    0x080013c6   0x080013c6   0x00000044   Code   RO         8900    .text               c_w.l(rt_memclr.o)
    0x0800140a   0x0800140a   0x00000002   PAD
    0x0800140c   0x0800140c   0x00000008   Code   RO         8990    .text               c_w.l(libspace.o)
    0x08001414   0x08001414   0x00000010   Code   RO         9010    .text               c_w.l(rt_ctype_table.o)
    0x08001424   0x08001424   0x00000008   Code   RO         9017    .text               c_w.l(rt_heap_descriptor_intlibspace.o)
    0x0800142c   0x0800142c   0x00000008   Code   RO         9022    .text               c_w.l(rt_locale_intlibspace.o)
    0x08001434   0x08001434   0x00000008   Code   RO         9027    .text               c_w.l(rt_errno_addr_intlibspace.o)
    0x0800143c   0x0800143c   0x00000004   Code   RO         9029    .text               c_w.l(hguard.o)
    0x08001440   0x08001440   0x0000008a   Code   RO         9031    .text               c_w.l(init_alloc.o)
    0x080014ca   0x080014ca   0x0000000e   Code   RO         9035    .text               c_w.l(h1_init.o)
    0x080014d8   0x080014d8   0x0000008a   Code   RO         9049    .text               c_w.l(lludiv10.o)
    0x08001562   0x08001562   0x00000002   PAD
    0x08001564   0x08001564   0x00000080   Code   RO         9053    .text               c_w.l(_printf_fp_infnan.o)
    0x080015e4   0x080015e4   0x000000e4   Code   RO         9059    .text               c_w.l(bigflt0.o)
    0x080016c8   0x080016c8   0x0000000a   Code   RO         9087    .text               c_w.l(defsig_exit.o)
    0x080016d2   0x080016d2   0x00000002   PAD
    0x080016d4   0x080016d4   0x0000000c   Code   RO         9138    .text               c_w.l(sys_exit.o)
    0x080016e0   0x080016e0   0x0000004a   Code   RO         9140    .text               c_w.l(sys_stackheap_outer.o)
    0x0800172a   0x0800172a   0x00000034   Code   RO         9151    .text               c_w.l(h1_extend.o)
    0x0800175e   0x0800175e   0x00000012   Code   RO         9160    .text               c_w.l(exit.o)
    0x08001770   0x08001770   0x00000032   Code   RO         9166    .text               c_w.l(defsig_general.o)
    0x080017a2   0x080017a2   0x0000000e   Code   RO         9168    .text               c_w.l(defsig_rtmem_outer.o)
    0x080017b0   0x080017b0   0x0000000e   Code   RO         9190    .text               c_w.l(sys_wrch.o)
    0x080017be   0x080017be   0x00000002   Code   RO         9192    .text               c_w.l(use_no_semi.o)
    0x080017c0   0x080017c0   0x00000000   Code   RO         9194    .text               c_w.l(indicate_semi.o)
    0x080017c0   0x080017c0   0x00000050   Code   RO         9203    .text               c_w.l(defsig_rtmem_inner.o)
    0x08001810   0x08001810   0x0000003e   Code   RO         9062    CL$$btod_d2e        c_w.l(btod.o)
    0x0800184e   0x0800184e   0x00000046   Code   RO         9064    CL$$btod_d2e_denorm_low  c_w.l(btod.o)
    0x08001894   0x08001894   0x00000060   Code   RO         9063    CL$$btod_d2e_norm_op1  c_w.l(btod.o)
    0x080018f4   0x080018f4   0x00000338   Code   RO         9072    CL$$btod_div_common  c_w.l(btod.o)
    0x08001c2c   0x08001c2c   0x000000dc   Code   RO         9069    CL$$btod_e2e        c_w.l(btod.o)
    0x08001d08   0x08001d08   0x0000002a   Code   RO         9066    CL$$btod_ediv       c_w.l(btod.o)
    0x08001d32   0x08001d32   0x0000002a   Code   RO         9065    CL$$btod_emul       c_w.l(btod.o)
    0x08001d5c   0x08001d5c   0x00000244   Code   RO         9071    CL$$btod_mult_common  c_w.l(btod.o)
    0x08001fa0   0x08001fa0   0x00000010   Code   RO         6395    i.ADC1_2_IRQHandler  hal_it.o
    0x08001fb0   0x08001fb0   0x00000052   Code   RO         3112    i.ADC_ConversionStop_Disable  stm32f1xx_hal_adc.o
    0x08002002   0x08002002   0x00000002   PAD
    0x08002004   0x08002004   0x00000084   Code   RO         3116    i.ADC_Enable        stm32f1xx_hal_adc.o
    0x08002088   0x08002088   0x00000004   Code   RO         6396    i.BusFault_Handler  hal_it.o
    0x0800208c   0x0800208c   0x00000002   Code   RO         6397    i.DebugMon_Handler  hal_it.o
    0x0800208e   0x0800208e   0x00000002   PAD
    0x08002090   0x08002090   0x00000070   Code   RO         2873    i.FLASH_WaitForLastOperation  stm32f1xx_hal_flash.o
    0x08002100   0x08002100   0x00000002   Code   RO         3321    i.HAL_ADCEx_InjectedConvCpltCallback  stm32f1xx_hal_adc_ex.o
    0x08002102   0x08002102   0x00000002   PAD
    0x08002104   0x08002104   0x00000160   Code   RO         3118    i.HAL_ADC_ConfigChannel  stm32f1xx_hal_adc.o
    0x08002264   0x08002264   0x00000040   Code   RO         6676    i.HAL_ADC_ConvCpltCallback  hal_adc.o
    0x080022a4   0x080022a4   0x00000008   Code   RO         3125    i.HAL_ADC_GetValue  stm32f1xx_hal_adc.o
    0x080022ac   0x080022ac   0x00000122   Code   RO         3126    i.HAL_ADC_IRQHandler  stm32f1xx_hal_adc.o
    0x080023ce   0x080023ce   0x00000002   PAD
    0x080023d0   0x080023d0   0x00000144   Code   RO         3127    i.HAL_ADC_Init      stm32f1xx_hal_adc.o
    0x08002514   0x08002514   0x00000002   Code   RO         3128    i.HAL_ADC_LevelOutOfWindowCallback  stm32f1xx_hal_adc.o
    0x08002516   0x08002516   0x00000002   Code   RO         3130    i.HAL_ADC_MspInit   stm32f1xx_hal_adc.o
    0x08002518   0x08002518   0x0000013c   Code   RO         3135    i.HAL_ADC_Start_IT  stm32f1xx_hal_adc.o
    0x08002654   0x08002654   0x000000b0   Code   RO         1141    i.HAL_DMA_Abort_IT  stm32f1xx_hal_dma.o
    0x08002704   0x08002704   0x00000028   Code   RO           11    i.HAL_Delay         stm32f1xx_hal.o
    0x0800272c   0x0800272c   0x000000b0   Code   RO         2990    i.HAL_FLASHEx_Erase  stm32f1xx_hal_flash_ex.o
    0x080027dc   0x080027dc   0x00000014   Code   RO         2877    i.HAL_FLASH_Lock    stm32f1xx_hal_flash.o
    0x080027f0   0x080027f0   0x000000b0   Code   RO         2882    i.HAL_FLASH_Program  stm32f1xx_hal_flash.o
    0x080028a0   0x080028a0   0x00000030   Code   RO         2884    i.HAL_FLASH_Unlock  stm32f1xx_hal_flash.o
    0x080028d0   0x080028d0   0x0000031c   Code   RO          461    i.HAL_GPIO_Init     stm32f1xx_hal_gpio.o
    0x08002bec   0x08002bec   0x00000010   Code   RO          463    i.HAL_GPIO_ReadPin  stm32f1xx_hal_gpio.o
    0x08002bfc   0x08002bfc   0x0000000c   Code   RO          465    i.HAL_GPIO_WritePin  stm32f1xx_hal_gpio.o
    0x08002c08   0x08002c08   0x0000000c   Code   RO           15    i.HAL_GetTick       stm32f1xx_hal.o
    0x08002c14   0x08002c14   0x00000008   Code   RO         1258    i.HAL_I2C_GetState  stm32f1xx_hal_i2c.o
    0x08002c1c   0x08002c1c   0x0000017c   Code   RO         1259    i.HAL_I2C_Init      stm32f1xx_hal_i2c.o
    0x08002d98   0x08002d98   0x00000340   Code   RO         1275    i.HAL_I2C_Mem_Read  stm32f1xx_hal_i2c.o
    0x080030d8   0x080030d8   0x00000188   Code   RO         1278    i.HAL_I2C_Mem_Write  stm32f1xx_hal_i2c.o
    0x08003260   0x08003260   0x00000050   Code   RO         6334    i.HAL_I2C_MspInit   hal_i2c.o
    0x080032b0   0x080032b0   0x00000018   Code   RO           19    i.HAL_IncTick       stm32f1xx_hal.o
    0x080032c8   0x080032c8   0x00000028   Code   RO           20    i.HAL_Init          stm32f1xx_hal.o
    0x080032f0   0x080032f0   0x0000004c   Code   RO           21    i.HAL_InitTick      stm32f1xx_hal.o
    0x0800333c   0x0800333c   0x00000002   Code   RO           23    i.HAL_MspInit       stm32f1xx_hal.o
    0x0800333e   0x0800333e   0x00000002   PAD
    0x08003340   0x08003340   0x00000044   Code   RO          781    i.HAL_NVIC_DisableIRQ  stm32f1xx_hal_cortex.o
    0x08003384   0x08003384   0x00000020   Code   RO          782    i.HAL_NVIC_EnableIRQ  stm32f1xx_hal_cortex.o
    0x080033a4   0x080033a4   0x0000007c   Code   RO          788    i.HAL_NVIC_SetPriority  stm32f1xx_hal_cortex.o
    0x08003420   0x08003420   0x00000028   Code   RO          789    i.HAL_NVIC_SetPriorityGrouping  stm32f1xx_hal_cortex.o
    0x08003448   0x08003448   0x0000003e   Code   RO         2141    i.HAL_PCDEx_PMAConfig  stm32f1xx_hal_pcd_ex.o
    0x08003486   0x08003486   0x00000002   Code   RO         5418    i.HAL_PCDEx_SetConnectionState  usbd_conf.o
    0x08003488   0x08003488   0x0000001c   Code   RO         5420    i.HAL_PCD_DataInStageCallback  usbd_conf.o
    0x080034a4   0x080034a4   0x0000001c   Code   RO         5421    i.HAL_PCD_DataOutStageCallback  usbd_conf.o
    0x080034c0   0x080034c0   0x00000064   Code   RO          541    i.HAL_PCD_EP_Close  stm32f1xx_hal_pcd.o
    0x08003524   0x08003524   0x00000062   Code   RO          542    i.HAL_PCD_EP_ClrStall  stm32f1xx_hal_pcd.o
    0x08003586   0x08003586   0x00000014   Code   RO          544    i.HAL_PCD_EP_GetRxCount  stm32f1xx_hal_pcd.o
    0x0800359a   0x0800359a   0x00000076   Code   RO          545    i.HAL_PCD_EP_Open   stm32f1xx_hal_pcd.o
    0x08003610   0x08003610   0x0000004a   Code   RO          546    i.HAL_PCD_EP_Receive  stm32f1xx_hal_pcd.o
    0x0800365a   0x0800365a   0x00000072   Code   RO          547    i.HAL_PCD_EP_SetStall  stm32f1xx_hal_pcd.o
    0x080036cc   0x080036cc   0x0000004c   Code   RO          548    i.HAL_PCD_EP_Transmit  stm32f1xx_hal_pcd.o
    0x08003718   0x08003718   0x00000168   Code   RO          550    i.HAL_PCD_IRQHandler  stm32f1xx_hal_pcd.o
    0x08003880   0x08003880   0x0000011a   Code   RO          553    i.HAL_PCD_Init      stm32f1xx_hal_pcd.o
    0x0800399a   0x0800399a   0x00000002   PAD
    0x0800399c   0x0800399c   0x00000040   Code   RO         5426    i.HAL_PCD_MspInit   usbd_conf.o
    0x080039dc   0x080039dc   0x0000001a   Code   RO         5427    i.HAL_PCD_ResetCallback  usbd_conf.o
    0x080039f6   0x080039f6   0x0000000e   Code   RO         5428    i.HAL_PCD_ResumeCallback  usbd_conf.o
    0x08003a04   0x08003a04   0x0000000e   Code   RO         5429    i.HAL_PCD_SOFCallback  usbd_conf.o
    0x08003a12   0x08003a12   0x00000036   Code   RO          559    i.HAL_PCD_SetAddress  stm32f1xx_hal_pcd.o
    0x08003a48   0x08003a48   0x00000012   Code   RO         5430    i.HAL_PCD_SetupStageCallback  usbd_conf.o
    0x08003a5a   0x08003a5a   0x0000003c   Code   RO          561    i.HAL_PCD_Start     stm32f1xx_hal_pcd.o
    0x08003a96   0x08003a96   0x00000002   PAD
    0x08003a98   0x08003a98   0x00000024   Code   RO         5431    i.HAL_PCD_SuspendCallback  usbd_conf.o
    0x08003abc   0x08003abc   0x00000120   Code   RO          420    i.HAL_RCCEx_GetPeriphCLKFreq  stm32f1xx_hal_rcc_ex.o
    0x08003bdc   0x08003bdc   0x0000012c   Code   RO          421    i.HAL_RCCEx_PeriphCLKConfig  stm32f1xx_hal_rcc_ex.o
    0x08003d08   0x08003d08   0x000001d0   Code   RO          294    i.HAL_RCC_ClockConfig  stm32f1xx_hal_rcc.o
    0x08003ed8   0x08003ed8   0x0000000c   Code   RO          299    i.HAL_RCC_GetHCLKFreq  stm32f1xx_hal_rcc.o
    0x08003ee4   0x08003ee4   0x000000c8   Code   RO          300    i.HAL_RCC_GetOscConfig  stm32f1xx_hal_rcc.o
    0x08003fac   0x08003fac   0x00000020   Code   RO          301    i.HAL_RCC_GetPCLK1Freq  stm32f1xx_hal_rcc.o
    0x08003fcc   0x08003fcc   0x00000020   Code   RO          302    i.HAL_RCC_GetPCLK2Freq  stm32f1xx_hal_rcc.o
    0x08003fec   0x08003fec   0x00000094   Code   RO          303    i.HAL_RCC_GetSysClockFreq  stm32f1xx_hal_rcc.o
    0x08004080   0x08004080   0x0000043c   Code   RO          306    i.HAL_RCC_OscConfig  stm32f1xx_hal_rcc.o
    0x080044bc   0x080044bc   0x000000d0   Code   RO         2559    i.HAL_RTC_Init      stm32f1xx_hal_rtc.o
    0x0800458c   0x0800458c   0x00000002   Code   RO         2561    i.HAL_RTC_MspInit   stm32f1xx_hal_rtc.o
    0x0800458e   0x0800458e   0x00000040   Code   RO         2567    i.HAL_RTC_WaitForSynchro  stm32f1xx_hal_rtc.o
    0x080045ce   0x080045ce   0x00000086   Code   RO         2184    i.HAL_SPI_Init      stm32f1xx_hal_spi.o
    0x08004654   0x08004654   0x00000002   Code   RO         2186    i.HAL_SPI_MspInit   stm32f1xx_hal_spi.o
    0x08004656   0x08004656   0x00000034   Code   RO          793    i.HAL_SYSTICK_Config  stm32f1xx_hal_cortex.o
    0x0800468a   0x0800468a   0x00000002   Code   RO         4175    i.HAL_TIMEx_BreakCallback  stm32f1xx_hal_tim_ex.o
    0x0800468c   0x0800468c   0x00000002   Code   RO         4176    i.HAL_TIMEx_CommutationCallback  stm32f1xx_hal_tim_ex.o
    0x0800468e   0x0800468e   0x00000046   Code   RO         3428    i.HAL_TIM_Base_DeInit  stm32f1xx_hal_tim.o
    0x080046d4   0x080046d4   0x00000034   Code   RO         3430    i.HAL_TIM_Base_Init  stm32f1xx_hal_tim.o
    0x08004708   0x08004708   0x00000002   Code   RO         3431    i.HAL_TIM_Base_MspDeInit  stm32f1xx_hal_tim.o
    0x0800470a   0x0800470a   0x00000002   Code   RO         3432    i.HAL_TIM_Base_MspInit  stm32f1xx_hal_tim.o
    0x0800470c   0x0800470c   0x0000001e   Code   RO         3435    i.HAL_TIM_Base_Start_IT  stm32f1xx_hal_tim.o
    0x0800472a   0x0800472a   0x00000038   Code   RO         3438    i.HAL_TIM_Base_Stop_IT  stm32f1xx_hal_tim.o
    0x08004762   0x08004762   0x00000002   Code   RO         3459    i.HAL_TIM_IC_CaptureCallback  stm32f1xx_hal_tim.o
    0x08004764   0x08004764   0x00000196   Code   RO         3472    i.HAL_TIM_IRQHandler  stm32f1xx_hal_tim.o
    0x080048fa   0x080048fa   0x00000002   Code   RO         3475    i.HAL_TIM_OC_DelayElapsedCallback  stm32f1xx_hal_tim.o
    0x080048fc   0x080048fc   0x00000002   Code   RO         3502    i.HAL_TIM_PWM_PulseFinishedCallback  stm32f1xx_hal_tim.o
    0x080048fe   0x080048fe   0x00000002   PAD
    0x08004900   0x08004900   0x00000018   Code   RO         5309    i.HAL_TIM_PeriodElapsedCallback  beeper.o
    0x08004918   0x08004918   0x00000002   Code   RO         3513    i.HAL_TIM_TriggerCallback  stm32f1xx_hal_tim.o
    0x0800491a   0x0800491a   0x00000002   Code   RO         1776    i.HAL_UART_ErrorCallback  stm32f1xx_hal_uart.o
    0x0800491c   0x0800491c   0x0000014c   Code   RO         1779    i.HAL_UART_IRQHandler  stm32f1xx_hal_uart.o
    0x08004a68   0x08004a68   0x00000072   Code   RO         1780    i.HAL_UART_Init     stm32f1xx_hal_uart.o
    0x08004ada   0x08004ada   0x00000002   Code   RO         1782    i.HAL_UART_MspInit  stm32f1xx_hal_uart.o
    0x08004adc   0x08004adc   0x00000070   Code   RO         1785    i.HAL_UART_Receive_IT  stm32f1xx_hal_uart.o
    0x08004b4c   0x08004b4c   0x00000018   Code   RO         6398    i.HAL_UART_RxCpltCallback  hal_it.o
    0x08004b64   0x08004b64   0x000000d6   Code   RO         1788    i.HAL_UART_Transmit  stm32f1xx_hal_uart.o
    0x08004c3a   0x08004c3a   0x00000002   Code   RO         1791    i.HAL_UART_TxCpltCallback  stm32f1xx_hal_uart.o
    0x08004c3c   0x08004c3c   0x00000004   Code   RO         6399    i.HardFault_Handler  hal_it.o
    0x08004c40   0x08004c40   0x00000004   Code   RO         6400    i.MemManage_Handler  hal_it.o
    0x08004c44   0x08004c44   0x00000002   Code   RO         6401    i.NMI_Handler       hal_it.o
    0x08004c46   0x08004c46   0x00000002   Code   RO         6402    i.PendSV_Handler    hal_it.o
    0x08004c48   0x08004c48   0x00000002   Code   RO         6403    i.SVC_Handler       hal_it.o
    0x08004c4a   0x08004c4a   0x00000008   Code   RO         6404    i.SysTick_Handler   hal_it.o
    0x08004c52   0x08004c52   0x00000002   PAD
    0x08004c54   0x08004c54   0x00000058   Code   RO         5380    i.SystemInit        system_stm32f1xx.o
    0x08004cac   0x08004cac   0x00000010   Code   RO         6405    i.TIM3_IRQHandler   hal_it.o
    0x08004cbc   0x08004cbc   0x00000074   Code   RO         3514    i.TIM_Base_SetConfig  stm32f1xx_hal_tim.o
    0x08004d30   0x08004d30   0x00000010   Code   RO         6406    i.USART1_IRQHandler  hal_it.o
    0x08004d40   0x08004d40   0x0000003a   Code   RO         6049    i.USBD_CDC_ReceivePacket  usbd_cdc.o
    0x08004d7a   0x08004d7a   0x0000000e   Code   RO         6050    i.USBD_CDC_RegisterInterface  usbd_cdc.o
    0x08004d88   0x08004d88   0x0000000e   Code   RO         6051    i.USBD_CDC_SetRxBuffer  usbd_cdc.o
    0x08004d96   0x08004d96   0x00000014   Code   RO         6052    i.USBD_CDC_SetTxBuffer  usbd_cdc.o
    0x08004daa   0x08004daa   0x00000038   Code   RO         6053    i.USBD_CDC_TransmitPacket  usbd_cdc.o
    0x08004de2   0x08004de2   0x00000016   Code   RO         5824    i.USBD_ClrClassConfig  usbd_core.o
    0x08004df8   0x08004df8   0x00000018   Code   RO         5982    i.USBD_CtlContinueRx  usbd_ioreq.o
    0x08004e10   0x08004e10   0x00000018   Code   RO         5983    i.USBD_CtlContinueSendData  usbd_ioreq.o
    0x08004e28   0x08004e28   0x00000018   Code   RO         6173    i.USBD_CtlError     usbd_ctlreq.o
    0x08004e40   0x08004e40   0x00000028   Code   RO         5984    i.USBD_CtlPrepareRx  usbd_ioreq.o
    0x08004e68   0x08004e68   0x0000001a   Code   RO         5985    i.USBD_CtlReceiveStatus  usbd_ioreq.o
    0x08004e82   0x08004e82   0x00000022   Code   RO         5986    i.USBD_CtlSendData  usbd_ioreq.o
    0x08004ea4   0x08004ea4   0x0000001a   Code   RO         5987    i.USBD_CtlSendStatus  usbd_ioreq.o
    0x08004ebe   0x08004ebe   0x00000052   Code   RO         6174    i.USBD_GetString    usbd_ctlreq.o
    0x08004f10   0x08004f10   0x00000032   Code   RO         5826    i.USBD_Init         usbd_core.o
    0x08004f42   0x08004f42   0x00000026   Code   RO         5432    i.USBD_LL_ClearStallEP  usbd_conf.o
    0x08004f68   0x08004f68   0x00000026   Code   RO         5433    i.USBD_LL_CloseEP   usbd_conf.o
    0x08004f8e   0x08004f8e   0x000000da   Code   RO         5827    i.USBD_LL_DataInStage  usbd_core.o
    0x08005068   0x08005068   0x00000086   Code   RO         5828    i.USBD_LL_DataOutStage  usbd_core.o
    0x080050ee   0x080050ee   0x00000012   Code   RO         5437    i.USBD_LL_GetRxDataSize  usbd_conf.o
    0x08005100   0x08005100   0x0000007c   Code   RO         5438    i.USBD_LL_Init      usbd_conf.o
    0x0800517c   0x0800517c   0x00000030   Code   RO         5439    i.USBD_LL_IsStallEP  usbd_conf.o
    0x080051ac   0x080051ac   0x00000030   Code   RO         5440    i.USBD_LL_OpenEP    usbd_conf.o
    0x080051dc   0x080051dc   0x00000030   Code   RO         5441    i.USBD_LL_PrepareReceive  usbd_conf.o
    0x0800520c   0x0800520c   0x00000044   Code   RO         5833    i.USBD_LL_Reset     usbd_core.o
    0x08005250   0x08005250   0x0000000e   Code   RO         5834    i.USBD_LL_Resume    usbd_core.o
    0x0800525e   0x0800525e   0x00000022   Code   RO         5835    i.USBD_LL_SOF       usbd_core.o
    0x08005280   0x08005280   0x00000008   Code   RO         5836    i.USBD_LL_SetSpeed  usbd_core.o
    0x08005288   0x08005288   0x00000026   Code   RO         5442    i.USBD_LL_SetUSBAddress  usbd_conf.o
    0x080052ae   0x080052ae   0x0000006e   Code   RO         5837    i.USBD_LL_SetupStage  usbd_core.o
    0x0800531c   0x0800531c   0x00000026   Code   RO         5443    i.USBD_LL_StallEP   usbd_conf.o
    0x08005342   0x08005342   0x0000001e   Code   RO         5444    i.USBD_LL_Start     usbd_conf.o
    0x08005360   0x08005360   0x00000014   Code   RO         5838    i.USBD_LL_Suspend   usbd_core.o
    0x08005374   0x08005374   0x00000030   Code   RO         5446    i.USBD_LL_Transmit  usbd_conf.o
    0x080053a4   0x080053a4   0x00000028   Code   RO         6175    i.USBD_ParseSetupRequest  usbd_ctlreq.o
    0x080053cc   0x080053cc   0x00000010   Code   RO         5839    i.USBD_RegisterClass  usbd_core.o
    0x080053dc   0x080053dc   0x00000006   Code   RO         5840    i.USBD_RunTestMode  usbd_core.o
    0x080053e2   0x080053e2   0x00000022   Code   RO         5841    i.USBD_SetClassConfig  usbd_core.o
    0x08005404   0x08005404   0x0000000e   Code   RO         5842    i.USBD_Start        usbd_core.o
    0x08005412   0x08005412   0x00000072   Code   RO         6176    i.USBD_StdDevReq    usbd_ctlreq.o
    0x08005484   0x08005484   0x00000156   Code   RO         6177    i.USBD_StdEPReq     usbd_ctlreq.o
    0x080055da   0x080055da   0x0000004a   Code   RO         6178    i.USBD_StdItfReq    usbd_ctlreq.o
    0x08005624   0x08005624   0x00000002   Code   RO         5447    i.USBD_static_free  usbd_conf.o
    0x08005626   0x08005626   0x00000002   PAD
    0x08005628   0x08005628   0x0000000c   Code   RO         5448    i.USBD_static_malloc  usbd_conf.o
    0x08005634   0x08005634   0x000003aa   Code   RO          919    i.USB_ActivateEndpoint  stm32f1xx_ll_usb.o
    0x080059de   0x080059de   0x00000008   Code   RO          922    i.USB_CoreInit      stm32f1xx_ll_usb.o
    0x080059e6   0x080059e6   0x00000214   Code   RO          924    i.USB_DeactivateEndpoint  stm32f1xx_ll_usb.o
    0x08005bfa   0x08005bfa   0x00000006   Code   RO          925    i.USB_DevConnect    stm32f1xx_ll_usb.o
    0x08005c00   0x08005c00   0x00000006   Code   RO          926    i.USB_DevDisconnect  stm32f1xx_ll_usb.o
    0x08005c06   0x08005c06   0x0000001e   Code   RO          927    i.USB_DevInit       stm32f1xx_ll_usb.o
    0x08005c24   0x08005c24   0x00000016   Code   RO          928    i.USB_DisableGlobalInt  stm32f1xx_ll_usb.o
    0x08005c3a   0x08005c3a   0x00000006   Code   RO          929    i.USB_EP0_OutStart  stm32f1xx_ll_usb.o
    0x08005c40   0x08005c40   0x000000b4   Code   RO          930    i.USB_EPClearStall  stm32f1xx_ll_usb.o
    0x08005cf4   0x08005cf4   0x00000086   Code   RO          931    i.USB_EPSetStall    stm32f1xx_ll_usb.o
    0x08005d7a   0x08005d7a   0x00000332   Code   RO          932    i.USB_EPStartXfer   stm32f1xx_ll_usb.o
    0x080060ac   0x080060ac   0x00000016   Code   RO          933    i.USB_EnableGlobalInt  stm32f1xx_ll_usb.o
    0x080060c2   0x080060c2   0x00000008   Code   RO         6407    i.USB_LP_CAN1_RX0_IRQHandler  hal_it.o
    0x080060ca   0x080060ca   0x0000000a   Code   RO          940    i.USB_ReadInterrupts  stm32f1xx_ll_usb.o
    0x080060d4   0x080060d4   0x00000028   Code   RO          941    i.USB_ReadPMA       stm32f1xx_ll_usb.o
    0x080060fc   0x080060fc   0x00000006   Code   RO          943    i.USB_SetCurrentMode  stm32f1xx_ll_usb.o
    0x08006102   0x08006102   0x0000000e   Code   RO          944    i.USB_SetDevAddress  stm32f1xx_ll_usb.o
    0x08006110   0x08006110   0x00000042   Code   RO          946    i.USB_WritePMA      stm32f1xx_ll_usb.o
    0x08006152   0x08006152   0x00000004   Code   RO         6408    i.UsageFault_Handler  hal_it.o
    0x08006156   0x08006156   0x00000002   PAD
    0x08006158   0x08006158   0x00000024   Code   RO         5753    i._Z11CDC_Init_FSv  cdc.o
    0x0800617c   0x0800617c   0x00000014   Code   RO         6179    i._Z11USBD_GetLenPh  usbd_ctlreq.o
    0x08006190   0x08006190   0x0000003e   Code   RO         5667    i._Z12IntToUnicodejPhh  usbd_desc.o
    0x080061ce   0x080061ce   0x00000004   Code   RO         5754    i._Z13CDC_DeInit_FSv  cdc.o
    0x080061d2   0x080061d2   0x00000002   PAD
    0x080061d4   0x080061d4   0x00000014   Code   RO         7750    i._Z13CloseMainPageb  pages.o
    0x080061e8   0x080061e8   0x00000014   Code   RO         7834    i._Z13CloseMeasuresb  pagemeasures.o
    0x080061fc   0x080061fc   0x00000014   Code   RO         7726    i._Z13ClosePageHC12b  pagehc12.o
    0x08006210   0x08006210   0x00000034   Code   RO         5668    i._Z13Get_SerialNumv  usbd_desc.o
    0x08006244   0x08006244   0x000000a6   Code   RO         6054    i._Z13USBD_CDC_InitP19_USBD_HandleTypeDefh  usbd_cdc.o
    0x080062ea   0x080062ea   0x00000044   Code   RO         5755    i._Z14CDC_Control_FShPht  cdc.o
    0x0800632e   0x0800632e   0x00000002   PAD
    0x08006330   0x08006330   0x0000001c   Code   RO         5756    i._Z14CDC_Receive_FSPhPj  cdc.o
    0x0800634c   0x0800634c   0x00000020   Code   RO         7835    i._Z14FixateMeasuresb  pagemeasures.o
    0x0800636c   0x0800636c   0x00000040   Code   RO         7780    i._Z14OnDraw_Batteryii  pagesystem.o
    0x080063ac   0x080063ac   0x000001c8   Code   RO         1794    i._Z14UART_SetConfigP18UART_HandleTypeDef  stm32f1xx_hal_uart.o
    0x08006574   0x08006574   0x00000090   Code   RO         6055    i._Z14USBD_CDC_SetupP19_USBD_HandleTypeDefP13usb_setup_req  usbd_cdc.o
    0x08006604   0x08006604   0x00000050   Code   RO         6180    i._Z14USBD_GetConfigP19_USBD_HandleTypeDefP13usb_setup_req  usbd_ctlreq.o
    0x08006654   0x08006654   0x00000044   Code   RO         6181    i._Z14USBD_GetStatusP19_USBD_HandleTypeDefP13usb_setup_req  usbd_ctlreq.o
    0x08006698   0x08006698   0x000000e0   Code   RO         6182    i._Z14USBD_SetConfigP19_USBD_HandleTypeDefP13usb_setup_req  usbd_ctlreq.o
    0x08006778   0x08006778   0x00000048   Code   RO         6908    i._Z14get_calib_dataP10bme280_dev  bme280_driver.o
    0x080067c0   0x080067c0   0x0000001a   Code   RO         6909    i._Z14null_ptr_checkPK10bme280_dev  bme280_driver.o
    0x080067da   0x080067da   0x00000002   PAD
    0x080067dc   0x080067dc   0x00000020   Code   RO         7781    i._Z15Before_OpenTimeb  pagesystem.o
    0x080067fc   0x080067fc   0x00000014   Code   RO         7782    i._Z15ClosePageSystemb  pagesystem.o
    0x08006810   0x08006810   0x00000028   Code   RO         2996    i._Z15FLASH_MassErasej  stm32f1xx_hal_flash_ex.o
    0x08006838   0x08006838   0x00000028   Code   RO         2999    i._Z15FLASH_PageErasej  stm32f1xx_hal_flash_ex.o
    0x08006860   0x08006860   0x00000002   Code   RO         7783    i._Z15OnClose_Batteryb  pagesystem.o
    0x08006862   0x08006862   0x000000a6   Code   RO         1795    i._Z15UART_Receive_ITP18UART_HandleTypeDef  stm32f1xx_hal_uart.o
    0x08006908   0x08006908   0x0000001a   Code   RO         6056    i._Z15USBD_CDC_DataInP19_USBD_HandleTypeDefh  usbd_cdc.o
    0x08006922   0x08006922   0x00000040   Code   RO         6057    i._Z15USBD_CDC_DeInitP19_USBD_HandleTypeDefh  usbd_cdc.o
    0x08006962   0x08006962   0x00000044   Code   RO         6183    i._Z15USBD_ClrFeatureP19_USBD_HandleTypeDefP13usb_setup_req  usbd_ctlreq.o
    0x080069a6   0x080069a6   0x00000054   Code   RO         6184    i._Z15USBD_SetAddressP19_USBD_HandleTypeDefP13usb_setup_req  usbd_ctlreq.o
    0x080069fa   0x080069fa   0x00000024   Code   RO         6185    i._Z15USBD_SetFeatureP19_USBD_HandleTypeDefP13usb_setup_req  usbd_ctlreq.o
    0x08006a1e   0x08006a1e   0x00000002   PAD
    0x08006a20   0x08006a20   0x00000014   Code   RO         7698    i._Z16ClosePageDisplayb  pagedisplay.o
    0x08006a34   0x08006a34   0x0000003a   Code   RO         2573    i._Z16RTC_ExitInitModeP17RTC_HandleTypeDef  stm32f1xx_hal_rtc.o
    0x08006a6e   0x08006a6e   0x00000068   Code   RO         1796    i._Z16UART_Transmit_ITP18UART_HandleTypeDef  stm32f1xx_hal_uart.o
    0x08006ad6   0x08006ad6   0x00000034   Code   RO         6058    i._Z16USBD_CDC_DataOutP19_USBD_HandleTypeDefh  usbd_cdc.o
    0x08006b0a   0x08006b0a   0x00000034   Code   RO         6910    i._Z16set_osr_settingshPK15bme280_settingsPK10bme280_dev  bme280_driver.o
    0x08006b3e   0x08006b3e   0x00000038   Code   RO         6911    i._Z16write_power_modehPK10bme280_dev  bme280_driver.o
    0x08006b76   0x08006b76   0x00000002   PAD
    0x08006b78   0x08006b78   0x00000014   Code   RO         7836    i._Z17ClosePageDewPointb  pagemeasures.o
    0x08006b8c   0x08006b8c   0x00000014   Code   RO         7837    i._Z17ClosePageHumidityb  pagemeasures.o
    0x08006ba0   0x08006ba0   0x00000014   Code   RO         7838    i._Z17ClosePagePressureb  pagemeasures.o
    0x08006bb4   0x08006bb4   0x0000003a   Code   RO         2574    i._Z17RTC_EnterInitModeP17RTC_HandleTypeDef  stm32f1xx_hal_rtc.o
    0x08006bee   0x08006bee   0x00000002   PAD
    0x08006bf0   0x08006bf0   0x00000084   Code   RO         2885    i._Z18FLASH_SetErrorCodev  stm32f1xx_hal_flash.o
    0x08006c74   0x08006c74   0x00000444   Code   RO          564    i._Z18PCD_EP_ISR_HandlerP17PCD_HandleTypeDef  stm32f1xx_hal_pcd.o
    0x080070b8   0x080070b8   0x00000074   Code   RO         6283    i._Z18SystemClock_Configv  hal.o
    0x0800712c   0x0800712c   0x00000020   Code   RO         1799    i._Z18UART_EndRxTransferP18UART_HandleTypeDef  stm32f1xx_hal_uart.o
    0x0800714c   0x0800714c   0x00000148   Code   RO         6186    i._Z18USBD_GetDescriptorP19_USBD_HandleTypeDefP13usb_setup_req  usbd_ctlreq.o
    0x08007294   0x08007294   0x00000028   Code   RO          795    i._Z18__NVIC_SetPriority9IRQn_Typej  stm32f1xx_hal_cortex.o
    0x080072bc   0x080072bc   0x00000020   Code   RO         1802    i._Z19UART_EndTransmit_ITP18UART_HandleTypeDef  stm32f1xx_hal_uart.o
    0x080072dc   0x080072dc   0x0000002c   Code   RO         5449    i._Z19USBD_Get_USB_Status17HAL_StatusTypeDef  usbd_conf.o
    0x08007308   0x08007308   0x000001cc   Code   RO         6912    i._Z19compensate_humidityPK18bme280_uncomp_dataPK17bme280_calib_data  bme280_driver.o
    0x080074d4   0x080074d4   0x000002c8   Code   RO         6913    i._Z19compensate_pressurePK18bme280_uncomp_dataPK17bme280_calib_data  bme280_driver.o
    0x0800779c   0x0800779c   0x00000022   Code   RO         6914    i._Z19interleave_reg_addrPKhPhS0_h  bme280_driver.o
    0x080077be   0x080077be   0x00000034   Code   RO         6915    i._Z19put_device_to_sleepPK10bme280_dev  bme280_driver.o
    0x080077f2   0x080077f2   0x00000002   PAD
    0x080077f4   0x080077f4   0x00000014   Code   RO         7839    i._Z20ClosePageTemperatureb  pagemeasures.o
    0x08007808   0x08007808   0x0000000c   Code   RO         7751    i._Z20OnOpenClose_MainPageb  pages.o
    0x08007814   0x08007814   0x00000014   Code   RO         1803    i._Z20UART_DMAAbortOnErrorP19__DMA_HandleTypeDef  stm32f1xx_hal_uart.o
    0x08007828   0x08007828   0x00000032   Code   RO         6059    i._Z20USBD_CDC_EP0_RxReadyP19_USBD_HandleTypeDef  usbd_cdc.o
    0x0800785a   0x0800785a   0x00000012   Code   RO         6916    i._Z20are_settings_changedhh  bme280_driver.o
    0x0800786c   0x0800786c   0x0000000c   Code   RO         6917    i._Z20fill_filter_settingsPhPK15bme280_settings  bme280_driver.o
    0x08007878   0x08007878   0x00000158   Code   RO         1306    i._Z21I2C_RequestMemoryReadP17I2C_HandleTypeDeftttjj  stm32f1xx_hal_i2c.o
    0x080079d0   0x080079d0   0x0000000c   Code   RO         7840    i._Z21OnPress_ResetDewPointb  pagemeasures.o
    0x080079dc   0x080079dc   0x0000000c   Code   RO         7841    i._Z21OnPress_ResetHumidityb  pagemeasures.o
    0x080079e8   0x080079e8   0x0000000c   Code   RO         7842    i._Z21OnPress_ResetPressureb  pagemeasures.o
    0x080079f4   0x080079f4   0x00000010   Code   RO         6060    i._Z21USBD_CDC_GetFSCfgDescPt  usbd_cdc.o
    0x08007a04   0x08007a04   0x00000010   Code   RO         6061    i._Z21USBD_CDC_GetHSCfgDescPt  usbd_cdc.o
    0x08007a14   0x08007a14   0x0000000c   Code   RO         6918    i._Z21fill_standby_settingsPhPK15bme280_settings  bme280_driver.o
    0x08007a20   0x08007a20   0x00000026   Code   RO         6919    i._Z21parse_device_settingsPKhP15bme280_settings  bme280_driver.o
    0x08007a46   0x08007a46   0x00000002   PAD
    0x08007a48   0x08007a48   0x00000020   Code   RO         2886    i._Z22FLASH_Program_HalfWordjt  stm32f1xx_hal_flash.o
    0x08007a68   0x08007a68   0x000000dc   Code   RO         1314    i._Z22I2C_RequestMemoryWriteP17I2C_HandleTypeDeftttjj  stm32f1xx_hal_i2c.o
    0x08007b44   0x08007b44   0x00000150   Code   RO         6920    i._Z22compensate_temperaturePK18bme280_uncomp_dataP17bme280_calib_data  bme280_driver.o
    0x08007c94   0x08007c94   0x0000000c   Code   RO         6921    i._Z22fill_osr_temp_settingsPhPK15bme280_settings  bme280_driver.o
    0x08007ca0   0x08007ca0   0x00000024   Code   RO         6922    i._Z22reload_device_settingsPK15bme280_settingsPK10bme280_dev  bme280_driver.o
    0x08007cc4   0x08007cc4   0x00000034   Code   RO         1315    i._Z23I2C_IsAcknowledgeFailedP17I2C_HandleTypeDef  stm32f1xx_hal_i2c.o
    0x08007cf8   0x08007cf8   0x0000000c   Code   RO         6923    i._Z23fill_osr_press_settingsPhPK15bme280_settings  bme280_driver.o
    0x08007d04   0x08007d04   0x0000000c   Code   RO         7843    i._Z24OnPress_ResetTemperatureb  pagemeasures.o
    0x08007d10   0x08007d10   0x00000010   Code   RO         5669    i._Z24USBD_FS_DeviceDescriptor17USBD_SpeedTypeDefPt  usbd_desc.o
    0x08007d20   0x08007d20   0x00000046   Code   RO         6924    i._Z25parse_humidity_calib_dataPKhP10bme280_dev  bme280_driver.o
    0x08007d66   0x08007d66   0x0000004a   Code   RO         6925    i._Z25set_osr_humidity_settingsPK15bme280_settingsPK10bme280_dev  bme280_driver.o
    0x08007db0   0x08007db0   0x0000007c   Code   RO         1316    i._Z26I2C_WaitOnFlagUntilTimeoutP17I2C_HandleTypeDefj10FlagStatusjj  stm32f1xx_hal_i2c.o
    0x08007e2c   0x08007e2c   0x00000010   Code   RO          796    i._Z26__NVIC_GetPriorityGroupingv  stm32f1xx_hal_cortex.o
    0x08007e3c   0x08007e3c   0x0000006c   Code   RO         1809    i._Z27UART_WaitOnFlagUntilTimeoutP18UART_HandleTypeDefj10FlagStatusjj  stm32f1xx_hal_uart.o
    0x08007ea8   0x08007ea8   0x00000024   Code   RO         5670    i._Z27USBD_FS_ConfigStrDescriptor17USBD_SpeedTypeDefPt  usbd_desc.o
    0x08007ecc   0x08007ecc   0x00000010   Code   RO         5671    i._Z27USBD_FS_LangIDStrDescriptor17USBD_SpeedTypeDefPt  usbd_desc.o
    0x08007edc   0x08007edc   0x00000018   Code   RO         5672    i._Z27USBD_FS_SerialStrDescriptor17USBD_SpeedTypeDefPt  usbd_desc.o
    0x08007ef4   0x08007ef4   0x0000009a   Code   RO         6926    i._Z27parse_temp_press_calib_dataPKhP10bme280_dev  bme280_driver.o
    0x08007f8e   0x08007f8e   0x00000050   Code   RO         6927    i._Z27set_filter_standby_settingshPK15bme280_settingsPK10bme280_dev  bme280_driver.o
    0x08007fde   0x08007fde   0x00000050   Code   RO         6928    i._Z27set_osr_press_temp_settingshPK15bme280_settingsPK10bme280_dev  bme280_driver.o
    0x0800802e   0x0800802e   0x00000002   PAD
    0x08008030   0x08008030   0x00000030   Code   RO         5673    i._Z28USBD_FS_ProductStrDescriptor17USBD_SpeedTypeDefPt  usbd_desc.o
    0x08008060   0x08008060   0x00000056   Code   RO         1317    i._Z29I2C_WaitOnBTFFlagUntilTimeoutP17I2C_HandleTypeDefjj  stm32f1xx_hal_i2c.o
    0x080080b6   0x080080b6   0x00000056   Code   RO         1318    i._Z29I2C_WaitOnTXEFlagUntilTimeoutP17I2C_HandleTypeDefjj  stm32f1xx_hal_i2c.o
    0x0800810c   0x0800810c   0x00000010   Code   RO         6062    i._Z29USBD_CDC_GetOtherSpeedCfgDescPt  usbd_cdc.o
    0x0800811c   0x0800811c   0x0000006e   Code   RO         1319    i._Z30I2C_WaitOnRXNEFlagUntilTimeoutP17I2C_HandleTypeDefjj  stm32f1xx_hal_i2c.o
    0x0800818a   0x0800818a   0x00000002   PAD
    0x0800818c   0x0800818c   0x00000028   Code   RO         5674    i._Z30USBD_FS_InterfaceStrDescriptor17USBD_SpeedTypeDefPt  usbd_desc.o
    0x080081b4   0x080081b4   0x0000002c   Code   RO         5675    i._Z33USBD_FS_ManufacturerStrDescriptor17USBD_SpeedTypeDefPt  usbd_desc.o
    0x080081e0   0x080081e0   0x00000010   Code   RO         6063    i._Z37USBD_CDC_GetDeviceQualifierDescriptorPt  usbd_cdc.o
    0x080081f0   0x080081f0   0x000000ac   Code   RO         1321    i._Z39I2C_WaitOnMasterAddressFlagUntilTimeoutP17I2C_HandleTypeDefjjj  stm32f1xx_hal_i2c.o
    0x0800829c   0x0800829c   0x00000028   Code   RO          307    i._Z9RCC_Delayj     stm32f1xx_hal_rcc.o
    0x080082c4   0x080082c4   0x0000000e   Code   RO         5072    i._ZN11TimeMeterMS11ElapsedTimeEv  timer.o
    0x080082d2   0x080082d2   0x00000010   Code   RO         5074    i._ZN11TimeMeterMS5ResetEv  timer.o
    0x080082e2   0x080082e2   0x0000000e   Code   RO         5076    i._ZN11TimeMeterMSC1Ev  timer.o
    0x080082f0   0x080082f0   0x000000b4   Code   RO         6589    i._ZN14HAL_USART_HC124InitEv  hal_usart_hc12.o
    0x080083a4   0x080083a4   0x00000020   Code   RO         6590    i._ZN14HAL_USART_HC128TransmitEPKvi  hal_usart_hc12.o
    0x080083c4   0x080083c4   0x00000010   Code   RO         5757    i._ZN3CDC12OnIRQHandlerEv  cdc.o
    0x080083d4   0x080083d4   0x00000034   Code   RO         5758    i._ZN3CDC4InitEv    cdc.o
    0x08008408   0x08008408   0x0000003c   Code   RO         5759    i._ZN3CDC8TransmitEPKvi  cdc.o
    0x08008444   0x08008444   0x000000cc   Code   RO         6284    i._ZN3HAL4InitEv    hal.o
    0x08008510   0x08008510   0x0000002c   Code   RO         6286    i._ZN3HAL6GetUIDEv  hal.o
    0x0800853c   0x0800853c   0x00000004   Code   RO         7954    i._ZN3IntC1Ei       values.o
    0x08008540   0x08008540   0x00000004   Code   RO         5284    i._ZN3KeyC1ENS_1EE  keyboard.o
    0x08008544   0x08008544   0x00000058   Code   RO         8179    i._ZN4Char4DrawEiiiN5Color1EE  text.o
    0x0800859c   0x0800859c   0x00000004   Code   RO         8122    i._ZN4CharC1Ec      string.o
    0x080085a0   0x080085a0   0x00000004   Code   RO         4973    i._ZN4Font10GetSpacingEv  font.o
    0x080085a4   0x080085a4   0x00000018   Code   RO         4974    i._ZN4Font3SetEN8TypeFont1EE  font.o
    0x080085bc   0x080085bc   0x00000024   Code   RO         4975    i._ZN4Font4Text6LengthEPKc  font.o
    0x080085e0   0x080085e0   0x0000003e   Code   RO         4976    i._ZN4Font4Text7DrawBigEiiiPKcN5Color1EE  font.o
    0x0800861e   0x0800861e   0x00000002   PAD
    0x08008620   0x08008620   0x0000002c   Code   RO         4977    i._ZN4Font5WidthEv  font.o
    0x0800864c   0x0800864c   0x00000030   Code   RO         4978    i._ZN4Font6HeightEv  font.o
    0x0800867c   0x0800867c   0x00000074   Code   RO         4979    i._ZN4Font6Symbol12LineNotEmptyEji  font.o
    0x080086f0   0x080086f0   0x00000094   Code   RO         4980    i._ZN4Font6Symbol16BitInLineIsExistEjii  font.o
    0x08008784   0x08008784   0x0000007a   Code   RO         4981    i._ZN4Font6Symbol4DrawEiic  font.o
    0x080087fe   0x080087fe   0x00000002   PAD
    0x08008800   0x08008800   0x00000054   Code   RO         4982    i._ZN4Font6Symbol5WidthEh  font.o
    0x08008854   0x08008854   0x000000b6   Code   RO         4984    i._ZN4Font6Symbol7DrawBigEiiic  font.o
    0x0800890a   0x0800890a   0x00000002   PAD
    0x0800890c   0x0800890c   0x0000003c   Code   RO         7129    i._ZN4HC1215ReceiveCallbackEv  hc12.o
    0x08008948   0x08008948   0x00000028   Code   RO         7130    i._ZN4HC124InitEv   hc12.o
    0x08008970   0x08008970   0x00000010   Code   RO         7132    i._ZN4HC128TransmitEPKvi  hc12.o
    0x08008980   0x08008980   0x00000002   Code   RO         7631    i._ZN4ItemD1Ev      menuitems.o
    0x08008982   0x08008982   0x00000024   Code   RO         7920    i._ZN4Math12CalculateCRCEPKvi  math.o
    0x080089a6   0x080089a6   0x0000000e   Code   RO         7921    i._ZN4Math8SDBMHashEjh  math.o
    0x080089b4   0x080089b4   0x0000005c   Code   RO         7244    i._ZN4Menu10ShortPressEN3Key1EE  menu.o
    0x08008a10   0x08008a10   0x00000090   Code   RO         7246    i._ZN4Menu4DrawEv   menu.o
    0x08008aa0   0x08008aa0   0x0000001c   Code   RO         7247    i._ZN4Menu6OpenedEv  menu.o
    0x08008abc   0x08008abc   0x00000028   Code   RO         7248    i._ZN4Menu9LongPressEN3Key1EE  menu.o
    0x08008ae4   0x08008ae4   0x00000034   Code   RO         4627    i._ZN5Color10GetCurrentEv  colors.o
    0x08008b18   0x08008b18   0x00000010   Code   RO         4628    i._ZN5Color10SetCurrentENS_1EE  colors.o
    0x08008b28   0x08008b28   0x0000000c   Code   RO         4629    i._ZN5Color11MenuLettersEb  colors.o
    0x08008b34   0x08008b34   0x00000004   Code   RO         4630    i._ZN5Color8MenuItemEv  colors.o
    0x08008b38   0x08008b38   0x00000004   Code   RO         7955    i._ZN5FloatC1Ef     values.o
    0x08008b3c   0x08008b3c   0x0000002e   Code   RO         4672    i._ZN5HLine4DrawEiiN5Color1EE  display.o
    0x08008b6a   0x08008b6a   0x00000004   Code   RO         4835    i._ZN5HLineC1Ei     display.o
    0x08008b6e   0x08008b6e   0x0000001e   Code   RO         4673    i._ZN5Point3SetEiiN5Color1EE  display.o
    0x08008b8c   0x08008b8c   0x00000008   Code   RO         5077    i._ZN5Timer11CurrentTimeEv  timer.o
    0x08008b94   0x08008b94   0x0000002c   Code   RO         4674    i._ZN5VLine4DrawEiiN5Color1EE  display.o
    0x08008bc0   0x08008bc0   0x00000004   Code   RO         4829    i._ZN5VLineC1Ei     display.o
    0x08008bc4   0x08008bc4   0x0000008c   Code   RO         6781    i._ZN6BME28011GetMeasuresEPfS0_S0_  bme280.o
    0x08008c50   0x08008c50   0x00000080   Code   RO         6782    i._ZN6BME2804InitEv  bme280.o
    0x08008cd0   0x08008cd0   0x00000024   Code   RO         5310    i._ZN6Beeper15CallbackOnTimerEv  beeper.o
    0x08008cf4   0x08008cf4   0x0000001c   Code   RO         5312    i._ZN6Beeper4InitEv  beeper.o
    0x08008d10   0x08008d10   0x00000034   Code   RO         5313    i._ZN6Beeper4StopEv  beeper.o
    0x08008d44   0x08008d44   0x00000084   Code   RO         5314    i._ZN6Beeper5StartEi  beeper.o
    0x08008dc8   0x08008dc8   0x0000004c   Code   RO         4462    i._ZN6Device10CalculateFEff  device.o
    0x08008e14   0x08008e14   0x00000038   Code   RO         4463    i._ZN6Device17CalculateDewPointEff  device.o
    0x08008e4c   0x08008e4c   0x0000002a   Code   RO         4464    i._ZN6Device4InitEv  device.o
    0x08008e76   0x08008e76   0x00000090   Code   RO         4465    i._ZN6Device6UpdateEv  device.o
    0x08008f06   0x08008f06   0x00000002   PAD
    0x08008f08   0x08008f08   0x000000a0   Code   RO         7187    i._ZN6ST773510SendData16Et  st7735.o
    0x08008fa8   0x08008fa8   0x000000a4   Code   RO         7188    i._ZN6ST773511SendCommandEh  st7735.o
    0x0800904c   0x0800904c   0x000002d8   Code   RO         7189    i._ZN6ST773511WriteBufferEiiii  st7735.o
    0x08009324   0x08009324   0x0000016c   Code   RO         7190    i._ZN6ST77354InitEv  st7735.o
    0x08009490   0x08009490   0x00000090   Code   RO         7191    i._ZN6ST77359SendData8Eh  st7735.o
    0x08009520   0x08009520   0x00000054   Code   RO         7192    i._ZN6ST77359SetWindowEiiii  st7735.o
    0x08009574   0x08009574   0x0000000c   Code   RO         4675    i._ZN7Display10BeginSceneEN5Color1EE  display.o
    0x08009580   0x08009580   0x00000094   Code   RO         4676    i._ZN7Display10SetMeasureEN11TypeMeasure1EEf  display.o
    0x08009614   0x08009614   0x00000124   Code   RO         4677    i._ZN7Display12DrawMeasuresEv  display.o
    0x08009738   0x08009738   0x000000a4   Code   RO         4678    i._ZN7Display14DrawBigMeasureEv  display.o
    0x080097dc   0x080097dc   0x0000001c   Code   RO         4679    i._ZN7Display6Buffer4FillEN5Color1EE  display.o
    0x080097f8   0x080097f8   0x0000001c   Code   RO         4680    i._ZN7Display6Buffer7GetLineEii  display.o
    0x08009814   0x08009814   0x00000060   Code   RO         4681    i._ZN7Display6Buffer8SetPointEii  display.o
    0x08009874   0x08009874   0x00000084   Code   RO         4683    i._ZN7Display6UpdateEv  display.o
    0x080098f8   0x080098f8   0x00000048   Code   RO         4684    i._ZN7Display7Measure4DrawEiii  display.o
    0x08009940   0x08009940   0x0000001c   Code   RO         4685    i._ZN7Display7Measure4NameEv  display.o
    0x0800995c   0x0800995c   0x0000001c   Code   RO         4686    i._ZN7Display7Measure5UnitsEv  display.o
    0x08009978   0x08009978   0x0000002c   Code   RO         4811    i._ZN7Display7MeasureC1EN11TypeMeasure1EE  display.o
    0x080099a4   0x080099a4   0x00000094   Code   RO         4687    i._ZN7Display8DrawTimeEv  display.o
    0x08009a38   0x08009a38   0x00000010   Code   RO         4688    i._ZN7Display8EndSceneEv  display.o
    0x08009a48   0x08009a48   0x0000000c   Code   RO         6677    i._ZN7HAL_ADC10GetVoltageEv  hal_adc.o
    0x08009a54   0x08009a54   0x000000b8   Code   RO         6678    i._ZN7HAL_ADC4InitEv  hal_adc.o
    0x08009b0c   0x08009b0c   0x00000048   Code   RO         6679    i._ZN7HAL_ADC6UpdateEv  hal_adc.o
    0x08009b54   0x08009b54   0x00000050   Code   RO         6625    i._ZN7HAL_ROM12LoadSettingsER8Settings  hal_rom.o
    0x08009ba4   0x08009ba4   0x00000064   Code   RO         6626    i._ZN7HAL_ROM12SaveSettingsERK8Settings  hal_rom.o
    0x08009c08   0x08009c08   0x00000014   Code   RO         6627    i._ZN7HAL_ROM4LoadEjR8Settings  hal_rom.o
    0x08009c1c   0x08009c1c   0x00000008   Code   RO         6628    i._ZN7HAL_ROM4ReadEj  hal_rom.o
    0x08009c24   0x08009c24   0x00000048   Code   RO         6629    i._ZN7HAL_ROM4SaveEjRK8Settings  hal_rom.o
    0x08009c6c   0x08009c6c   0x0000003a   Code   RO         6513    i._ZN7HAL_RTC16RTC_ExitInitModeEP17RTC_HandleTypeDef  hal_rtc.o
    0x08009ca6   0x08009ca6   0x0000003a   Code   RO         6514    i._ZN7HAL_RTC17RTC_EnterInitModeEP17RTC_HandleTypeDef  hal_rtc.o
    0x08009ce0   0x08009ce0   0x00000034   Code   RO         6515    i._ZN7HAL_RTC19RTC_ReadTimeCounterEP17RTC_HandleTypeDef  hal_rtc.o
    0x08009d14   0x08009d14   0x0000002e   Code   RO         6516    i._ZN7HAL_RTC20RTC_WriteTimeCounterEP17RTC_HandleTypeDefj  hal_rtc.o
    0x08009d42   0x08009d42   0x00000002   PAD
    0x08009d44   0x08009d44   0x00000048   Code   RO         6517    i._ZN7HAL_RTC4InitEv  hal_rtc.o
    0x08009d8c   0x08009d8c   0x00000044   Code   RO         6518    i._ZN7HAL_RTC7GetTimeEv  hal_rtc.o
    0x08009dd0   0x08009dd0   0x0000006c   Code   RO         6519    i._ZN7HAL_RTC7SetTimeERK10PackedTime  hal_rtc.o
    0x08009e3c   0x08009e3c   0x00000004   Code   RO         4841    i._ZN7ZoneFPSD1Ev   display.o
    0x08009e40   0x08009e40   0x00000038   Code   RO         6335    i._ZN8HAL_I2C14InitEv  hal_i2c.o
    0x08009e78   0x08009e78   0x00000048   Code   RO         6336    i._ZN8HAL_I2C14ReadEhhPht  hal_i2c.o
    0x08009ec0   0x08009ec0   0x00000050   Code   RO         6337    i._ZN8HAL_I2C15WriteEhhPht  hal_i2c.o
    0x08009f10   0x08009f10   0x0000000c   Code   RO         5142    i._ZN8InterCom12SetDirectionEN9Direction1EE  intercom.o
    0x08009f1c   0x08009f1c   0x000000a8   Code   RO         5143    i._ZN8InterCom13CreateMessageEN11TypeMeasure1EEf  intercom.o
    0x08009fc4   0x08009fc4   0x000000a8   Code   RO         5144    i._ZN8InterCom4SendEN11TypeMeasure1EEf  intercom.o
    0x0800a06c   0x0800a06c   0x00000024   Code   RO         5234    i._ZN8Keyboard10KeyPressedEN3Key1EE  keyboard.o
    0x0800a090   0x0800a090   0x0000001c   Code   RO         5235    i._ZN8Keyboard4InitEv  keyboard.o
    0x0800a0ac   0x0800a0ac   0x00000014   Code   RO         5236    i._ZN8Keyboard6UpdateEv  keyboard.o
    0x0800a0c0   0x0800a0c0   0x00000084   Code   RO         5237    i._ZN8Keyboard9UpdateKeyEN3Key1EE  keyboard.o
    0x0800a144   0x0800a144   0x00000040   Code   RO         4591    i._ZN8Measures7InRangeEN11TypeMeasure1EEf  measures.o
    0x0800a184   0x0800a184   0x0000000c   Code   RO         4592    i._ZN8Measures7IsFixedEv  measures.o
    0x0800a190   0x0800a190   0x0000000c   Code   RO         4593    i._ZN8Measures8SetFixedEb  measures.o
    0x0800a19c   0x0800a19c   0x00000070   Code   RO         8402    i._ZN8Settings11SaveMeasureEN11TypeMeasure1EEf  settings.o
    0x0800a20c   0x0800a20c   0x00000018   Code   RO         8403    i._ZN8Settings12ResetMeasureEN11TypeMeasure1EE  settings.o
    0x0800a224   0x0800a224   0x00000030   Code   RO         8404    i._ZN8Settings4LoadEv  settings.o
    0x0800a254   0x0800a254   0x00000038   Code   RO         8405    i._ZN8Settings4SaveEv  settings.o
    0x0800a28c   0x0800a28c   0x00000018   Code   RO         8406    i._ZN8Settings5ResetEv  settings.o
    0x0800a2a4   0x0800a2a4   0x0000003e   Code   RO         8407    i._ZN8SettingseqERKS_  settings.o
    0x0800a2e2   0x0800a2e2   0x00000014   Code   RO         8408    i._ZN8SettingsneERKS_  settings.o
    0x0800a2f6   0x0800a2f6   0x00000044   Code   RO         4690    i._ZN9Rectangle10DrawFilledEiiN5Color1EES1_  display.o
    0x0800a33a   0x0800a33a   0x00000068   Code   RO         4691    i._ZN9Rectangle4DrawEiiN5Color1EE  display.o
    0x0800a3a2   0x0800a3a2   0x0000003c   Code   RO         4692    i._ZN9Rectangle4FillEiiN5Color1EE  display.o
    0x0800a3de   0x0800a3de   0x00000006   Code   RO         4823    i._ZN9RectangleC1Eii  display.o
    0x0800a3e4   0x0800a3e4   0x00000018   Code   RO         7956    i._ZNK3Int8ToStirngEv  values.o
    0x0800a3fc   0x0800a3fc   0x0000013c   Code   RO         7303    i._ZNK4Item10DrawClosedEiib  menuitems.o
    0x0800a538   0x0800a538   0x000000b6   Code   RO         7304    i._ZNK4Item10DrawOpenedEiib  menuitems.o
    0x0800a5ee   0x0800a5ee   0x0000007c   Code   RO         7306    i._ZNK4Item12LongPressureEN3Key1EE  menuitems.o
    0x0800a66a   0x0800a66a   0x00000038   Code   RO         7307    i._ZNK4Item12NumberOnPageEv  menuitems.o
    0x0800a6a2   0x0800a6a2   0x00000086   Code   RO         7308    i._ZNK4Item13ShortPressureEN3Key1EE  menuitems.o
    0x0800a728   0x0800a728   0x00000032   Code   RO         7309    i._ZNK4Item4DrawEiib  menuitems.o
    0x0800a75a   0x0800a75a   0x00000002   PAD
    0x0800a75c   0x0800a75c   0x00000020   Code   RO         7310    i._ZNK4Item4OpenEv  menuitems.o
    0x0800a77c   0x0800a77c   0x00000040   Code   RO         7311    i._ZNK4Item5CloseEv  menuitems.o
    0x0800a7bc   0x0800a7bc   0x00000016   Code   RO         7312    i._ZNK4Item5TitleEv  menuitems.o
    0x0800a7d2   0x0800a7d2   0x0000000a   Code   RO         7625    i._ZNK4Item6KeeperEv  menuitems.o
    0x0800a7dc   0x0800a7dc   0x0000004c   Code   RO         7313    i._ZNK4Item8IsOpenedEv  menuitems.o
    0x0800a828   0x0800a828   0x00000002   Code   RO         7314    i._ZNK4Page10DrawClosedEiib  menuitems.o
    0x0800a82a   0x0800a82a   0x00000028   Code   RO         7315    i._ZNK4Page10DrawOpenedEiib  menuitems.o
    0x0800a852   0x0800a852   0x00000016   Code   RO         7316    i._ZNK4Page11CurrentItemEv  menuitems.o
    0x0800a868   0x0800a868   0x00000088   Code   RO         7318    i._ZNK4Page12LongPressureEN3Key1EE  menuitems.o
    0x0800a8f0   0x0800a8f0   0x00000034   Code   RO         7319    i._ZNK4Page13ShortPressureEN3Key1EE  menuitems.o
    0x0800a924   0x0800a924   0x00000022   Code   RO         7320    i._ZNK4Page16LastItemOnScreenEv  menuitems.o
    0x0800a946   0x0800a946   0x00000016   Code   RO         7321    i._ZNK4Page17FirstItemOnScreenEv  menuitems.o
    0x0800a95c   0x0800a95c   0x00000024   Code   RO         7322    i._ZNK4Page5CloseEv  menuitems.o
    0x0800a980   0x0800a980   0x00000018   Code   RO         7323    i._ZNK4Page8NumItemsEv  menuitems.o
    0x0800a998   0x0800a998   0x0000003e   Code   RO         7324    i._ZNK4Page9DrawItemsEiib  menuitems.o
    0x0800a9d6   0x0800a9d6   0x0000004c   Code   RO         7325    i._ZNK4Page9DrawTitleEii  menuitems.o
    0x0800aa22   0x0800aa22   0x00000002   PAD
    0x0800aa24   0x0800aa24   0x00000028   Code   RO         7957    i._ZNK5Float8ToStringEv  values.o
    0x0800aa4c   0x0800aa4c   0x0000005c   Code   RO         7326    i._ZNK6Button10DrawClosedEiib  menuitems.o
    0x0800aaa8   0x0800aaa8   0x0000001c   Code   RO         7327    i._ZNK6Button10DrawOpenedEiib  menuitems.o
    0x0800aac4   0x0800aac4   0x00000018   Code   RO         7619    i._ZNK6Button12LongPressureEv  menuitems.o
    0x0800aadc   0x0800aadc   0x00000002   Code   RO         7329    i._ZNK6Button13ShortPressureEN3Key1EE  menuitems.o
    0x0800aade   0x0800aade   0x00000032   Code   RO         7330    i._ZNK6Choice10DrawClosedEiib  menuitems.o
    0x0800ab10   0x0800ab10   0x00000002   Code   RO         7331    i._ZNK6Choice10DrawOpenedEiib  menuitems.o
    0x0800ab12   0x0800ab12   0x00000016   Code   RO         7332    i._ZNK6Choice11CurrentNameEv  menuitems.o
    0x0800ab28   0x0800ab28   0x0000001e   Code   RO         7334    i._ZNK6Choice12LongPressureEv  menuitems.o
    0x0800ab46   0x0800ab46   0x00000002   Code   RO         7335    i._ZNK6Choice13ShortPressureEN3Key1EE  menuitems.o
    0x0800ab48   0x0800ab48   0x0000004e   Code   RO         7336    i._ZNK8Governor10DrawClosedEiib  menuitems.o
    0x0800ab96   0x0800ab96   0x00000002   PAD
    0x0800ab98   0x0800ab98   0x000000dc   Code   RO         7337    i._ZNK8Governor10DrawOpenedEiib  menuitems.o
    0x0800ac74   0x0800ac74   0x00000068   Code   RO         7339    i._ZNK8Governor11DrawControlEiiRK6StringILi64EEb  menuitems.o
    0x0800acdc   0x0800acdc   0x00000094   Code   RO         7340    i._ZNK8Governor12DrawControlsEii  menuitems.o
    0x0800ad70   0x0800ad70   0x0000001c   Code   RO         7341    i._ZNK8Governor12LongPressureEv  menuitems.o
    0x0800ad8c   0x0800ad8c   0x0000008c   Code   RO         7342    i._ZNK8Governor13ShortPressureEN3Key1EE  menuitems.o
    0x0800ae18   0x0800ae18   0x0000007c   Code   RO         7343    i._ZNK8TimeItem10DrawClosedEiib  menuitems.o
    0x0800ae94   0x0800ae94   0x00000220   Code   RO         7344    i._ZNK8TimeItem10DrawOpenedEiib  menuitems.o
    0x0800b0b4   0x0800b0b4   0x00000022   Code   RO         7346    i._ZNK8TimeItem12LongPressureEN3Key1EE  menuitems.o
    0x0800b0d6   0x0800b0d6   0x0000006e   Code   RO         7347    i._ZNK8TimeItem13ShortPressureEN3Key1EE  menuitems.o
    0x0800b144   0x0800b144   0x00000080   Code   RO         7348    i._ZNK8TimeItem18ChangeCurrentFieldEN3Key1EE  menuitems.o
    0x0800b1c4   0x0800b1c4   0x000000a8   Code   RO         7349    i._ZNK9StateItem10DrawClosedEiib  menuitems.o
    0x0800b26c   0x0800b26c   0x00000002   Code   RO         7350    i._ZNK9StateItem10DrawOpenedEiib  menuitems.o
    0x0800b26e   0x0800b26e   0x0000001a   Code   RO         7352    i._ZNK9StateItem12LongPressureEN3Key1EE  menuitems.o
    0x0800b288   0x0800b288   0x00000002   Code   RO         7353    i._ZNK9StateItem13ShortPressureEN3Key1EE  menuitems.o
    0x0800b28a   0x0800b28a   0x00000028   Code   RO         9134    i.__ARM_fpclassify  m_ws.l(fpclassify.o)
    0x0800b2b2   0x0800b2b2   0x00000010   Code   RO         8596    i.__cxa_guard_acquire  cpprt_w.l(cxa_guard_acquire.o)
    0x0800b2c2   0x0800b2c2   0x0000000a   Code   RO         8976    i.__mathlib_flt_divzero  m_ws.l(funder.o)
    0x0800b2cc   0x0800b2cc   0x00000006   Code   RO         8977    i.__mathlib_flt_infnan  m_ws.l(funder.o)
    0x0800b2d2   0x0800b2d2   0x00000008   Code   RO         8979    i.__mathlib_flt_invalid  m_ws.l(funder.o)
    0x0800b2da   0x0800b2da   0x00000002   PAD
    0x0800b2dc   0x0800b2dc   0x0000008c   Code   RO         4693    i.__sti___11_Display_cpp_238b98d4  display.o
    0x0800b368   0x0800b368   0x00000028   Code   RO         5239    i.__sti___12_Keyboard_cpp_key1  keyboard.o
    0x0800b390   0x0800b390   0x00000014   Code   RO         7727    i.__sti___12_PageHC12_cpp_bcd072d0  pagehc12.o
    0x0800b3a4   0x0800b3a4   0x00000018   Code   RO         8409    i.__sti___12_Settings_cpp_gset  settings.o
    0x0800b3bc   0x0800b3bc   0x00000024   Code   RO         7354    i.__sti___13_MenuItems_cpp_a3e76341  menuitems.o
    0x0800b3e0   0x0800b3e0   0x0000005c   Code   RO         7784    i.__sti___14_PageSystem_cpp_09ff3017  pagesystem.o
    0x0800b43c   0x0800b43c   0x00000014   Code   RO         7699    i.__sti___15_PageDisplay_cpp_868e8b3c  pagedisplay.o
    0x0800b450   0x0800b450   0x000001b0   Code   RO         7844    i.__sti___16_PageMeasures_cpp_158d5ec3  pagemeasures.o
    0x0800b600   0x0800b600   0x00000010   Code   RO         7133    i.__sti___8_HC12_cpp_2b370480  hc12.o
    0x0800b610   0x0800b610   0x0000001c   Code   RO         7752    i.__sti___9_Pages_cpp_pageMain  pages.o
    0x0800b62c   0x0800b62c   0x0000000e   Code   RO         8525    i._is_digit         c_w.l(__printf_wp.o)
    0x0800b63a   0x0800b63a   0x00000066   Code   RO         6929    i.bme280_compensate_data  bme280_driver.o
    0x0800b6a0   0x0800b6a0   0x0000003c   Code   RO         6930    i.bme280_get_regs   bme280_driver.o
    0x0800b6dc   0x0800b6dc   0x00000056   Code   RO         6931    i.bme280_get_sensor_data  bme280_driver.o
    0x0800b732   0x0800b732   0x0000002a   Code   RO         6932    i.bme280_get_sensor_mode  bme280_driver.o
    0x0800b75c   0x0800b75c   0x00000062   Code   RO         6934    i.bme280_init       bme280_driver.o
    0x0800b7be   0x0800b7be   0x00000038   Code   RO         6935    i.bme280_parse_sensor_data  bme280_driver.o
    0x0800b7f6   0x0800b7f6   0x0000009e   Code   RO         6936    i.bme280_set_regs   bme280_driver.o
    0x0800b894   0x0800b894   0x0000003a   Code   RO         6937    i.bme280_set_sensor_mode  bme280_driver.o
    0x0800b8ce   0x0800b8ce   0x00000062   Code   RO         6938    i.bme280_set_sensor_settings  bme280_driver.o
    0x0800b930   0x0800b930   0x0000002e   Code   RO         6939    i.bme280_soft_reset  bme280_driver.o
    0x0800b95e   0x0800b95e   0x00000002   PAD
    0x0800b960   0x0800b960   0x00000190   Code   RO         8777    i.logf              m_ws.l(logf.o)
    0x0800baf0   0x0800baf0   0x0000000c   Code   RO         4441    i.main              main.o
    0x0800bafc   0x0800bafc   0x0000002c   Code   RO         9085    locale$$code        c_w.l(lc_numeric_c.o)
    0x0800bb28   0x0800bb28   0x0000002c   Code   RO         9158    locale$$code        c_w.l(lc_ctype_c.o)
    0x0800bb54   0x0800bb54   0x00000010   Code   RO         7942    t._ZN4Math14CircleDecreaseIiEEvPT_S1_S1_  math.o
    0x0800bb64   0x0800bb64   0x00000010   Code   RO         7935    t._ZN4Math14CircleIncreaseIiEEvPT_S1_S1_  math.o
    0x0800bb74   0x0800bb74   0x0000001c   Code   RO         5176    t._ZN6BufferIhLi20EEixEi  intercom.o
    0x0800bb90   0x0800bb90   0x0000002c   Code   RO         8062    t._ZN6StringILi64EE19DrawRelativelyRightEiiN5Color1EE  string.o
    0x0800bbbc   0x0800bbbc   0x00000020   Code   RO         7996    t._ZN6StringILi64EE9SetFormatEPKcz  string.o
    0x0800bbdc   0x0800bbdc   0x00000022   Code   RO         7990    t._ZN6StringILi64EEC1EPKcz  string.o
    0x0800bbfe   0x0800bbfe   0x00000006   Code   RO         4817    t._ZN6StringILi64EEC1Ev  display.o
    0x0800bc04   0x0800bc04   0x0000004e   Code   RO         8020    t._ZNK6StringILi64EE4DrawEiiN5Color1EE  string.o
    0x0800bc52   0x0800bc52   0x0000000c   Code   RO         5182    t._ZNK6StringILi64EE4SizeEv  intercom.o
    0x0800bc5e   0x0800bc5e   0x00000002   PAD
    0x0800bc60   0x0800bc60   0x00000062   Code   RO         8708    x$fpl$d2f           fz_ws.l(d2f.o)
    0x0800bcc2   0x0800bcc2   0x00000002   PAD
    0x0800bcc4   0x0800bcc4   0x00000150   Code   RO         8710    x$fpl$dadd          fz_ws.l(daddsub_clz.o)
    0x0800be14   0x0800be14   0x00000018   Code   RO         8961    x$fpl$dcmpinf       fz_ws.l(dcmpi.o)
    0x0800be2c   0x0800be2c   0x000002b0   Code   RO         8717    x$fpl$ddiv          fz_ws.l(ddiv.o)
    0x0800c0dc   0x0800c0dc   0x00000078   Code   RO         8720    x$fpl$deqf          fz_ws.l(deqf.o)
    0x0800c154   0x0800c154   0x0000005e   Code   RO         8722    x$fpl$dfix          fz_ws.l(dfix.o)
    0x0800c1b2   0x0800c1b2   0x0000002e   Code   RO         8727    x$fpl$dflt          fz_ws.l(dflt_clz.o)
    0x0800c1e0   0x0800c1e0   0x00000026   Code   RO         8726    x$fpl$dfltu         fz_ws.l(dflt_clz.o)
    0x0800c206   0x0800c206   0x00000002   PAD
    0x0800c208   0x0800c208   0x00000078   Code   RO         8732    x$fpl$dleqf         fz_ws.l(dleqf.o)
    0x0800c280   0x0800c280   0x00000154   Code   RO         8734    x$fpl$dmul          fz_ws.l(dmul.o)
    0x0800c3d4   0x0800c3d4   0x0000009c   Code   RO         8963    x$fpl$dnaninf       fz_ws.l(dnaninf.o)
    0x0800c470   0x0800c470   0x0000000c   Code   RO         8965    x$fpl$dretinf       fz_ws.l(dretinf.o)
    0x0800c47c   0x0800c47c   0x0000006c   Code   RO         8736    x$fpl$drleqf        fz_ws.l(drleqf.o)
    0x0800c4e8   0x0800c4e8   0x00000016   Code   RO         8711    x$fpl$drsb          fz_ws.l(daddsub_clz.o)
    0x0800c4fe   0x0800c4fe   0x00000002   PAD
    0x0800c500   0x0800c500   0x000001d4   Code   RO         8712    x$fpl$dsub          fz_ws.l(daddsub_clz.o)
    0x0800c6d4   0x0800c6d4   0x00000056   Code   RO         8738    x$fpl$f2d           fz_ws.l(f2d.o)
    0x0800c72a   0x0800c72a   0x00000002   PAD
    0x0800c72c   0x0800c72c   0x000000c4   Code   RO         8740    x$fpl$fadd          fz_ws.l(faddsub_clz.o)
    0x0800c7f0   0x0800c7f0   0x0000000c   Code   RO         9126    x$fpl$fcheck1       fz_ws.l(fcheck1.o)
    0x0800c7fc   0x0800c7fc   0x00000018   Code   RO         8967    x$fpl$fcmpinf       fz_ws.l(fcmpi.o)
    0x0800c814   0x0800c814   0x00000184   Code   RO         8747    x$fpl$fdiv          fz_ws.l(fdiv.o)
    0x0800c998   0x0800c998   0x00000068   Code   RO         8750    x$fpl$feqf          fz_ws.l(feqf.o)
    0x0800ca00   0x0800ca00   0x00000030   Code   RO         8753    x$fpl$fflt          fz_ws.l(fflt_clz.o)
    0x0800ca30   0x0800ca30   0x00000026   Code   RO         8752    x$fpl$ffltu         fz_ws.l(fflt_clz.o)
    0x0800ca56   0x0800ca56   0x00000002   PAD
    0x0800ca58   0x0800ca58   0x00000068   Code   RO         8758    x$fpl$fleqf         fz_ws.l(fleqf.o)
    0x0800cac0   0x0800cac0   0x00000102   Code   RO         8760    x$fpl$fmul          fz_ws.l(fmul.o)
    0x0800cbc2   0x0800cbc2   0x0000008c   Code   RO         8969    x$fpl$fnaninf       fz_ws.l(fnaninf.o)
    0x0800cc4e   0x0800cc4e   0x0000000a   Code   RO         8971    x$fpl$fretinf       fz_ws.l(fretinf.o)
    0x0800cc58   0x0800cc58   0x00000062   Code   RO         8762    x$fpl$frleqf        fz_ws.l(frleqf.o)
    0x0800ccba   0x0800ccba   0x00000002   PAD
    0x0800ccbc   0x0800ccbc   0x000000ea   Code   RO         8742    x$fpl$fsub          fz_ws.l(faddsub_clz.o)
    0x0800cda6   0x0800cda6   0x00000004   Code   RO         8764    x$fpl$printf1       fz_ws.l(printf1.o)
    0x0800cdaa   0x0800cdaa   0x00000064   Code   RO         9188    x$fpl$retnan        fz_ws.l(retnan.o)
    0x0800ce0e   0x0800ce0e   0x0000004c   Code   RO         8973    x$fpl$scalbnf       fz_ws.l(scalbnf.o)
    0x0800ce5a   0x0800ce5a   0x00000030   Code   RO         9217    x$fpl$trapveneer    fz_ws.l(trapv.o)
    0x0800ce8a   0x0800ce8a   0x00000000   Code   RO         8975    x$fpl$usenofp       fz_ws.l(usenofp.o)
    0x0800ce8a   0x0800ce8a   0x00000002   PAD
    0x0800ce8c   0x0800ce8c   0x00000034   Data   RO         4718    .constdata          display.o
    0x0800cec0   0x0800cec0   0x0000230c   Data   RO         4997    .constdata          font.o
    0x0800f1cc   0x0800f1cc   0x00000020   Data   RO         5148    .constdata          intercom.o
    0x0800f1ec   0x0800f1ec   0x00000014   Data   RO         5246    .constdata          keyboard.o
    0x0800f200   0x0800f200   0x00000018   Data   RO         5383    .constdata          system_stm32f1xx.o
    0x0800f218   0x0800f218   0x00000016   Data   RO         7200    .constdata          st7735.o
    0x0800f22e   0x0800f22e   0x00000002   PAD
    0x0800f230   0x0800f230   0x00000018   Data   RO         7407    .constdata          menuitems.o
    0x0800f248   0x0800f248   0x00000028   Data   RO         7702    .constdata          pagedisplay.o
    0x0800f270   0x0800f270   0x00000028   Data   RO         7730    .constdata          pagehc12.o
    0x0800f298   0x0800f298   0x00000038   Data   RO         7756    .constdata          pages.o
    0x0800f2d0   0x0800f2d0   0x00000034   Data   RO         7791    .constdata          pagesystem.o
    0x0800f304   0x0800f304   0x000000cc   Data   RO         7856    .constdata          pagemeasures.o
    0x0800f3d0   0x0800f3d0   0x00000054   Data   RO         8419    .constdata          settings.o
    0x0800f424   0x0800f424   0x00000008   Data   RO         8486    .constdata          c_w.l(_printf_wctomb.o)
    0x0800f42c   0x0800f42c   0x00000028   Data   RO         8513    .constdata          c_w.l(_printf_hex_int_ll_ptr.o)
    0x0800f454   0x0800f454   0x00000011   Data   RO         8533    .constdata          c_w.l(__printf_flags_ss_wp.o)
    0x0800f465   0x0800f465   0x00000003   PAD
    0x0800f468   0x0800f468   0x00000040   Data   RO         8778    .constdata          m_ws.l(logf.o)
    0x0800f4a8   0x0800f4a8   0x0000000c   Data   RO         8902    .constdata          c_w.l(_monlen.o)
    0x0800f4b4   0x0800f4b4   0x00000094   Data   RO         9060    .constdata          c_w.l(bigflt0.o)
    0x0800f548   0x0800f548   0x00000010   Data   RO         7638    .constdata__ZTV4Item  menuitems.o
    0x0800f558   0x0800f558   0x00000014   Data   RO         4845    .constdata__ZTV4Zone  display.o
    0x0800f56c   0x0800f56c   0x00000014   Data   RO         4950    .constdata__ZTV7ZoneFPS  zones.o
    0x0800f580   0x0800f580   0x0000003c   Data   RO         4719    .conststring        display.o
    0x0800f5bc   0x0800f5bc   0x00000041   Data   RO         5149    .conststring        intercom.o
    0x0800f5fd   0x0800f5fd   0x00000003   PAD
    0x0800f600   0x0800f600   0x00000010   Data   RO         7703    .conststring        pagedisplay.o
    0x0800f610   0x0800f610   0x00000005   Data   RO         7731    .conststring        pagehc12.o
    0x0800f615   0x0800f615   0x00000003   PAD
    0x0800f618   0x0800f618   0x00000005   Data   RO         7757    .conststring        pages.o
    0x0800f61d   0x0800f61d   0x00000003   PAD
    0x0800f620   0x0800f620   0x00000010   Data   RO         7792    .conststring        pagesystem.o
    0x0800f630   0x0800f630   0x00000071   Data   RO         7857    .conststring        pagemeasures.o
    0x0800f6a1   0x0800f6a1   0x00000003   PAD
    0x0800f6a4   0x0800f6a4   0x00000020   Data   RO         9296    Region$$Table       anon$$obj.o
    0x0800f6c4   0x0800f6c4   0x0000001c   Data   RO         9084    locale$$data        c_w.l(lc_numeric_c.o)
    0x0800f6e0   0x0800f6e0   0x00000110   Data   RO         9157    locale$$data        c_w.l(lc_ctype_c.o)
    0x0800f7f0   0x0800f7f0   0x00000004   Data   RO         4721    .init_array         display.o
    0x0800f7f4   0x0800f7f0   0x00000004   Data   RO         5248    .init_array         keyboard.o
    0x0800f7f8   0x0800f7f0   0x00000004   Data   RO         7140    .init_array         hc12.o
    0x0800f7fc   0x0800f7f0   0x00000004   Data   RO         7409    .init_array         menuitems.o
    0x0800f800   0x0800f7f0   0x00000004   Data   RO         7705    .init_array         pagedisplay.o
    0x0800f804   0x0800f7f0   0x00000004   Data   RO         7733    .init_array         pagehc12.o
    0x0800f808   0x0800f7f0   0x00000004   Data   RO         7759    .init_array         pages.o
    0x0800f80c   0x0800f7f0   0x00000004   Data   RO         7794    .init_array         pagesystem.o
    0x0800f810   0x0800f7f0   0x00000004   Data   RO         7859    .init_array         pagemeasures.o
    0x0800f814   0x0800f7f0   0x00000004   Data   RO         8420    .init_array         settings.o
    0x0800f818   0x0800f7f0   0x00000000   Data   RO         8585    .init_array         c_w.l(init_aeabi.o)


    Execution Region RW_IRAM1 (Exec base: 0x20000000, Load base: 0x0800f818, Size: 0x00004fa0, Max: 0x00005000, ABSOLUTE, COMPRESSED[0x00000240])

    Exec Addr    Load Addr    Size         Type   Attr      Idx    E Section Name        Object

    0x20000000   COMPRESSED   0x00000009   Data   RW           50    .data               stm32f1xx_hal.o
    0x20000009   COMPRESSED   0x00000001   Data   RW         4597    .data               measures.o
    0x2000000a   COMPRESSED   0x00000001   Data   RW         4635    .data               colors.o
    0x2000000b   COMPRESSED   0x00000001   PAD
    0x2000000c   COMPRESSED   0x00000010   Data   RW         4720    .data               display.o
    0x2000001c   COMPRESSED   0x00000018   Data   RW         4998    .data               font.o
    0x20000034   COMPRESSED   0x00000001   Data   RW         5150    .data               intercom.o
    0x20000035   COMPRESSED   0x00000003   PAD
    0x20000038   COMPRESSED   0x00000010   Data   RW         5247    .data               keyboard.o
    0x20000048   COMPRESSED   0x0000004a   Data   RW         5323    .data               beeper.o
    0x20000092   COMPRESSED   0x00000002   PAD
    0x20000094   COMPRESSED   0x00000004   Data   RW         5384    .data               system_stm32f1xx.o
    0x20000098   COMPRESSED   0x0000004e   Data   RW         5686    .data               usbd_desc.o
    0x200000e6   COMPRESSED   0x00000002   PAD
    0x200000e8   COMPRESSED   0x00000014   Data   RW         5768    .data               cdc.o
    0x200000fc   COMPRESSED   0x00000110   Data   RW         6079    .data               usbd_cdc.o
    0x2000020c   COMPRESSED   0x00000001   Data   RW         6201    .data               usbd_ctlreq.o
    0x2000020d   COMPRESSED   0x00000003   PAD
    0x20000210   COMPRESSED   0x00000014   Data   RW         6529    .data               hal_rtc.o
    0x20000224   COMPRESSED   0x00000005   Data   RW         6594    .data               hal_usart_hc12.o
    0x20000229   COMPRESSED   0x00000003   PAD
    0x2000022c   COMPRESSED   0x00000014   Data   RW         6685    .data               hal_adc.o
    0x20000240   COMPRESSED   0x00000004   Data   RW         6786    .data               bme280.o
    0x20000244   COMPRESSED   0x00000009   Data   RW         7408    .data               menuitems.o
    0x2000024d   COMPRESSED   0x00000003   PAD
    0x20000250   COMPRESSED   0x00000019   Data   RW         7704    .data               pagedisplay.o
    0x20000269   COMPRESSED   0x00000003   PAD
    0x2000026c   COMPRESSED   0x00000019   Data   RW         7732    .data               pagehc12.o
    0x20000285   COMPRESSED   0x00000003   PAD
    0x20000288   COMPRESSED   0x00000011   Data   RW         7758    .data               pages.o
    0x20000299   COMPRESSED   0x00000003   PAD
    0x2000029c   COMPRESSED   0x00000079   Data   RW         7793    .data               pagesystem.o
    0x20000315   COMPRESSED   0x00000003   PAD
    0x20000318   COMPRESSED   0x000003c5   Data   RW         7858    .data               pagemeasures.o
    0x200006dd   COMPRESSED   0x00000001   Data   RW         5188    .data__ZZN6BufferIhLi20EEixEiE4null  intercom.o
    0x200006de   COMPRESSED   0x00000001   Data   RW         4846    .data__ZZN6StringILi64EEixEiE9null_char  display.o
    0x200006df   COMPRESSED   0x00000001   PAD
    0x200006e0        -       0x00000020   Zero   RW         2901    .bss                stm32f1xx_hal_flash.o
    0x20000700        -       0x00002a98   Zero   RW         4717    .bss                display.o
    0x20003198        -       0x00000220   Zero   RW         5482    .bss                usbd_conf.o
    0x200033b8        -       0x00000200   Zero   RW         5685    .bss                usbd_desc.o
    0x200035b8        -       0x00000e54   Zero   RW         5767    .bss                cdc.o
    0x2000440c        -       0x00000054   Zero   RW         6346    .bss                hal_i2c.o
    0x20004460        -       0x00000040   Zero   RW         6593    .bss                hal_usart_hc12.o
    0x200044a0        -       0x00000030   Zero   RW         6684    .bss                hal_adc.o
    0x200044d0        -       0x00000040   Zero   RW         6785    .bss                bme280.o
    0x20004510        -       0x00000084   Zero   RW         7139    .bss                hc12.o
    0x20004594        -       0x00000058   Zero   RW         7199    .bss                st7735.o
    0x200045ec        -       0x0000001c   Zero   RW         7790    .bss                pagesystem.o
    0x20004608        -       0x00000054   Zero   RW         8418    .bss                settings.o
    0x2000465c        -       0x000000e4   Zero   RW         8549    .bss                c_w.l(rand.o)
    0x20004740        -       0x00000060   Zero   RW         8991    .bss                c_w.l(libspace.o)
    0x200047a0        -       0x00000400   Zero   RW         5370    HEAP                startup_stm32f103xb.o
    0x20004ba0        -       0x00000400   Zero   RW         5369    STACK               startup_stm32f103xb.o


==============================================================================

Image component sizes


      Code (inc. data)   RO Data    RW Data    ZI Data      Debug   Object Name

       272         46          0         74          0       3056   beeper.o
       268         30          0          4         64       7136   bme280.o
      3202        112          0          0          0      27082   bme280_driver.o
       264         42          0         20       3668       4199   cdc.o
        84         12          0          1          0       4310   colors.o
       318         20          0          0          0      11611   device.o
      1752        156        136         17      10904      23230   display.o
       870         88       8972         24          0       9656   font.o
       364         18          0          0          0       2308   hal.o
       332         50          0         20         48       2683   hal_adc.o
       288         36          0          0         84       3074   hal_i2c.o
       112         18          0          0          0       6463   hal_it.o
       280         18          0          0          0       3528   hal_rom.o
       462         22          0         20          0       6964   hal_rtc.o
       212         24          0          5         64       1880   hal_usart_hc12.o
       132         24          4          0        132       2948   hc12.o
       388         40         97          2          0       8359   intercom.o
       260         46         24         16          0       4456   keyboard.o
        12          0          0          0          0        399   main.o
        82          0          0          0          0       2381   math.o
        88         16          0          1          0       1532   measures.o
       304         38          0          0          0       9667   menu.o
      3718        234         44          9          0      36895   menuitems.o
        40         16         60         25          0       7102   pagedisplay.o
        40         16         49         25          0       1875   pagehc12.o
       612        192        321        965          0       8573   pagemeasures.o
        60         18         65         17          0       2339   pages.o
       210         44         72        121         28       9432   pagesystem.o
       370         52         88          0         84       5107   settings.o
      1644         60         22          0         88       5744   st7735.o
        64         26        236          0       2048        792   startup_stm32f103xb.o
       194         36          0          9          0     494899   stm32f1xx_hal.o
      1508         44          0          0          0       7297   stm32f1xx_hal_adc.o
         2          0          0          0          0       1157   stm32f1xx_hal_adc_ex.o
       372         28          0          0          0      30417   stm32f1xx_hal_cortex.o
       176          4          0          0          0       1163   stm32f1xx_hal_dma.o
       520         48          0          0         32       4258   stm32f1xx_hal_flash.o
       256         26          0          0          0       2663   stm32f1xx_hal_flash_ex.o
       824         34          0          0          0       3411   stm32f1xx_hal_gpio.o
      2806         50          0          0          0      12013   stm32f1xx_hal_i2c.o
      2448          0          0          0          0      10237   stm32f1xx_hal_pcd.o
        62          0          0          0          0       1254   stm32f1xx_hal_pcd_ex.o
      2012        110          0          0          0       6827   stm32f1xx_hal_rcc.o
       588         46          0          0          0       2497   stm32f1xx_hal_rcc_ex.o
       390          6          0          0          0       4926   stm32f1xx_hal_rtc.o
       136          0          0          0          0       1705   stm32f1xx_hal_spi.o
       742         14          0          0          0       7952   stm32f1xx_hal_tim.o
         4          0          0          0          0       1618   stm32f1xx_hal_tim_ex.o
      1696         12          0          0          0      10278   stm32f1xx_hal_uart.o
      2838          0          0          0          0      13859   stm32f1xx_ll_usb.o
       192          0          0          0          0       5432   string.o
        88         18         24          4          0       1191   system_stm32f1xx.o
        88          0          0          0          0       1124   text.o
        52          0          0          0          0       2306   timer.o
       728         30          0        272          0      13102   usbd_cdc.o
       804         28          0          0        544      13971   usbd_conf.o
       748          0          0          0          0      10075   usbd_core.o
      1584         30          0          1          0      10720   usbd_ctlreq.o
       338        116          0         78        512       6329   usbd_desc.o
       174          0          0          0          0       4692   usbd_ioreq.o
        72         14          0          0          0       2344   values.o
         0          0         20          0          0       2296   zones.o

    ----------------------------------------------------------------------
     39608       2208      10280       1760      18300     916794   Object Totals
         0          0         32          0          0          0   (incl. Generated)
        62          0         14         30          0          0   (incl. Padding)

    ----------------------------------------------------------------------

      Code (inc. data)   RO Data    RW Data    ZI Data      Debug   Library Member Name

        90          0          0          0          0          0   __dczerorl2.o
         8          0          0          0          0         68   __main.o
       392          4         17          0          0         92   __printf_flags_ss_wp.o
        14          0          0          0          0         68   __printf_wp.o
         0          0          0          0          0          0   __rtentry.o
        12          0          0          0          0          0   __rtentry2.o
         6          0          0          0          0          0   __rtentry4.o
        52          8          0          0          0          0   __scatter.o
        28          0          0          0          0          0   __scatter_zi.o
         0          0         12          0          0          0   _monlen.o
         6          0          0          0          0          0   _printf_a.o
         6          0          0          0          0          0   _printf_c.o
        44          0          0          0          0        108   _printf_char.o
        48          6          0          0          0         96   _printf_char_common.o
        40          0          0          0          0         68   _printf_charcount.o
         6          0          0          0          0          0   _printf_d.o
       120         16          0          0          0         92   _printf_dec.o
         6          0          0          0          0          0   _printf_e.o
         6          0          0          0          0          0   _printf_f.o
      1054          0          0          0          0        216   _printf_fp_dec.o
       128         16          0          0          0         84   _printf_fp_infnan.o
         6          0          0          0          0          0   _printf_g.o
       148          4         40          0          0        160   _printf_hex_int_ll_ptr.o
         6          0          0          0          0          0   _printf_i.o
       178          0          0          0          0         88   _printf_intcommon.o
        10          0          0          0          0          0   _printf_l.o
         6          0          0          0          0          0   _printf_lc.o
        10          0          0          0          0          0   _printf_ll.o
         6          0          0          0          0          0   _printf_lld.o
         6          0          0          0          0          0   _printf_lli.o
         6          0          0          0          0          0   _printf_llo.o
         6          0          0          0          0          0   _printf_llu.o
         6          0          0          0          0          0   _printf_llx.o
       124         16          0          0          0         92   _printf_longlong_dec.o
         6          0          0          0          0          0   _printf_ls.o
         6          0          0          0          0          0   _printf_n.o
         6          0          0          0          0          0   _printf_o.o
       112         10          0          0          0        124   _printf_oct_int_ll.o
         6          0          0          0          0          0   _printf_p.o
        78          0          0          0          0        108   _printf_pad.o
         0          0          0          0          0          0   _printf_percent.o
         4          0          0          0          0          0   _printf_percent_end.o
         6          0          0          0          0          0   _printf_s.o
        82          0          0          0          0         80   _printf_str.o
        36          0          0          0          0         84   _printf_truncate.o
         6          0          0          0          0          0   _printf_u.o
        44          0          0          0          0        108   _printf_wchar.o
       188          6          8          0          0         92   _printf_wctomb.o
         6          0          0          0          0          0   _printf_x.o
        22          0          0          0          0        100   _rserrno.o
        10          0          0          0          0         68   _sputc.o
        64          0          0          0          0         92   _wcrtomb.o
        46          0          0          0          0         84   aeabi_atexit.o
        16          0          0          0          0         68   aeabi_memset.o
       228          4        148          0          0         96   bigflt0.o
      1936        128          0          0          0        672   btod.o
        36          4          0          0          0         76   c89vsprintf.o
        66          0          0          0          0         84   cxa_finalize.o
        10          0          0          0          0         68   defsig_exit.o
        50          0          0          0          0         88   defsig_general.o
        80         58          0          0          0         76   defsig_rtmem_inner.o
        14          0          0          0          0         80   defsig_rtmem_outer.o
        18          0          0          0          0         80   exit.o
        94          0          0          0          0         80   h1_alloc.o
        52          0          0          0          0         68   h1_extend.o
        78          0          0          0          0         80   h1_free.o
        14          0          0          0          0         84   h1_init.o
         6          0          0          0          0        152   heapauxi.o
         4          0          0          0          0        136   hguard.o
         0          0          0          0          0          0   indicate_semi.o
        36         10          0          0          0         80   init_aeabi.o
       138          0          0          0          0        168   init_alloc.o
        44         10        272          0          0         76   lc_ctype_c.o
        44         10         28          0          0         76   lc_numeric_c.o
         2          0          0          0          0          0   libinit.o
        46          0          0          0          0          0   libinit2.o
         2          0          0          0          0          0   libshutdown.o
         8          0          0          0          0          0   libshutdown2.o
         8          4          0          0         96         68   libspace.o
       138          0          0          0          0         80   lludiv10.o
        38          0          0          0          0         68   llushr.o
         0          0          0          0          0          0   maybetermalloc1.o
        88          0          0          0          0         76   memcmp.o
       428         10          0          0          0        116   mktime.o
       112         18          0          0        228        160   rand.o
        16          4          0          0          0         76   rt_ctype_table.o
         8          4          0          0          0         68   rt_ddtor_pointer_addr_intlibspace.o
         8          4          0          0          0         68   rt_errno_addr_intlibspace.o
         8          4          0          0          0         68   rt_heap_descriptor_intlibspace.o
         8          4          0          0          0         68   rt_locale_intlibspace.o
        68          0          0          0          0         68   rt_memclr.o
        78          0          0          0          0         80   rt_memclr_w.o
       138          0          0          0          0         68   rt_memcpy_v6.o
       100          0          0          0          0         80   rt_memcpy_w.o
         2          0          0          0          0          0   rtexit.o
        10          0          0          0          0          0   rtexit2.o
       128          0          0          0          0         68   strcmpv7m.o
        62          0          0          0          0         76   strlen.o
        12          4          0          0          0         68   sys_exit.o
        74          0          0          0          0         80   sys_stackheap_outer.o
        14          0          0          0          0         76   sys_wrch.o
         2          0          0          0          0         68   use_no_semi.o
        16          0          0          0          0         68   cxa_guard_acquire.o
        98          4          0          0          0         92   d2f.o
       826         16          0          0          0        348   daddsub_clz.o
        24          0          0          0          0         68   dcmpi.o
       688        140          0          0          0        208   ddiv.o
       120          4          0          0          0         92   deqf.o
        94          4          0          0          0         92   dfix.o
        84          0          0          0          0        136   dflt_clz.o
       120          4          0          0          0         92   dleqf.o
       340         12          0          0          0        104   dmul.o
       156          4          0          0          0         92   dnaninf.o
        12          0          0          0          0         68   dretinf.o
       108          0          0          0          0         80   drleqf.o
        86          4          0          0          0         84   f2d.o
       430          8          0          0          0        168   faddsub_clz.o
        12          4          0          0          0         68   fcheck1.o
        24          0          0          0          0         68   fcmpi.o
       388         76          0          0          0         96   fdiv.o
       104          4          0          0          0         84   feqf.o
        86          0          0          0          0        136   fflt_clz.o
       104          4          0          0          0         84   fleqf.o
       258          4          0          0          0         84   fmul.o
       140          4          0          0          0         84   fnaninf.o
        10          0          0          0          0         68   fretinf.o
        98          0          0          0          0         68   frleqf.o
         4          0          0          0          0         68   printf1.o
       100          0          0          0          0         68   retnan.o
        76          0          0          0          0         68   scalbnf.o
        48          0          0          0          0         68   trapv.o
         0          0          0          0          0          0   usenofp.o
        40          0          0          0          0         68   fpclassify.o
        24          0          0          0          0        204   funder.o
       400         38         64          0          0        132   logf.o

    ----------------------------------------------------------------------
     13032        700        592          0        324       9516   Library Totals
        32          0          3          0          0          0   (incl. Padding)

    ----------------------------------------------------------------------

      Code (inc. data)   RO Data    RW Data    ZI Data      Debug   Library Name

      7882        366        525          0        324       6208   c_w.l
        16          0          0          0          0         68   cpprt_w.l
      4638        296          0          0          0       2836   fz_ws.l
       464         38         64          0          0        404   m_ws.l

    ----------------------------------------------------------------------
     13032        700        592          0        324       9516   Library Totals

    ----------------------------------------------------------------------

==============================================================================


      Code (inc. data)   RO Data    RW Data    ZI Data      Debug   

     52640       2908      10872       1760      18624     897030   Grand Totals
     52640       2908      10872        576      18624     897030   ELF Image Totals (compressed)
     52640       2908      10872        576          0          0   ROM Totals

==============================================================================

    Total RO  Size (Code + RO Data)                63512 (  62.02kB)
    Total RW  Size (RW Data + ZI Data)             20384 (  19.91kB)
    Total ROM Size (Code + RO Data + RW Data)      64088 (  62.59kB)

==============================================================================

