Component: ARM Compiler 5.06 update 7 (build 960) Tool: armlink [4d3601]

==============================================================================

Section Cross References

    stm32f1xx_hal.o(i.HAL_DeInit) refers to stm32f1xx_hal.o(i.HAL_MspDeInit) for HAL_MspDeInit
    stm32f1xx_hal.o(i.HAL_Delay) refers to stm32f1xx_hal.o(i.HAL_GetTick) for HAL_GetTick
    stm32f1xx_hal.o(i.HAL_Delay) refers to stm32f1xx_hal.o(.data) for .data
    stm32f1xx_hal.o(i.HAL_GetTick) refers to stm32f1xx_hal.o(.data) for .data
    stm32f1xx_hal.o(i.HAL_GetTickFreq) refers to stm32f1xx_hal.o(.data) for .data
    stm32f1xx_hal.o(i.HAL_GetTickPrio) refers to stm32f1xx_hal.o(.data) for .data
    stm32f1xx_hal.o(i.HAL_IncTick) refers to stm32f1xx_hal.o(.data) for .data
    stm32f1xx_hal.o(i.HAL_Init) refers to stm32f1xx_hal_cortex.o(i.HAL_NVIC_SetPriorityGrouping) for HAL_NVIC_SetPriorityGrouping
    stm32f1xx_hal.o(i.HAL_Init) refers to stm32f1xx_hal.o(i.HAL_InitTick) for HAL_InitTick
    stm32f1xx_hal.o(i.HAL_Init) refers to stm32f1xx_hal.o(i.HAL_MspInit) for HAL_MspInit
    stm32f1xx_hal.o(i.HAL_InitTick) refers to stm32f1xx_hal_cortex.o(i.HAL_SYSTICK_Config) for HAL_SYSTICK_Config
    stm32f1xx_hal.o(i.HAL_InitTick) refers to stm32f1xx_hal_cortex.o(i.HAL_NVIC_SetPriority) for HAL_NVIC_SetPriority
    stm32f1xx_hal.o(i.HAL_InitTick) refers to stm32f1xx_hal.o(.data) for .data
    stm32f1xx_hal.o(i.HAL_InitTick) refers to system_stm32f1xx.o(.data) for SystemCoreClock
    stm32f1xx_hal.o(i.HAL_SetTickFreq) refers to stm32f1xx_hal.o(i.HAL_InitTick) for HAL_InitTick
    stm32f1xx_hal.o(i.HAL_SetTickFreq) refers to stm32f1xx_hal.o(.data) for .data
    stm32f1xx_hal.o(.ARM.exidx) refers to stm32f1xx_hal.o(i.HAL_MspInit) for i.HAL_MspInit
    stm32f1xx_hal.o(.ARM.exidx) refers to stm32f1xx_hal.o(i.HAL_InitTick) for i.HAL_InitTick
    stm32f1xx_hal.o(.ARM.exidx) refers to stm32f1xx_hal.o(i.HAL_Init) for i.HAL_Init
    stm32f1xx_hal.o(.ARM.exidx) refers to stm32f1xx_hal.o(i.HAL_MspDeInit) for i.HAL_MspDeInit
    stm32f1xx_hal.o(.ARM.exidx) refers to stm32f1xx_hal.o(i.HAL_DeInit) for i.HAL_DeInit
    stm32f1xx_hal.o(.ARM.exidx) refers to stm32f1xx_hal.o(i.HAL_IncTick) for i.HAL_IncTick
    stm32f1xx_hal.o(.ARM.exidx) refers to stm32f1xx_hal.o(i.HAL_GetTick) for i.HAL_GetTick
    stm32f1xx_hal.o(.ARM.exidx) refers to stm32f1xx_hal.o(i.HAL_GetTickPrio) for i.HAL_GetTickPrio
    stm32f1xx_hal.o(.ARM.exidx) refers to stm32f1xx_hal.o(i.HAL_SetTickFreq) for i.HAL_SetTickFreq
    stm32f1xx_hal.o(.ARM.exidx) refers to stm32f1xx_hal.o(i.HAL_GetTickFreq) for i.HAL_GetTickFreq
    stm32f1xx_hal.o(.ARM.exidx) refers to stm32f1xx_hal.o(i.HAL_Delay) for i.HAL_Delay
    stm32f1xx_hal.o(.ARM.exidx) refers to stm32f1xx_hal.o(i.HAL_SuspendTick) for i.HAL_SuspendTick
    stm32f1xx_hal.o(.ARM.exidx) refers to stm32f1xx_hal.o(i.HAL_ResumeTick) for i.HAL_ResumeTick
    stm32f1xx_hal.o(.ARM.exidx) refers to stm32f1xx_hal.o(i.HAL_GetHalVersion) for i.HAL_GetHalVersion
    stm32f1xx_hal.o(.ARM.exidx) refers to stm32f1xx_hal.o(i.HAL_GetREVID) for i.HAL_GetREVID
    stm32f1xx_hal.o(.ARM.exidx) refers to stm32f1xx_hal.o(i.HAL_GetDEVID) for i.HAL_GetDEVID
    stm32f1xx_hal.o(.ARM.exidx) refers to stm32f1xx_hal.o(i.HAL_DBGMCU_EnableDBGSleepMode) for i.HAL_DBGMCU_EnableDBGSleepMode
    stm32f1xx_hal.o(.ARM.exidx) refers to stm32f1xx_hal.o(i.HAL_DBGMCU_DisableDBGSleepMode) for i.HAL_DBGMCU_DisableDBGSleepMode
    stm32f1xx_hal.o(.ARM.exidx) refers to stm32f1xx_hal.o(i.HAL_DBGMCU_EnableDBGStopMode) for i.HAL_DBGMCU_EnableDBGStopMode
    stm32f1xx_hal.o(.ARM.exidx) refers to stm32f1xx_hal.o(i.HAL_DBGMCU_DisableDBGStopMode) for i.HAL_DBGMCU_DisableDBGStopMode
    stm32f1xx_hal.o(.ARM.exidx) refers to stm32f1xx_hal.o(i.HAL_DBGMCU_EnableDBGStandbyMode) for i.HAL_DBGMCU_EnableDBGStandbyMode
    stm32f1xx_hal.o(.ARM.exidx) refers to stm32f1xx_hal.o(i.HAL_DBGMCU_DisableDBGStandbyMode) for i.HAL_DBGMCU_DisableDBGStandbyMode
    stm32f1xx_hal.o(.ARM.exidx) refers to stm32f1xx_hal.o(i.HAL_GetUID) for i.HAL_GetUID
    stm32f1xx_hal_rcc.o(i.HAL_RCC_ClockConfig) refers to stm32f1xx_hal.o(i.HAL_GetTick) for HAL_GetTick
    stm32f1xx_hal_rcc.o(i.HAL_RCC_ClockConfig) refers to stm32f1xx_hal.o(i.HAL_InitTick) for HAL_InitTick
    stm32f1xx_hal_rcc.o(i.HAL_RCC_ClockConfig) refers to stm32f1xx_hal_rcc.o(i.HAL_RCC_GetSysClockFreq) for i.HAL_RCC_GetSysClockFreq
    stm32f1xx_hal_rcc.o(i.HAL_RCC_ClockConfig) refers to system_stm32f1xx.o(.constdata) for AHBPrescTable
    stm32f1xx_hal_rcc.o(i.HAL_RCC_ClockConfig) refers to system_stm32f1xx.o(.data) for SystemCoreClock
    stm32f1xx_hal_rcc.o(i.HAL_RCC_DeInit) refers to stm32f1xx_hal.o(i.HAL_GetTick) for HAL_GetTick
    stm32f1xx_hal_rcc.o(i.HAL_RCC_DeInit) refers to stm32f1xx_hal.o(i.HAL_InitTick) for HAL_InitTick
    stm32f1xx_hal_rcc.o(i.HAL_RCC_DeInit) refers to system_stm32f1xx.o(.data) for SystemCoreClock
    stm32f1xx_hal_rcc.o(i.HAL_RCC_GetHCLKFreq) refers to system_stm32f1xx.o(.data) for SystemCoreClock
[...]
    Item::opened_item                        0x20000248   Data           4  menuitems.o(.data)
    Item::Empty                              0x2000024c   Data           4  menuitems.o(.data)
    Buffer<unsigned char, (int)20>::operator [](int)::null 0x200006d1   Data           1  intercom.o(.data__ZZN6BufferIhLi20EEixEiE4null)
    String<(int)64>::operator [](int)::null_char 0x200006d2   Data           1  display.o(.data__ZZN6StringILi64EEixEiE9null_char)
    pFlash                                   0x200006d8   Data          32  stm32f1xx_hal_flash.o(.bss)
    USBD_StrDesc                             0x200033b0   Data         512  usbd_desc.o(.bss)
    UserRxBufferFS                           0x20003c34   Data        1000  cdc.o(.bss)
    UserTxBufferFS                           0x2000401c   Data        1000  cdc.o(.bss)
    HC12::recv_buffer                        0x20004508   Data         132  hc12.o(.bss)
    gset                                     0x20004600   Data          84  settings.o(.bss)
    _random_number_data                      0x20004654   Data         228  rand.o(.bss)
    __libspace_start                         0x20004738   Data          96  libspace.o(.bss)
    __temporary_stack_top$libspace           0x20004798   Data           0  libspace.o(.bss)



==============================================================================

Memory Map of the image

  Image Entry point : 0x080000ed

  Load Region LR_IROM1 (Base: 0x08000000, Size: 0x0000eda4, Max: 0x00010000, ABSOLUTE, COMPRESSED[0x0000e8f8])

    Execution Region ER_IROM1 (Exec base: 0x08000000, Load base: 0x08000000, Size: 0x0000e6d0, Max: 0x00010000, ABSOLUTE)

    Exec Addr    Load Addr    Size         Type   Attr      Idx    E Section Name        Object

    0x08000000   0x08000000   0x000000ec   Data   RO         1277    RESET               startup_stm32f103xb.o
    0x080000ec   0x080000ec   0x00000008   Code   RO         2114  * !!!main             c_w.l(__main.o)
    0x080000f4   0x080000f4   0x00000034   Code   RO         2577    !!!scatter          c_w.l(__scatter.o)
    0x08000128   0x08000128   0x0000005a   Code   RO         2576    !!dczerorl2         c_w.l(__dczerorl2.o)
    0x08000182   0x08000182   0x00000002   PAD
    0x08000184   0x08000184   0x0000001c   Code   RO         2578    !!handler_zi        c_w.l(__scatter_zi.o)
    0x080001a0   0x080001a0   0x00000000   Code   RO         2094    .ARM.Collect$$_printf_percent$$00000000  c_w.l(_printf_percent.o)
    0x080001a0   0x080001a0   0x00000006   Code   RO         2301    .ARM.Collect$$_printf_percent$$00000001  c_w.l(_printf_n.o)
    0x080001a6   0x080001a6   0x00000006   Code   RO         2302    .ARM.Collect$$_printf_percent$$00000002  c_w.l(_printf_p.o)
    0x080001ac   0x080001ac   0x00000006   Code   RO         2090    .ARM.Collect$$_printf_percent$$00000003  c_w.l(_printf_f.o)
    0x080001b2   0x080001b2   0x00000006   Code   RO         2091    .ARM.Collect$$_printf_percent$$00000004  c_w.l(_printf_e.o)
    0x080001b8   0x080001b8   0x00000006   Code   RO         2092    .ARM.Collect$$_printf_percent$$00000005  c_w.l(_printf_g.o)
    0x080001be   0x080001be   0x00000006   Code   RO         2093    .ARM.Collect$$_printf_percent$$00000006  c_w.l(_printf_a.o)
    0x080001c4   0x080001c4   0x0000000a   Code   RO         2307    .ARM.Collect$$_printf_percent$$00000007  c_w.l(_printf_ll.o)
    0x080001ce   0x080001ce   0x00000006   Code   RO         2087    .ARM.Collect$$_printf_percent$$00000008  c_w.l(_printf_i.o)
    0x080001d4   0x080001d4   0x00000006   Code   RO         2088    .ARM.Collect$$_printf_percent$$00000009  c_w.l(_printf_d.o)
    0x080001da   0x080001da   0x00000006   Code   RO         2089    .ARM.Collect$$_printf_percent$$0000000A  c_w.l(_printf_u.o)
    0x080001e0   0x080001e0   0x00000006   Code   RO         2086    .ARM.Collect$$_printf_percent$$0000000B  c_w.l(_printf_o.o)
    0x080001e6   0x080001e6   0x00000006   Code   RO         2085    .ARM.Collect$$_printf_percent$$0000000C  c_w.l(_printf_x.o)
    0x080001ec   0x080001ec   0x00000006   Code   RO         2304    .ARM.Collect$$_printf_percent$$0000000D  c_w.l(_printf_lli.o)
    0x080001f2   0x080001f2   0x00000006   Code   RO         2305    .ARM.Collect$$_printf_percent$$0000000E  c_w.l(_printf_lld.o)
    0x080001f8   0x080001f8   0x00000006   Code   RO         2306    .ARM.Collect$$_printf_percent$$0000000F  c_w.l(_printf_llu.o)
    0x080001fe   0x080001fe   0x00000006   Code   RO         2310    .ARM.Collect$$_printf_percent$$00000010  c_w.l(_printf_llo.o)
    0x08000204   0x08000204   0x00000006   Code   RO         2311    .ARM.Collect$$_printf_percent$$00000011  c_w.l(_printf_llx.o)
    0x0800020a   0x0800020a   0x0000000a   Code   RO         2308    .ARM.Collect$$_printf_percent$$00000012  c_w.l(_printf_l.o)
    0x08000214   0x08000214   0x00000006   Code   RO         2084    .ARM.Collect$$_printf_percent$$00000013  c_w.l(_printf_c.o)
    0x0800021a   0x0800021a   0x00000006   Code   RO         2300    .ARM.Collect$$_printf_percent$$00000014  c_w.l(_printf_s.o)
    0x08000220   0x08000220   0x00000006   Code   RO         2095    .ARM.Collect$$_printf_percent$$00000015  c_w.l(_printf_lc.o)
    0x08000226   0x08000226   0x00000006   Code   RO         2309    .ARM.Collect$$_printf_percent$$00000016  c_w.l(_printf_ls.o)
    0x0800022c   0x0800022c   0x00000004   Code   RO         2303    .ARM.Collect$$_printf_percent$$00000017  c_w.l(_printf_percent_end.o)
    0x08000230   0x08000230   0x00000002   Code   RO         2506    .ARM.Collect$$libinit$$00000000  c_w.l(libinit.o)
    0x08000232   0x08000232   0x00000000   Code   RO         2319    .ARM.Collect$$libinit$$00000002  c_w.l(libinit2.o)
    0x08000232   0x08000232   0x00000000   Code   RO         2321    .ARM.Collect$$libinit$$00000004  c_w.l(libinit2.o)
    0x08000232   0x08000232   0x00000008   Code   RO         2322    .ARM.Collect$$libinit$$00000005  c_w.l(libinit2.o)
    0x0800023a   0x0800023a   0x00000000   Code   RO         2324    .ARM.Collect$$libinit$$0000000A  c_w.l(libinit2.o)
    0x0800023a   0x0800023a   0x00000000   Code   RO         2326    .ARM.Collect$$libinit$$0000000C  c_w.l(libinit2.o)
    0x0800023a   0x0800023a   0x00000004   Code   RO         2327    .ARM.Collect$$libinit$$0000000D  c_w.l(libinit2.o)
    0x0800023e   0x0800023e   0x00000000   Code   RO         2328    .ARM.Collect$$libinit$$0000000E  c_w.l(libinit2.o)
    0x0800023e   0x0800023e   0x00000006   Code   RO         2329    .ARM.Collect$$libinit$$0000000F  c_w.l(libinit2.o)
    0x08000244   0x08000244   0x00000000   Code   RO         2331    .ARM.Collect$$libinit$$00000011  c_w.l(libinit2.o)
    0x08000244   0x08000244   0x0000000c   Code   RO         2332    .ARM.Collect$$libinit$$00000012  c_w.l(libinit2.o)
    0x08000250   0x08000250   0x00000000   Code   RO         2333    .ARM.Collect$$libinit$$00000013  c_w.l(libinit2.o)
    0x08000250   0x08000250   0x00000000   Code   RO         2335    .ARM.Collect$$libinit$$00000015  c_w.l(libinit2.o)
    0x08000250   0x08000250   0x0000000a   Code   RO         2336    .ARM.Collect$$libinit$$00000016  c_w.l(libinit2.o)
    0x0800025a   0x0800025a   0x00000000   Code   RO         2337    .ARM.Collect$$libinit$$00000017  c_w.l(libinit2.o)
    0x0800025a   0x0800025a   0x00000000   Code   RO         2339    .ARM.Collect$$libinit$$00000019  c_w.l(libinit2.o)
    0x0800025a   0x0800025a   0x00000000   Code   RO         2341    .ARM.Collect$$libinit$$0000001B  c_w.l(libinit2.o)
    0x0800025a   0x0800025a   0x00000000   Code   RO         2343    .ARM.Collect$$libinit$$0000001D  c_w.l(libinit2.o)
    0x0800025a   0x0800025a   0x00000000   Code   RO         2345    .ARM.Collect$$libinit$$0000001F  c_w.l(libinit2.o)
    0x0800025a   0x0800025a   0x00000000   Code   RO         2347    .ARM.Collect$$libinit$$00000021  c_w.l(libinit2.o)
    0x0800025a   0x0800025a   0x00000000   Code   RO         2349    .ARM.Collect$$libinit$$00000023  c_w.l(libinit2.o)
    0x0800025a   0x0800025a   0x00000000   Code   RO         2351    .ARM.Collect$$libinit$$00000025  c_w.l(libinit2.o)
    0x0800025a   0x0800025a   0x00000000   Code   RO         2355    .ARM.Collect$$libinit$$0000002C  c_w.l(libinit2.o)
    0x0800025a   0x0800025a   0x00000000   Code   RO         2357    .ARM.Collect$$libinit$$0000002E  c_w.l(libinit2.o)
    0x0800025a   0x0800025a   0x00000000   Code   RO         2359    .ARM.Collect$$libinit$$00000030  c_w.l(libinit2.o)
    0x0800025a   0x0800025a   0x00000004   Code   RO         2360    .ARM.Collect$$libinit$$00000031  c_w.l(libinit2.o)
    0x0800025e   0x0800025e   0x00000000   Code   RO         2361    .ARM.Collect$$libinit$$00000032  c_w.l(libinit2.o)
    0x0800025e   0x0800025e   0x00000002   Code   RO         2362    .ARM.Collect$$libinit$$00000033  c_w.l(libinit2.o)
    0x08000260   0x08000260   0x00000002   Code   RO         2552    .ARM.Collect$$libshutdown$$00000000  c_w.l(libshutdown.o)
    0x08000262   0x08000262   0x00000000   Code   RO         2451    .ARM.Collect$$libshutdown$$00000002  c_w.l(libshutdown2.o)
    0x08000262   0x08000262   0x00000006   Code   RO         2452    .ARM.Collect$$libshutdown$$00000003  c_w.l(libshutdown2.o)
    0x08000268   0x08000268   0x00000000   Code   RO         2453    .ARM.Collect$$libshutdown$$00000004  c_w.l(libshutdown2.o)
    0x08000268   0x08000268   0x00000000   Code   RO         2455    .ARM.Collect$$libshutdown$$00000006  c_w.l(libshutdown2.o)
    0x08000268   0x08000268   0x00000000   Code   RO         2458    .ARM.Collect$$libshutdown$$00000009  c_w.l(libshutdown2.o)
    0x08000268   0x08000268   0x00000000   Code   RO         2461    .ARM.Collect$$libshutdown$$0000000C  c_w.l(libshutdown2.o)
    0x08000268   0x08000268   0x00000000   Code   RO         2463    .ARM.Collect$$libshutdown$$0000000E  c_w.l(libshutdown2.o)
    0x08000268   0x08000268   0x00000000   Code   RO         2466    .ARM.Collect$$libshutdown$$00000011  c_w.l(libshutdown2.o)
    0x08000268   0x08000268   0x00000002   Code   RO         2467    .ARM.Collect$$libshutdown$$00000012  c_w.l(libshutdown2.o)
    0x0800026a   0x0800026a   0x00000000   Code   RO         2252    .ARM.Collect$$rtentry$$00000000  c_w.l(__rtentry.o)
    0x0800026a   0x0800026a   0x00000000   Code   RO         2393    .ARM.Collect$$rtentry$$00000002  c_w.l(__rtentry2.o)
    0x0800026a   0x0800026a   0x00000006   Code   RO         2405    .ARM.Collect$$rtentry$$00000004  c_w.l(__rtentry4.o)
    0x08000270   0x08000270   0x00000000   Code   RO         2395    .ARM.Collect$$rtentry$$00000009  c_w.l(__rtentry2.o)
    0x08000270   0x08000270   0x00000004   Code   RO         2396    .ARM.Collect$$rtentry$$0000000A  c_w.l(__rtentry2.o)
    0x08000274   0x08000274   0x00000000   Code   RO         2398    .ARM.Collect$$rtentry$$0000000C  c_w.l(__rtentry2.o)
    0x08000274   0x08000274   0x00000008   Code   RO         2399    .ARM.Collect$$rtentry$$0000000D  c_w.l(__rtentry2.o)
    0x0800027c   0x0800027c   0x00000002   Code   RO         2513    .ARM.Collect$$rtexit$$00000000  c_w.l(rtexit.o)
    0x0800027e   0x0800027e   0x00000000   Code   RO         2532    .ARM.Collect$$rtexit$$00000002  c_w.l(rtexit2.o)
    0x0800027e   0x0800027e   0x00000004   Code   RO         2533    .ARM.Collect$$rtexit$$00000003  c_w.l(rtexit2.o)
    0x08000282   0x08000282   0x00000006   Code   RO         2534    .ARM.Collect$$rtexit$$00000004  c_w.l(rtexit2.o)
    0x08000288   0x08000288   0x00000034   Code   RO         2096    .emb_text           c_w.l(rand.o)
    0x080002bc   0x080002bc   0x00000000   Code   RO         2488    .emb_text           c_w.l(maybetermalloc1.o)
    0x080002bc   0x080002bc   0x00000040   Code   RO         1278    .text               startup_stm32f103xb.o
    0x080002fc   0x080002fc   0x00000026   Code   RO         2042    .text               c_w.l(llushr.o)
    0x08000322   0x08000322   0x00000002   PAD
    0x08000324   0x08000324   0x00000024   Code   RO         2043    .text               c_w.l(c89vsprintf.o)
    0x08000348   0x08000348   0x0000004e   Code   RO         2049    .text               c_w.l(_printf_pad.o)
    0x08000396   0x08000396   0x00000024   Code   RO         2050    .text               c_w.l(_printf_truncate.o)
    0x080003ba   0x080003ba   0x00000052   Code   RO         2051    .text               c_w.l(_printf_str.o)
    0x0800040c   0x0800040c   0x00000078   Code   RO         2052    .text               c_w.l(_printf_dec.o)
    0x08000484   0x08000484   0x000000bc   Code   RO         2053    .text               c_w.l(_printf_wctomb.o)
    0x08000540   0x08000540   0x00000070   Code   RO         2057    .text               c_w.l(_printf_oct_int_ll.o)
    0x080005b0   0x080005b0   0x00000094   Code   RO         2070    .text               c_w.l(_printf_hex_int_ll_ptr.o)
    0x08000644   0x08000644   0x00000188   Code   RO         2082    .text               c_w.l(__printf_flags_ss_wp.o)
    0x080007cc   0x080007cc   0x0000003c   Code   RO         2097    .text               c_w.l(rand.o)
    0x08000808   0x08000808   0x0000002e   Code   RO         2101    .text               c_w.l(aeabi_atexit.o)
    0x08000836   0x08000836   0x00000058   Code   RO         2103    .text               c_w.l(memcmp.o)
    0x0800088e   0x0800088e   0x0000003e   Code   RO         2105    .text               c_w.l(strlen.o)
    0x080008cc   0x080008cc   0x0000008a   Code   RO         2107    .text               c_w.l(rt_memcpy_v6.o)
    0x08000956   0x08000956   0x00000064   Code   RO         2108    .text               c_w.l(rt_memcpy_w.o)
    0x080009ba   0x080009ba   0x00000010   Code   RO         2109    .text               c_w.l(aeabi_memset.o)
    0x080009ca   0x080009ca   0x00000002   PAD
    0x080009cc   0x080009cc   0x00000080   Code   RO         2110    .text               c_w.l(strcmpv7m.o)
    0x08000a4c   0x08000a4c   0x000001ac   Code   RO         2112    .text               c_w.l(mktime.o)
    0x08000bf8   0x08000bf8   0x00000006   Code   RO         2113    .text               c_w.l(heapauxi.o)
    0x08000bfe   0x08000bfe   0x00000002   PAD
    0x08000c00   0x08000c00   0x00000024   Code   RO         2118    .text               c_w.l(init_aeabi.o)
    0x08000c24   0x08000c24   0x00000008   Code   RO         2255    .text               c_w.l(rt_ddtor_pointer_addr_intlibspace.o)
    0x08000c2c   0x08000c2c   0x0000005e   Code   RO         2258    .text               c_w.l(h1_alloc.o)
    0x08000c8a   0x08000c8a   0x0000004e   Code   RO         2259    .text               c_w.l(h1_free.o)
    0x08000cd8   0x08000cd8   0x00000016   Code   RO         2288    .text               c_w.l(_rserrno.o)
    0x08000cee   0x08000cee   0x000000b2   Code   RO         2289    .text               c_w.l(_printf_intcommon.o)
    0x08000da0   0x08000da0   0x00000028   Code   RO         2290    .text               c_w.l(_printf_charcount.o)
    0x08000dc8   0x08000dc8   0x0000041e   Code   RO         2291    .text               c_w.l(_printf_fp_dec.o)
    0x080011e6   0x080011e6   0x00000002   PAD
    0x080011e8   0x080011e8   0x00000030   Code   RO         2294    .text               c_w.l(_printf_char_common.o)
    0x08001218   0x08001218   0x0000000a   Code   RO         2295    .text               c_w.l(_sputc.o)
    0x08001222   0x08001222   0x0000002c   Code   RO         2297    .text               c_w.l(_printf_char.o)
    0x0800124e   0x0800124e   0x0000002c   Code   RO         2298    .text               c_w.l(_printf_wchar.o)
    0x0800127a   0x0800127a   0x00000002   PAD
    0x0800127c   0x0800127c   0x0000007c   Code   RO         2299    .text               c_w.l(_printf_longlong_dec.o)
    0x080012f8   0x080012f8   0x00000040   Code   RO         2313    .text               c_w.l(_wcrtomb.o)
    0x08001338   0x08001338   0x00000042   Code   RO         2314    .text               c_w.l(cxa_finalize.o)
    0x0800137a   0x0800137a   0x00000044   Code   RO         2316    .text               c_w.l(rt_memclr.o)
    0x080013be   0x080013be   0x00000002   PAD
    0x080013c0   0x080013c0   0x00000008   Code   RO         2389    .text               c_w.l(libspace.o)
    0x080013c8   0x080013c8   0x00000010   Code   RO         2407    .text               c_w.l(rt_ctype_table.o)
    0x080013d8   0x080013d8   0x00000008   Code   RO         2410    .text               c_w.l(rt_heap_descriptor_intlibspace.o)
    0x080013e0   0x080013e0   0x00000008   Code   RO         2413    .text               c_w.l(rt_locale_intlibspace.o)
    0x080013e8   0x080013e8   0x00000008   Code   RO         2416    .text               c_w.l(rt_errno_addr_intlibspace.o)
    0x080013f0   0x080013f0   0x00000004   Code   RO         2417    .text               c_w.l(hguard.o)
    0x080013f4   0x080013f4   0x0000008a   Code   RO         2418    .text               c_w.l(init_alloc.o)
    0x0800147e   0x0800147e   0x0000000e   Code   RO         2420    .text               c_w.l(h1_init.o)
    0x0800148c   0x0800148c   0x0000008a   Code   RO         2427    .text               c_w.l(lludiv10.o)
    0x08001516   0x08001516   0x00000002   PAD
    0x08001518   0x08001518   0x00000080   Code   RO         2429    .text               c_w.l(_printf_fp_infnan.o)
    0x08001598   0x08001598   0x000000e4   Code   RO         2432    .text               c_w.l(bigflt0.o)
    0x0800167c   0x0800167c   0x0000004e   Code   RO         2447    .text               c_w.l(rt_memclr_w.o)
    0x080016ca   0x080016ca   0x0000004a   Code   RO         2483    .text               c_w.l(sys_stackheap_outer.o)
    0x08001714   0x08001714   0x00000034   Code   RO         2490    .text               c_w.l(h1_extend.o)
    0x08001748   0x08001748   0x00000012   Code   RO         2495    .text               c_w.l(exit.o)
    0x0800175a   0x0800175a   0x0000000e   Code   RO         2497    .text               c_w.l(defsig_rtmem_outer.o)
    0x08001768   0x08001768   0x0000000c   Code   RO         2510    .text               c_w.l(sys_exit.o)
    0x08001774   0x08001774   0x00000002   Code   RO         2511    .text               c_w.l(use_no_semi.o)
    0x08001776   0x08001776   0x00000000   Code   RO         2512    .text               c_w.l(indicate_semi.o)
    0x08001776   0x08001776   0x0000000a   Code   RO         2517    .text               c_w.l(defsig_exit.o)
    0x08001780   0x08001780   0x00000050   Code   RO         2520    .text               c_w.l(defsig_rtmem_inner.o)
    0x080017d0   0x080017d0   0x00000032   Code   RO         2543    .text               c_w.l(defsig_general.o)
    0x08001802   0x08001802   0x0000000e   Code   RO         2547    .text               c_w.l(sys_wrch.o)
    0x08001810   0x08001810   0x0000003e   Code   RO         2434    CL$$btod_d2e        c_w.l(btod.o)
    0x0800184e   0x0800184e   0x00000046   Code   RO         2436    CL$$btod_d2e_denorm_low  c_w.l(btod.o)
    0x08001894   0x08001894   0x00000060   Code   RO         2435    CL$$btod_d2e_norm_op1  c_w.l(btod.o)
    0x080018f4   0x080018f4   0x00000338   Code   RO         2444    CL$$btod_div_common  c_w.l(btod.o)
    0x08001c2c   0x08001c2c   0x000000dc   Code   RO         2441    CL$$btod_e2e        c_w.l(btod.o)
    0x08001d08   0x08001d08   0x0000002a   Code   RO         2438    CL$$btod_ediv       c_w.l(btod.o)
    0x08001d32   0x08001d32   0x0000002a   Code   RO         2437    CL$$btod_emul       c_w.l(btod.o)
    0x08001d5c   0x08001d5c   0x00000244   Code   RO         2443    CL$$btod_mult_common  c_w.l(btod.o)
    0x08001fa0   0x08001fa0   0x0000000c   Code   RO         1537    i.ADC1_2_IRQHandler  hal_it.o
    0x08001fac   0x08001fac   0x00000054   Code   RO          750    i.ADC_ConversionStop_Disable  stm32f1xx_hal_adc.o
    0x08002000   0x08002000   0x000000b8   Code   RO          754    i.ADC_Enable        stm32f1xx_hal_adc.o
    0x080020b8   0x080020b8   0x00000002   Code   RO         1538    i.BusFault_Handler  hal_it.o
    0x080020ba   0x080020ba   0x00000002   Code   RO         1539    i.DebugMon_Handler  hal_it.o
    0x080020bc   0x080020bc   0x000000b8   Code   RO          705    i.FLASH_WaitForLastOperation  stm32f1xx_hal_flash.o
    0x08002174   0x08002174   0x00000002   Code   RO          809    i.HAL_ADCEx_InjectedConvCpltCallback  stm32f1xx_hal_adc_ex.o
    0x08002176   0x08002176   0x00000002   PAD
    0x08002178   0x08002178   0x0000015c   Code   RO          756    i.HAL_ADC_ConfigChannel  stm32f1xx_hal_adc.o
    0x080022d4   0x080022d4   0x00000030   Code   RO         1597    i.HAL_ADC_ConvCpltCallback  hal_adc.o
    0x08002304   0x08002304   0x00000006   Code   RO          763    i.HAL_ADC_GetValue  stm32f1xx_hal_adc.o
    0x0800230a   0x0800230a   0x00000100   Code   RO          764    i.HAL_ADC_IRQHandler  stm32f1xx_hal_adc.o
    0x0800240a   0x0800240a   0x00000002   PAD
    0x0800240c   0x0800240c   0x00000130   Code   RO          765    i.HAL_ADC_Init      stm32f1xx_hal_adc.o
    0x0800253c   0x0800253c   0x00000002   Code   RO          766    i.HAL_ADC_LevelOutOfWindowCallback  stm32f1xx_hal_adc.o
    0x0800253e   0x0800253e   0x00000002   Code   RO          768    i.HAL_ADC_MspInit   stm32f1xx_hal_adc.o
    0x08002540   0x08002540   0x000000e0   Code   RO          773    i.HAL_ADC_Start_IT  stm32f1xx_hal_adc.o
    0x08002620   0x08002620   0x000000a8   Code   RO          277    i.HAL_DMA_Abort_IT  stm32f1xx_hal_dma.o
    0x080026c8   0x080026c8   0x00000028   Code   RO           11    i.HAL_Delay         stm32f1xx_hal.o
    0x080026f0   0x080026f0   0x000000d0   Code   RO          733    i.HAL_FLASHEx_Erase  stm32f1xx_hal_flash_ex.o
    0x080027c0   0x080027c0   0x00000014   Code   RO          709    i.HAL_FLASH_Lock    stm32f1xx_hal_flash.o
    0x080027d4   0x080027d4   0x00000150   Code   RO          714    i.HAL_FLASH_Program  stm32f1xx_hal_flash.o
    0x08002924   0x08002924   0x00000030   Code   RO          716    i.HAL_FLASH_Unlock  stm32f1xx_hal_flash.o
    0x08002954   0x08002954   0x000001dc   Code   RO           97    i.HAL_GPIO_Init     stm32f1xx_hal_gpio.o
    0x08002b30   0x08002b30   0x0000000a   Code   RO           99    i.HAL_GPIO_ReadPin  stm32f1xx_hal_gpio.o
    0x08002b3a   0x08002b3a   0x0000000a   Code   RO          101    i.HAL_GPIO_WritePin  stm32f1xx_hal_gpio.o
    0x08002b44   0x08002b44   0x0000000c   Code   RO           15    i.HAL_GetTick       stm32f1xx_hal.o
    0x08002b50   0x08002b50   0x00000006   Code   RO          313    i.HAL_I2C_GetState  stm32f1xx_hal_i2c.o
    0x08002b56   0x08002b56   0x00000002   PAD
    0x08002b58   0x08002b58   0x00000154   Code   RO          314    i.HAL_I2C_Init      stm32f1xx_hal_i2c.o
    0x08002cac   0x08002cac   0x00000324   Code   RO          330    i.HAL_I2C_Mem_Read  stm32f1xx_hal_i2c.o
    0x08002fd0   0x08002fd0   0x000001ac   Code   RO          333    i.HAL_I2C_Mem_Write  stm32f1xx_hal_i2c.o
    0x0800317c   0x0800317c   0x0000004c   Code   RO         1520    i.HAL_I2C_MspInit   hal_i2c.o
    0x080031c8   0x080031c8   0x00000010   Code   RO           19    i.HAL_IncTick       stm32f1xx_hal.o
    0x080031d8   0x080031d8   0x00000024   Code   RO           20    i.HAL_Init          stm32f1xx_hal.o
    0x080031fc   0x080031fc   0x00000040   Code   RO           21    i.HAL_InitTick      stm32f1xx_hal.o
    0x0800323c   0x0800323c   0x00000002   Code   RO           23    i.HAL_MspInit       stm32f1xx_hal.o
    0x0800323e   0x0800323e   0x00000026   Code   RO          183    i.HAL_NVIC_DisableIRQ  stm32f1xx_hal_cortex.o
    0x08003264   0x08003264   0x0000001e   Code   RO          184    i.HAL_NVIC_EnableIRQ  stm32f1xx_hal_cortex.o
    0x08003282   0x08003282   0x00000002   PAD
    0x08003284   0x08003284   0x00000064   Code   RO          190    i.HAL_NVIC_SetPriority  stm32f1xx_hal_cortex.o
    0x080032e8   0x080032e8   0x00000024   Code   RO          191    i.HAL_NVIC_SetPriorityGrouping  stm32f1xx_hal_cortex.o
    0x0800330c   0x0800330c   0x00000030   Code   RO          517    i.HAL_PCDEx_PMAConfig  stm32f1xx_hal_pcd_ex.o
    0x0800333c   0x0800333c   0x00000002   Code   RO         1292    i.HAL_PCDEx_SetConnectionState  usbd_conf.o
    0x0800333e   0x0800333e   0x0000000e   Code   RO         1294    i.HAL_PCD_DataInStageCallback  usbd_conf.o
    0x0800334c   0x0800334c   0x00000010   Code   RO         1295    i.HAL_PCD_DataOutStageCallback  usbd_conf.o
    0x0800335c   0x0800335c   0x00000042   Code   RO          122    i.HAL_PCD_EP_Close  stm32f1xx_hal_pcd.o
    0x0800339e   0x0800339e   0x00000048   Code   RO          123    i.HAL_PCD_EP_ClrStall  stm32f1xx_hal_pcd.o
    0x080033e6   0x080033e6   0x00000010   Code   RO          125    i.HAL_PCD_EP_GetRxCount  stm32f1xx_hal_pcd.o
    0x080033f6   0x080033f6   0x00000048   Code   RO          126    i.HAL_PCD_EP_Open   stm32f1xx_hal_pcd.o
    0x0800343e   0x0800343e   0x0000002a   Code   RO          127    i.HAL_PCD_EP_Receive  stm32f1xx_hal_pcd.o
    0x08003468   0x08003468   0x00000056   Code   RO          128    i.HAL_PCD_EP_SetStall  stm32f1xx_hal_pcd.o
    0x080034be   0x080034be   0x00000026   Code   RO          129    i.HAL_PCD_EP_Transmit  stm32f1xx_hal_pcd.o
    0x080034e4   0x080034e4   0x0000014c   Code   RO          131    i.HAL_PCD_IRQHandler  stm32f1xx_hal_pcd.o
    0x08003630   0x08003630   0x000000b0   Code   RO          134    i.HAL_PCD_Init      stm32f1xx_hal_pcd.o
    0x080036e0   0x080036e0   0x0000003c   Code   RO         1300    i.HAL_PCD_MspInit   usbd_conf.o
    0x0800371c   0x0800371c   0x0000001a   Code   RO         1301    i.HAL_PCD_ResetCallback  usbd_conf.o
    0x08003736   0x08003736   0x00000008   Code   RO         1302    i.HAL_PCD_ResumeCallback  usbd_conf.o
    0x0800373e   0x0800373e   0x00000008   Code   RO         1303    i.HAL_PCD_SOFCallback  usbd_conf.o
    0x08003746   0x08003746   0x00000028   Code   RO          140    i.HAL_PCD_SetAddress  stm32f1xx_hal_pcd.o
    0x0800376e   0x0800376e   0x0000000e   Code   RO         1304    i.HAL_PCD_SetupStageCallback  usbd_conf.o
    0x0800377c   0x0800377c   0x00000032   Code   RO          142    i.HAL_PCD_Start     stm32f1xx_hal_pcd.o
    0x080037ae   0x080037ae   0x00000002   PAD
    0x080037b0   0x080037b0   0x00000024   Code   RO         1305    i.HAL_PCD_SuspendCallback  usbd_conf.o
    0x080037d4   0x080037d4   0x00000104   Code   RO           86    i.HAL_RCCEx_GetPeriphCLKFreq  stm32f1xx_hal_rcc_ex.o
    0x080038d8   0x080038d8   0x0000012c   Code   RO           87    i.HAL_RCCEx_PeriphCLKConfig  stm32f1xx_hal_rcc_ex.o
    0x08003a04   0x08003a04   0x000001e4   Code   RO           55    i.HAL_RCC_ClockConfig  stm32f1xx_hal_rcc.o
    0x08003be8   0x08003be8   0x000000a8   Code   RO           61    i.HAL_RCC_GetOscConfig  stm32f1xx_hal_rcc.o
    0x08003c90   0x08003c90   0x00000020   Code   RO           62    i.HAL_RCC_GetPCLK1Freq  stm32f1xx_hal_rcc.o
    0x08003cb0   0x08003cb0   0x00000020   Code   RO           63    i.HAL_RCC_GetPCLK2Freq  stm32f1xx_hal_rcc.o
    0x08003cd0   0x08003cd0   0x00000078   Code   RO           64    i.HAL_RCC_GetSysClockFreq  stm32f1xx_hal_rcc.o
    0x08003d48   0x08003d48   0x000003a0   Code   RO           67    i.HAL_RCC_OscConfig  stm32f1xx_hal_rcc.o
    0x080040e8   0x080040e8   0x00000130   Code   RO          639    i.HAL_RTC_Init      stm32f1xx_hal_rtc.o
    0x08004218   0x08004218   0x00000002   Code   RO          641    i.HAL_RTC_MspInit   stm32f1xx_hal_rtc.o
    0x0800421a   0x0800421a   0x00000080   Code   RO          535    i.HAL_SPI_Init      stm32f1xx_hal_spi.o
    0x0800429a   0x0800429a   0x00000002   Code   RO          537    i.HAL_SPI_MspInit   stm32f1xx_hal_spi.o
    0x0800429c   0x0800429c   0x0000002c   Code   RO          195    i.HAL_SYSTICK_Config  stm32f1xx_hal_cortex.o
    0x080042c8   0x080042c8   0x00000002   Code   RO         1031    i.HAL_TIMEx_BreakCallback  stm32f1xx_hal_tim_ex.o
    0x080042ca   0x080042ca   0x00000002   Code   RO         1032    i.HAL_TIMEx_CommutationCallback  stm32f1xx_hal_tim_ex.o
    0x080042cc   0x080042cc   0x00000038   Code   RO          836    i.HAL_TIM_Base_DeInit  stm32f1xx_hal_tim.o
    0x08004304   0x08004304   0x00000036   Code   RO          838    i.HAL_TIM_Base_Init  stm32f1xx_hal_tim.o
    0x0800433a   0x0800433a   0x00000002   Code   RO          839    i.HAL_TIM_Base_MspDeInit  stm32f1xx_hal_tim.o
    0x0800433c   0x0800433c   0x00000002   Code   RO          840    i.HAL_TIM_Base_MspInit  stm32f1xx_hal_tim.o
    0x0800433e   0x0800433e   0x00000018   Code   RO          843    i.HAL_TIM_Base_Start_IT  stm32f1xx_hal_tim.o
    0x08004356   0x08004356   0x0000002a   Code   RO          846    i.HAL_TIM_Base_Stop_IT  stm32f1xx_hal_tim.o
    0x08004380   0x08004380   0x00000002   Code   RO          867    i.HAL_TIM_IC_CaptureCallback  stm32f1xx_hal_tim.o
    0x08004382   0x08004382   0x0000016c   Code   RO          880    i.HAL_TIM_IRQHandler  stm32f1xx_hal_tim.o
    0x080044ee   0x080044ee   0x00000002   Code   RO          883    i.HAL_TIM_OC_DelayElapsedCallback  stm32f1xx_hal_tim.o
    0x080044f0   0x080044f0   0x00000002   Code   RO          910    i.HAL_TIM_PWM_PulseFinishedCallback  stm32f1xx_hal_tim.o
    0x080044f2   0x080044f2   0x00000002   PAD
    0x080044f4   0x080044f4   0x00000024   Code   RO         1260    i.HAL_TIM_PeriodElapsedCallback  beeper.o
    0x08004518   0x08004518   0x00000002   Code   RO          921    i.HAL_TIM_TriggerCallback  stm32f1xx_hal_tim.o
    0x0800451a   0x0800451a   0x00000002   Code   RO          435    i.HAL_UART_ErrorCallback  stm32f1xx_hal_uart.o
    0x0800451c   0x0800451c   0x000002b0   Code   RO          438    i.HAL_UART_IRQHandler  stm32f1xx_hal_uart.o
    0x080047cc   0x080047cc   0x00000062   Code   RO          439    i.HAL_UART_Init     stm32f1xx_hal_uart.o
    0x0800482e   0x0800482e   0x00000002   Code   RO          441    i.HAL_UART_MspInit  stm32f1xx_hal_uart.o
    0x08004830   0x08004830   0x00000054   Code   RO          444    i.HAL_UART_Receive_IT  stm32f1xx_hal_uart.o
    0x08004884   0x08004884   0x00000014   Code   RO         1540    i.HAL_UART_RxCpltCallback  hal_it.o
    0x08004898   0x08004898   0x0000012a   Code   RO          447    i.HAL_UART_Transmit  stm32f1xx_hal_uart.o
    0x080049c2   0x080049c2   0x00000002   Code   RO          450    i.HAL_UART_TxCpltCallback  stm32f1xx_hal_uart.o
    0x080049c4   0x080049c4   0x00000002   Code   RO         1541    i.HardFault_Handler  hal_it.o
    0x080049c6   0x080049c6   0x00000002   Code   RO         1542    i.MemManage_Handler  hal_it.o
    0x080049c8   0x080049c8   0x00000002   Code   RO         1543    i.NMI_Handler       hal_it.o
    0x080049ca   0x080049ca   0x00000002   Code   RO         1544    i.PendSV_Handler    hal_it.o
    0x080049cc   0x080049cc   0x00000002   Code   RO         1545    i.SVC_Handler       hal_it.o
    0x080049ce   0x080049ce   0x00000004   Code   RO         1546    i.SysTick_Handler   hal_it.o
    0x080049d2   0x080049d2   0x00000002   PAD
    0x080049d4   0x080049d4   0x00000048   Code   RO         1283    i.SystemInit        system_stm32f1xx.o
    0x08004a1c   0x08004a1c   0x0000000c   Code   RO         1547    i.TIM3_IRQHandler   hal_it.o
    0x08004a28   0x08004a28   0x00000078   Code   RO          922    i.TIM_Base_SetConfig  stm32f1xx_hal_tim.o
    0x08004aa0   0x08004aa0   0x0000000c   Code   RO         1548    i.USART1_IRQHandler  hal_it.o
    0x08004aac   0x08004aac   0x00000030   Code   RO         1458    i.USBD_CDC_ReceivePacket  usbd_cdc.o
    0x08004adc   0x08004adc   0x00000010   Code   RO         1459    i.USBD_CDC_RegisterInterface  usbd_cdc.o
    0x08004aec   0x08004aec   0x0000000c   Code   RO         1460    i.USBD_CDC_SetRxBuffer  usbd_cdc.o
    0x08004af8   0x08004af8   0x00000010   Code   RO         1461    i.USBD_CDC_SetTxBuffer  usbd_cdc.o
    0x08004b08   0x08004b08   0x00000034   Code   RO         1462    i.USBD_CDC_TransmitPacket  usbd_cdc.o
    0x08004b3c   0x08004b3c   0x0000000e   Code   RO         1398    i.USBD_ClrClassConfig  usbd_core.o
    0x08004b4a   0x08004b4a   0x00000010   Code   RO         1441    i.USBD_CtlContinueRx  usbd_ioreq.o
    0x08004b5a   0x08004b5a   0x00000010   Code   RO         1442    i.USBD_CtlContinueSendData  usbd_ioreq.o
    0x08004b6a   0x08004b6a   0x0000001e   Code   RO         1443    i.USBD_CtlPrepareRx  usbd_ioreq.o
    0x08004b88   0x08004b88   0x00000016   Code   RO         1444    i.USBD_CtlReceiveStatus  usbd_ioreq.o
    0x08004b9e   0x08004b9e   0x0000001a   Code   RO         1445    i.USBD_CtlSendData  usbd_ioreq.o
    0x08004bb8   0x08004bb8   0x00000016   Code   RO         1446    i.USBD_CtlSendStatus  usbd_ioreq.o
    0x08004bce   0x08004bce   0x00000002   PAD
    0x08004bd0   0x08004bd0   0x00000068   Code   RO         1494    i.USBD_GetString    usbd_ctlreq.o
    0x08004c38   0x08004c38   0x00000030   Code   RO         1400    i.USBD_Init         usbd_core.o
    0x08004c68   0x08004c68   0x00000024   Code   RO         1306    i.USBD_LL_ClearStallEP  usbd_conf.o
    0x08004c8c   0x08004c8c   0x00000024   Code   RO         1307    i.USBD_LL_CloseEP   usbd_conf.o
    0x08004cb0   0x08004cb0   0x000000b0   Code   RO         1401    i.USBD_LL_DataInStage  usbd_core.o
    0x08004d60   0x08004d60   0x0000006a   Code   RO         1402    i.USBD_LL_DataOutStage  usbd_core.o
    0x08004dca   0x08004dca   0x00000008   Code   RO         1311    i.USBD_LL_GetRxDataSize  usbd_conf.o
    0x08004dd2   0x08004dd2   0x00000002   PAD
    0x08004dd4   0x08004dd4   0x00000080   Code   RO         1312    i.USBD_LL_Init      usbd_conf.o
    0x08004e54   0x08004e54   0x0000001c   Code   RO         1313    i.USBD_LL_IsStallEP  usbd_conf.o
    0x08004e70   0x08004e70   0x0000002a   Code   RO         1314    i.USBD_LL_OpenEP    usbd_conf.o
    0x08004e9a   0x08004e9a   0x00000024   Code   RO         1315    i.USBD_LL_PrepareReceive  usbd_conf.o
    0x08004ebe   0x08004ebe   0x0000003e   Code   RO         1407    i.USBD_LL_Reset     usbd_core.o
    0x08004efc   0x08004efc   0x0000000c   Code   RO         1408    i.USBD_LL_Resume    usbd_core.o
    0x08004f08   0x08004f08   0x0000001a   Code   RO         1409    i.USBD_LL_SOF       usbd_core.o
    0x08004f22   0x08004f22   0x00000006   Code   RO         1410    i.USBD_LL_SetSpeed  usbd_core.o
    0x08004f28   0x08004f28   0x00000024   Code   RO         1316    i.USBD_LL_SetUSBAddress  usbd_conf.o
    0x08004f4c   0x08004f4c   0x0000005e   Code   RO         1411    i.USBD_LL_SetupStage  usbd_core.o
    0x08004faa   0x08004faa   0x00000024   Code   RO         1317    i.USBD_LL_StallEP   usbd_conf.o
    0x08004fce   0x08004fce   0x00000024   Code   RO         1318    i.USBD_LL_Start     usbd_conf.o
    0x08004ff2   0x08004ff2   0x00000012   Code   RO         1412    i.USBD_LL_Suspend   usbd_core.o
    0x08005004   0x08005004   0x00000024   Code   RO         1320    i.USBD_LL_Transmit  usbd_conf.o
    0x08005028   0x08005028   0x00000028   Code   RO         1495    i.USBD_ParseSetupRequest  usbd_ctlreq.o
    0x08005050   0x08005050   0x00000010   Code   RO         1413    i.USBD_RegisterClass  usbd_core.o
    0x08005060   0x08005060   0x00000018   Code   RO         1415    i.USBD_SetClassConfig  usbd_core.o
    0x08005078   0x08005078   0x0000000a   Code   RO         1416    i.USBD_Start        usbd_core.o
    0x08005082   0x08005082   0x00000002   PAD
    0x08005084   0x08005084   0x00000290   Code   RO         1496    i.USBD_StdDevReq    usbd_ctlreq.o
    0x08005314   0x08005314   0x0000010a   Code   RO         1497    i.USBD_StdEPReq     usbd_ctlreq.o
    0x0800541e   0x0800541e   0x00000040   Code   RO         1498    i.USBD_StdItfReq    usbd_ctlreq.o
    0x0800545e   0x0800545e   0x00000002   Code   RO         1321    i.USBD_static_free  usbd_conf.o
    0x08005460   0x08005460   0x00000008   Code   RO         1322    i.USBD_static_malloc  usbd_conf.o
    0x08005468   0x08005468   0x000002d6   Code   RO          215    i.USB_ActivateEndpoint  stm32f1xx_ll_usb.o
    0x0800573e   0x0800573e   0x00000004   Code   RO          218    i.USB_CoreInit      stm32f1xx_ll_usb.o
    0x08005742   0x08005742   0x00000002   PAD
    0x08005744   0x08005744   0x0000016a   Code   RO          220    i.USB_DeactivateEndpoint  stm32f1xx_ll_usb.o
    0x080058ae   0x080058ae   0x00000004   Code   RO          221    i.USB_DevConnect    stm32f1xx_ll_usb.o
    0x080058b2   0x080058b2   0x00000004   Code   RO          222    i.USB_DevDisconnect  stm32f1xx_ll_usb.o
    0x080058b6   0x080058b6   0x00000024   Code   RO          223    i.USB_DevInit       stm32f1xx_ll_usb.o
    0x080058da   0x080058da   0x00000010   Code   RO          224    i.USB_DisableGlobalInt  stm32f1xx_ll_usb.o
    0x080058ea   0x080058ea   0x00000004   Code   RO          225    i.USB_EP0_OutStart  stm32f1xx_ll_usb.o
    0x080058ee   0x080058ee   0x0000008a   Code   RO          226    i.USB_EPClearStall  stm32f1xx_ll_usb.o
    0x08005978   0x08005978   0x0000004e   Code   RO          227    i.USB_EPSetStall    stm32f1xx_ll_usb.o
    0x080059c6   0x080059c6   0x0000026c   Code   RO          228    i.USB_EPStartXfer   stm32f1xx_ll_usb.o
    0x08005c32   0x08005c32   0x00000010   Code   RO          229    i.USB_EnableGlobalInt  stm32f1xx_ll_usb.o
    0x08005c42   0x08005c42   0x00000004   Code   RO         1549    i.USB_LP_CAN1_RX0_IRQHandler  hal_it.o
    0x08005c46   0x08005c46   0x00000006   Code   RO          236    i.USB_ReadInterrupts  stm32f1xx_ll_usb.o
    0x08005c4c   0x08005c4c   0x0000001e   Code   RO          237    i.USB_ReadPMA       stm32f1xx_ll_usb.o
    0x08005c6a   0x08005c6a   0x00000004   Code   RO          239    i.USB_SetCurrentMode  stm32f1xx_ll_usb.o
    0x08005c6e   0x08005c6e   0x0000000e   Code   RO          240    i.USB_SetDevAddress  stm32f1xx_ll_usb.o
    0x08005c7c   0x08005c7c   0x0000003a   Code   RO          242    i.USB_WritePMA      stm32f1xx_ll_usb.o
    0x08005cb6   0x08005cb6   0x00000002   Code   RO         1550    i.UsageFault_Handler  hal_it.o
    0x08005cb8   0x08005cb8   0x00000024   Code   RO         1378    i._Z11CDC_Init_FSv  cdc.o
    0x08005cdc   0x08005cdc   0x00000004   Code   RO         1379    i._Z13CDC_DeInit_FSv  cdc.o
    0x08005ce0   0x08005ce0   0x0000000c   Code   RO         1835    i._Z13CloseMainPageb  pages.o
    0x08005cec   0x08005cec   0x0000000c   Code   RO         1870    i._Z13CloseMeasuresb  pagemeasures.o
    0x08005cf8   0x08005cf8   0x0000000c   Code   RO         1823    i._Z13ClosePageHC12b  pagehc12.o
    0x08005d04   0x08005d04   0x0000009a   Code   RO         1463    i._Z13USBD_CDC_InitP19_USBD_HandleTypeDefh  usbd_cdc.o
    0x08005d9e   0x08005d9e   0x00000004   Code   RO         1380    i._Z14CDC_Control_FShPht  cdc.o
    0x08005da2   0x08005da2   0x00000002   PAD
    0x08005da4   0x08005da4   0x00000018   Code   RO         1381    i._Z14CDC_Receive_FSPhPj  cdc.o
    0x08005dbc   0x08005dbc   0x0000001c   Code   RO         1871    i._Z14FixateMeasuresb  pagemeasures.o
    0x08005dd8   0x08005dd8   0x00000034   Code   RO         1849    i._Z14OnDraw_Batteryii  pagesystem.o
    0x08005e0c   0x08005e0c   0x000001b4   Code   RO          453    i._Z14UART_SetConfigP18UART_HandleTypeDef  stm32f1xx_hal_uart.o
    0x08005fc0   0x08005fc0   0x00000078   Code   RO         1464    i._Z14USBD_CDC_SetupP19_USBD_HandleTypeDefP13usb_setup_req  usbd_cdc.o
    0x08006038   0x08006038   0x00000030   Code   RO         1850    i._Z15Before_OpenTimeb  pagesystem.o
    0x08006068   0x08006068   0x0000000c   Code   RO         1851    i._Z15ClosePageSystemb  pagesystem.o
    0x08006074   0x08006074   0x00000002   Code   RO         1852    i._Z15OnClose_Batteryb  pagesystem.o
    0x08006076   0x08006076   0x00000016   Code   RO         1465    i._Z15USBD_CDC_DataInP19_USBD_HandleTypeDefh  usbd_cdc.o
    0x0800608c   0x0800608c   0x0000003c   Code   RO         1466    i._Z15USBD_CDC_DeInitP19_USBD_HandleTypeDefh  usbd_cdc.o
    0x080060c8   0x080060c8   0x0000000c   Code   RO         1811    i._Z16ClosePageDisplayb  pagedisplay.o
    0x080060d4   0x080060d4   0x00000030   Code   RO         1467    i._Z16USBD_CDC_DataOutP19_USBD_HandleTypeDefh  usbd_cdc.o
    0x08006104   0x08006104   0x0000000c   Code   RO         1872    i._Z17ClosePageDewPointb  pagemeasures.o
    0x08006110   0x08006110   0x0000000c   Code   RO         1873    i._Z17ClosePageHumidityb  pagemeasures.o
    0x0800611c   0x0800611c   0x0000000c   Code   RO         1874    i._Z17ClosePagePressureb  pagemeasures.o
    0x08006128   0x08006128   0x000003f6   Code   RO          145    i._Z18PCD_EP_ISR_HandlerP17PCD_HandleTypeDef  stm32f1xx_hal_pcd.o
    0x0800651e   0x0800651e   0x00000156   Code   RO         1632    i._Z19put_device_to_sleepPK10bme280_dev  bme280_driver.o
    0x08006674   0x08006674   0x0000000c   Code   RO         1875    i._Z20ClosePageTemperatureb  pagemeasures.o
    0x08006680   0x08006680   0x0000000a   Code   RO         1836    i._Z20OnOpenClose_MainPageb  pages.o
    0x0800668a   0x0800668a   0x00000010   Code   RO          457    i._Z20UART_DMAAbortOnErrorP19__DMA_HandleTypeDef  stm32f1xx_hal_uart.o
    0x0800669a   0x0800669a   0x00000026   Code   RO         1468    i._Z20USBD_CDC_EP0_RxReadyP19_USBD_HandleTypeDef  usbd_cdc.o
    0x080066c0   0x080066c0   0x00000114   Code   RO          352    i._Z21I2C_RequestMemoryReadP17I2C_HandleTypeDeftttjj  stm32f1xx_hal_i2c.o
    0x080067d4   0x080067d4   0x00000006   Code   RO         1876    i._Z21OnPress_ResetDewPointb  pagemeasures.o
    0x080067da   0x080067da   0x00000006   Code   RO         1877    i._Z21OnPress_ResetHumidityb  pagemeasures.o
    0x080067e0   0x080067e0   0x00000006   Code   RO         1878    i._Z21OnPress_ResetPressureb  pagemeasures.o
    0x080067e6   0x080067e6   0x00000002   PAD
    0x080067e8   0x080067e8   0x0000000c   Code   RO         1469    i._Z21USBD_CDC_GetFSCfgDescPt  usbd_cdc.o
    0x080067f4   0x080067f4   0x0000000c   Code   RO         1470    i._Z21USBD_CDC_GetHSCfgDescPt  usbd_cdc.o
    0x08006800   0x08006800   0x000000b4   Code   RO          353    i._Z22I2C_RequestMemoryWriteP17I2C_HandleTypeDeftttjj  stm32f1xx_hal_i2c.o
    0x080068b4   0x080068b4   0x00000006   Code   RO         1879    i._Z24OnPress_ResetTemperatureb  pagemeasures.o
    0x080068ba   0x080068ba   0x00000002   PAD
    0x080068bc   0x080068bc   0x0000000c   Code   RO         1358    i._Z24USBD_FS_DeviceDescriptor17USBD_SpeedTypeDefPt  usbd_desc.o
    0x080068c8   0x080068c8   0x0000009e   Code   RO          354    i._Z26I2C_WaitOnFlagUntilTimeoutP17I2C_HandleTypeDefj10FlagStatusjj  stm32f1xx_hal_i2c.o
    0x08006966   0x08006966   0x00000002   PAD
    0x08006968   0x08006968   0x00000064   Code   RO          463    i._Z27UART_WaitOnFlagUntilTimeoutP18UART_HandleTypeDefj10FlagStatusjj  stm32f1xx_hal_uart.o
    0x080069cc   0x080069cc   0x00000020   Code   RO         1359    i._Z27USBD_FS_ConfigStrDescriptor17USBD_SpeedTypeDefPt  usbd_desc.o
    0x080069ec   0x080069ec   0x0000000c   Code   RO         1360    i._Z27USBD_FS_LangIDStrDescriptor17USBD_SpeedTypeDefPt  usbd_desc.o
    0x080069f8   0x080069f8   0x00000084   Code   RO         1361    i._Z27USBD_FS_SerialStrDescriptor17USBD_SpeedTypeDefPt  usbd_desc.o
    0x08006a7c   0x08006a7c   0x0000002c   Code   RO         1362    i._Z28USBD_FS_ProductStrDescriptor17USBD_SpeedTypeDefPt  usbd_desc.o
    0x08006aa8   0x08006aa8   0x0000007c   Code   RO          355    i._Z29I2C_WaitOnTXEFlagUntilTimeoutP17I2C_HandleTypeDefjj  stm32f1xx_hal_i2c.o
    0x08006b24   0x08006b24   0x0000000c   Code   RO         1471    i._Z29USBD_CDC_GetOtherSpeedCfgDescPt  usbd_cdc.o
    0x08006b30   0x08006b30   0x00000024   Code   RO         1363    i._Z30USBD_FS_InterfaceStrDescriptor17USBD_SpeedTypeDefPt  usbd_desc.o
    0x08006b54   0x08006b54   0x00000028   Code   RO         1364    i._Z33USBD_FS_ManufacturerStrDescriptor17USBD_SpeedTypeDefPt  usbd_desc.o
    0x08006b7c   0x08006b7c   0x0000000c   Code   RO         1472    i._Z37USBD_CDC_GetDeviceQualifierDescriptorPt  usbd_cdc.o
    0x08006b88   0x08006b88   0x000000b4   Code   RO          356    i._Z39I2C_WaitOnMasterAddressFlagUntilTimeoutP17I2C_HandleTypeDefjjj  stm32f1xx_hal_i2c.o
    0x08006c3c   0x08006c3c   0x0000000e   Code   RO         1214    i._ZN11TimeMeterMS11ElapsedTimeEv  timer.o
    0x08006c4a   0x08006c4a   0x0000000e   Code   RO         1216    i._ZN11TimeMeterMS5ResetEv  timer.o
    0x08006c58   0x08006c58   0x00000010   Code   RO         1218    i._ZN11TimeMeterMSC1Ev  timer.o
    0x08006c68   0x08006c68   0x000000a0   Code   RO         1580    i._ZN14HAL_USART_HC124InitEv  hal_usart_hc12.o
    0x08006d08   0x08006d08   0x00000018   Code   RO         1581    i._ZN14HAL_USART_HC128TransmitEPKvi  hal_usart_hc12.o
    0x08006d20   0x08006d20   0x0000000c   Code   RO         1382    i._ZN3CDC12OnIRQHandlerEv  cdc.o
    0x08006d2c   0x08006d2c   0x00000038   Code   RO         1383    i._ZN3CDC4InitEv    cdc.o
    0x08006d64   0x08006d64   0x00000034   Code   RO         1384    i._ZN3CDC8TransmitEPKvi  cdc.o
    0x08006d98   0x08006d98   0x000000f4   Code   RO         1510    i._ZN3HAL4InitEv    hal.o
    0x08006e8c   0x08006e8c   0x00000034   Code   RO         1512    i._ZN3HAL6GetUIDEv  hal.o
    0x08006ec0   0x08006ec0   0x00000004   Code   RO         1916    i._ZN3IntC1Ei       values.o
    0x08006ec4   0x08006ec4   0x00000054   Code   RO         1975    i._ZN4Char4DrawEiiiN5Color1EE  text.o
    0x08006f18   0x08006f18   0x00000010   Code   RO         1186    i._ZN4Font3SetEN8TypeFont1EE  font.o
    0x08006f28   0x08006f28   0x00000068   Code   RO         1187    i._ZN4Font4Text6LengthEPKc  font.o
    0x08006f90   0x08006f90   0x0000003c   Code   RO         1188    i._ZN4Font4Text7DrawBigEiiiPKcN5Color1EE  font.o
    0x08006fcc   0x08006fcc   0x0000001c   Code   RO         1190    i._ZN4Font6HeightEv  font.o
    0x08006fe8   0x08006fe8   0x0000015c   Code   RO         1193    i._ZN4Font6Symbol4DrawEiic  font.o
    0x08007144   0x08007144   0x0000004c   Code   RO         1194    i._ZN4Font6Symbol5WidthEh  font.o
    0x08007190   0x08007190   0x000001ac   Code   RO         1196    i._ZN4Font6Symbol7DrawBigEiiic  font.o
    0x0800733c   0x0800733c   0x00000030   Code   RO         1659    i._ZN4HC1215ReceiveCallbackEv  hc12.o
    0x0800736c   0x0800736c   0x0000002c   Code   RO         1660    i._ZN4HC124InitEv   hc12.o
    0x08007398   0x08007398   0x00000004   Code   RO         1662    i._ZN4HC128TransmitEPKvi  hc12.o
    0x0800739c   0x0800739c   0x00000002   Code   RO         1803    i._ZN4ItemD1Ev      menuitems.o
    0x0800739e   0x0800739e   0x00000002   PAD
    0x080073a0   0x080073a0   0x00000020   Code   RO         1908    i._ZN4Math12CalculateCRCEPKvi  math.o
    0x080073c0   0x080073c0   0x00000058   Code   RO         1686    i._ZN4Menu10ShortPressEN3Key1EE  menu.o
    0x08007418   0x08007418   0x00000054   Code   RO         1688    i._ZN4Menu4DrawEv   menu.o
    0x0800746c   0x0800746c   0x00000018   Code   RO         1689    i._ZN4Menu6OpenedEv  menu.o
    0x08007484   0x08007484   0x00000028   Code   RO         1690    i._ZN4Menu9LongPressEN3Key1EE  menu.o
    0x080074ac   0x080074ac   0x0000002c   Code   RO         1117    i._ZN5Color10GetCurrentEv  colors.o
    0x080074d8   0x080074d8   0x00000010   Code   RO         1118    i._ZN5Color10SetCurrentENS_1EE  colors.o
    0x080074e8   0x080074e8   0x0000000a   Code   RO         1119    i._ZN5Color11MenuLettersEb  colors.o
    0x080074f2   0x080074f2   0x00000004   Code   RO         1120    i._ZN5Color8MenuItemEv  colors.o
    0x080074f6   0x080074f6   0x00000004   Code   RO         1917    i._ZN5FloatC1Ef     values.o
    0x080074fa   0x080074fa   0x00000002   PAD
    0x080074fc   0x080074fc   0x00000058   Code   RO         1127    i._ZN5Point3SetEiiN5Color1EE  display.o
    0x08007554   0x08007554   0x00000004   Code   RO         1219    i._ZN5Timer11CurrentTimeEv  timer.o
    0x08007558   0x08007558   0x00000080   Code   RO         1128    i._ZN5VLine4DrawEiiN5Color1EE  display.o
    0x080075d8   0x080075d8   0x00000088   Code   RO         1626    i._ZN6BME28011GetMeasuresEPfS0_S0_  bme280.o
    0x08007660   0x08007660   0x00000064   Code   RO         1627    i._ZN6BME2804InitEv  bme280.o
    0x080076c4   0x080076c4   0x00000020   Code   RO         1263    i._ZN6Beeper4InitEv  beeper.o
    0x080076e4   0x080076e4   0x00000034   Code   RO         1264    i._ZN6Beeper4StopEv  beeper.o
    0x08007718   0x08007718   0x00000080   Code   RO         1265    i._ZN6Beeper5StartEi  beeper.o
    0x08007798   0x08007798   0x0000002c   Code   RO         1106    i._ZN6Device4InitEv  device.o
    0x080077c4   0x080077c4   0x000000dc   Code   RO         1107    i._ZN6Device6UpdateEv  device.o
    0x080078a0   0x080078a0   0x000000a0   Code   RO         1674    i._ZN6ST773510SendData16Et  st7735.o
    0x08007940   0x08007940   0x000000a0   Code   RO         1675    i._ZN6ST773511SendCommandEh  st7735.o
    0x080079e0   0x080079e0   0x000002ac   Code   RO         1676    i._ZN6ST773511WriteBufferEiiii  st7735.o
    0x08007c8c   0x08007c8c   0x00000144   Code   RO         1677    i._ZN6ST77354InitEv  st7735.o
    0x08007dd0   0x08007dd0   0x00000090   Code   RO         1678    i._ZN6ST77359SendData8Eh  st7735.o
    0x08007e60   0x08007e60   0x00000014   Code   RO         1129    i._ZN7Display10BeginSceneEN5Color1EE  display.o
    0x08007e74   0x08007e74   0x00000078   Code   RO         1130    i._ZN7Display10SetMeasureEN11TypeMeasure1EEf  display.o
    0x08007eec   0x08007eec   0x00000018   Code   RO         1131    i._ZN7Display6Buffer7GetLineEii  display.o
    0x08007f04   0x08007f04   0x000003f8   Code   RO         1133    i._ZN7Display6UpdateEv  display.o
    0x080082fc   0x080082fc   0x0000000c   Code   RO         1137    i._ZN7Display8EndSceneEv  display.o
    0x08008308   0x08008308   0x0000000c   Code   RO         1598    i._ZN7HAL_ADC10GetVoltageEv  hal_adc.o
    0x08008314   0x08008314   0x00000098   Code   RO         1599    i._ZN7HAL_ADC4InitEv  hal_adc.o
    0x080083ac   0x080083ac   0x0000004c   Code   RO         1600    i._ZN7HAL_ADC6UpdateEv  hal_adc.o
    0x080083f8   0x080083f8   0x00000040   Code   RO         1590    i._ZN7HAL_ROM12LoadSettingsER8Settings  hal_rom.o
    0x08008438   0x08008438   0x000000fc   Code   RO         1591    i._ZN7HAL_ROM12SaveSettingsERK8Settings  hal_rom.o
    0x08008534   0x08008534   0x00000040   Code   RO         1568    i._ZN7HAL_RTC4InitEv  hal_rtc.o
    0x08008574   0x08008574   0x00000050   Code   RO         1569    i._ZN7HAL_RTC7GetTimeEv  hal_rtc.o
    0x080085c4   0x080085c4   0x000000d8   Code   RO         1570    i._ZN7HAL_RTC7SetTimeERK10PackedTime  hal_rtc.o
    0x0800869c   0x0800869c   0x00000002   Code   RO         1168    i._ZN7ZoneFPSD1Ev   display.o
    0x0800869e   0x0800869e   0x00000002   PAD
    0x080086a0   0x080086a0   0x00000030   Code   RO         1521    i._ZN8HAL_I2C14InitEv  hal_i2c.o
    0x080086d0   0x080086d0   0x00000048   Code   RO         1522    i._ZN8HAL_I2C14ReadEhhPht  hal_i2c.o
    0x08008718   0x08008718   0x00000044   Code   RO         1523    i._ZN8HAL_I2C15WriteEhhPht  hal_i2c.o
    0x0800875c   0x0800875c   0x0000000c   Code   RO         1233    i._ZN8InterCom12SetDirectionEN9Direction1EE  intercom.o
    0x08008768   0x08008768   0x000000a4   Code   RO         1234    i._ZN8InterCom13CreateMessageEN11TypeMeasure1EEf  intercom.o
    0x0800880c   0x0800880c   0x00000090   Code   RO         1235    i._ZN8InterCom4SendEN11TypeMeasure1EEf  intercom.o
    0x0800889c   0x0800889c   0x00000020   Code   RO         1246    i._ZN8Keyboard4InitEv  keyboard.o
    0x080088bc   0x080088bc   0x0000009c   Code   RO         1247    i._ZN8Keyboard6UpdateEv  keyboard.o
    0x08008958   0x08008958   0x00000034   Code   RO         1110    i._ZN8Measures7InRangeEN11TypeMeasure1EEf  measures.o
    0x0800898c   0x0800898c   0x0000000c   Code   RO         1111    i._ZN8Measures7IsFixedEv  measures.o
    0x08008998   0x08008998   0x0000000c   Code   RO         1112    i._ZN8Measures8SetFixedEb  measures.o
    0x080089a4   0x080089a4   0x000000a0   Code   RO         2021    i._ZN8Settings11SaveMeasureEN11TypeMeasure1EEf  settings.o
    0x08008a44   0x08008a44   0x00000018   Code   RO         2022    i._ZN8Settings12ResetMeasureEN11TypeMeasure1EE  settings.o
    0x08008a5c   0x08008a5c   0x00000030   Code   RO         2023    i._ZN8Settings4LoadEv  settings.o
    0x08008a8c   0x08008a8c   0x00000064   Code   RO         2024    i._ZN8Settings4SaveEv  settings.o
    0x08008af0   0x08008af0   0x00000014   Code   RO         2025    i._ZN8Settings5ResetEv  settings.o
    0x08008b04   0x08008b04   0x0000003c   Code   RO         1139    i._ZN9Rectangle10DrawFilledEiiN5Color1EES1_  display.o
    0x08008b40   0x08008b40   0x00000140   Code   RO         1140    i._ZN9Rectangle4DrawEiiN5Color1EE  display.o
    0x08008c80   0x08008c80   0x000000ac   Code   RO         1141    i._ZN9Rectangle4FillEiiN5Color1EE  display.o
    0x08008d2c   0x08008d2c   0x0000000c   Code   RO         1918    i._ZNK3Int8ToStirngEv  values.o
    0x08008d38   0x08008d38   0x0000028c   Code   RO         1696    i._ZNK4Item10DrawClosedEiib  menuitems.o
    0x08008fc4   0x08008fc4   0x0000008c   Code   RO         1697    i._ZNK4Item10DrawOpenedEiib  menuitems.o
    0x08009050   0x08009050   0x0000008c   Code   RO         1699    i._ZNK4Item12LongPressureEN3Key1EE  menuitems.o
    0x080090dc   0x080090dc   0x00000024   Code   RO         1700    i._ZNK4Item12NumberOnPageEv  menuitems.o
    0x08009100   0x08009100   0x0000004e   Code   RO         1701    i._ZNK4Item13ShortPressureEN3Key1EE  menuitems.o
    0x0800914e   0x0800914e   0x00000002   PAD
    0x08009150   0x08009150   0x000000b0   Code   RO         1702    i._ZNK4Item4DrawEiib  menuitems.o
    0x08009200   0x08009200   0x00000018   Code   RO         1703    i._ZNK4Item4OpenEv  menuitems.o
    0x08009218   0x08009218   0x00000110   Code   RO         1708    i._ZNK4Page10DrawOpenedEiib  menuitems.o
    0x08009328   0x08009328   0x0000008c   Code   RO         1711    i._ZNK4Page12LongPressureEN3Key1EE  menuitems.o
    0x080093b4   0x080093b4   0x0000004c   Code   RO         1715    i._ZNK4Page5CloseEv  menuitems.o
    0x08009400   0x08009400   0x00000024   Code   RO         1919    i._ZNK5Float8ToStringEv  values.o
    0x08009424   0x08009424   0x0000004c   Code   RO         1719    i._ZNK6Button10DrawClosedEiib  menuitems.o
    0x08009470   0x08009470   0x0000012c   Code   RO         1730    i._ZNK8Governor10DrawOpenedEiib  menuitems.o
    0x0800959c   0x0800959c   0x00000134   Code   RO         1733    i._ZNK8Governor12DrawControlsEii  menuitems.o
    0x080096d0   0x080096d0   0x0000009c   Code   RO         1735    i._ZNK8Governor13ShortPressureEN3Key1EE  menuitems.o
    0x0800976c   0x0800976c   0x00000070   Code   RO         1736    i._ZNK8TimeItem10DrawClosedEiib  menuitems.o
    0x080097dc   0x080097dc   0x000001a4   Code   RO         1737    i._ZNK8TimeItem10DrawOpenedEiib  menuitems.o
    0x08009980   0x08009980   0x00000118   Code   RO         1740    i._ZNK8TimeItem13ShortPressureEN3Key1EE  menuitems.o
    0x08009a98   0x08009a98   0x000000b4   Code   RO         1742    i._ZNK9StateItem10DrawClosedEiib  menuitems.o
    0x08009b4c   0x08009b4c   0x00000028   Code   RO         2481    i.__ARM_fpclassify  m_ws.l(fpclassify.o)
    0x08009b74   0x08009b74   0x00000010   Code   RO         2122    i.__cxa_guard_acquire  cpprt_w.l(cxa_guard_acquire.o)
    0x08009b84   0x08009b84   0x0000000a   Code   RO         2382    i.__mathlib_flt_divzero  m_ws.l(funder.o)
    0x08009b8e   0x08009b8e   0x00000006   Code   RO         2383    i.__mathlib_flt_infnan  m_ws.l(funder.o)
    0x08009b94   0x08009b94   0x00000008   Code   RO         2385    i.__mathlib_flt_invalid  m_ws.l(funder.o)
    0x08009b9c   0x08009b9c   0x000000a8   Code   RO         1142    i.__sti___11_Display_cpp_238b98d4  display.o
    0x08009c44   0x08009c44   0x00000018   Code   RO         1249    i.__sti___12_Keyboard_cpp_key1  keyboard.o
    0x08009c5c   0x08009c5c   0x00000014   Code   RO         1824    i.__sti___12_PageHC12_cpp_bcd072d0  pagehc12.o
    0x08009c70   0x08009c70   0x00000014   Code   RO         2028    i.__sti___12_Settings_cpp_gset  settings.o
    0x08009c84   0x08009c84   0x00000020   Code   RO         1747    i.__sti___13_MenuItems_cpp_a3e76341  menuitems.o
    0x08009ca4   0x08009ca4   0x00000044   Code   RO         1853    i.__sti___14_PageSystem_cpp_09ff3017  pagesystem.o
    0x08009ce8   0x08009ce8   0x00000014   Code   RO         1812    i.__sti___15_PageDisplay_cpp_868e8b3c  pagedisplay.o
    0x08009cfc   0x08009cfc   0x000000dc   Code   RO         1880    i.__sti___16_PageMeasures_cpp_158d5ec3  pagemeasures.o
    0x08009dd8   0x08009dd8   0x00000010   Code   RO         1663    i.__sti___8_HC12_cpp_2b370480  hc12.o
    0x08009de8   0x08009de8   0x0000001c   Code   RO         1837    i.__sti___9_Pages_cpp_pageMain  pages.o
    0x08009e04   0x08009e04   0x0000000e   Code   RO         2078    i._is_digit         c_w.l(__printf_wp.o)
    0x08009e12   0x08009e12   0x00000002   PAD
    0x08009e14   0x08009e14   0x00000478   Code   RO         1633    i.bme280_compensate_data  bme280_driver.o
    0x0800a28c   0x0800a28c   0x00000044   Code   RO         1634    i.bme280_get_regs   bme280_driver.o
    0x0800a2d0   0x0800a2d0   0x0000009e   Code   RO         1635    i.bme280_get_sensor_data  bme280_driver.o
    0x0800a36e   0x0800a36e   0x00000170   Code   RO         1638    i.bme280_init       bme280_driver.o
    0x0800a4de   0x0800a4de   0x000000f6   Code   RO         1640    i.bme280_set_regs   bme280_driver.o
    0x0800a5d4   0x0800a5d4   0x0000008c   Code   RO         1641    i.bme280_set_sensor_mode  bme280_driver.o
    0x0800a660   0x0800a660   0x00000186   Code   RO         1642    i.bme280_set_sensor_settings  bme280_driver.o
    0x0800a7e6   0x0800a7e6   0x00000002   PAD
    0x0800a7e8   0x0800a7e8   0x00000190   Code   RO         2247    i.logf              m_ws.l(logf.o)
    0x0800a978   0x0800a978   0x0000000a   Code   RO         1101    i.main              main.o
    0x0800a982   0x0800a982   0x00000002   PAD
    0x0800a984   0x0800a984   0x0000002c   Code   RO         2446    locale$$code        c_w.l(lc_numeric_c.o)
    0x0800a9b0   0x0800a9b0   0x0000002c   Code   RO         2494    locale$$code        c_w.l(lc_ctype_c.o)
    0x0800a9dc   0x0800a9dc   0x0000000e   Code   RO         1914    t._ZN4Math14CircleDecreaseIiEEvPT_S1_S1_  math.o
    0x0800a9ea   0x0800a9ea   0x0000000e   Code   RO         1912    t._ZN4Math14CircleIncreaseIiEEvPT_S1_S1_  math.o
    0x0800a9f8   0x0800a9f8   0x00000058   Code   RO         1942    t._ZN6StringILi64EE19DrawRelativelyRightEiiN5Color1EE  string.o
    0x0800aa50   0x0800aa50   0x00000012   Code   RO         1926    t._ZN6StringILi64EE9SetFormatEPKcz  string.o
    0x0800aa62   0x0800aa62   0x00000016   Code   RO         1924    t._ZN6StringILi64EEC1EPKcz  string.o
    0x0800aa78   0x0800aa78   0x00000048   Code   RO         1934    t._ZNK6StringILi64EE4DrawEiiN5Color1EE  string.o
    0x0800aac0   0x0800aac0   0x00000062   Code   RO         2210    x$fpl$d2f           fz_ws.l(d2f.o)
    0x0800ab22   0x0800ab22   0x00000002   PAD
    0x0800ab24   0x0800ab24   0x00000150   Code   RO         2211    x$fpl$dadd          fz_ws.l(daddsub_clz.o)
    0x0800ac74   0x0800ac74   0x00000010   Code   RO         2373    x$fpl$dcheck1       fz_ws.l(dcheck1.o)
    0x0800ac84   0x0800ac84   0x00000018   Code   RO         2374    x$fpl$dcmpinf       fz_ws.l(dcmpi.o)
    0x0800ac9c   0x0800ac9c   0x000002b0   Code   RO         2215    x$fpl$ddiv          fz_ws.l(ddiv.o)
    0x0800af4c   0x0800af4c   0x00000078   Code   RO         2216    x$fpl$deqf          fz_ws.l(deqf.o)
    0x0800afc4   0x0800afc4   0x0000005e   Code   RO         2217    x$fpl$dfix          fz_ws.l(dfix.o)
    0x0800b022   0x0800b022   0x0000002e   Code   RO         2220    x$fpl$dflt          fz_ws.l(dflt_clz.o)
    0x0800b050   0x0800b050   0x00000026   Code   RO         2219    x$fpl$dfltu         fz_ws.l(dflt_clz.o)
    0x0800b076   0x0800b076   0x00000002   PAD
    0x0800b078   0x0800b078   0x00000078   Code   RO         2222    x$fpl$dleqf         fz_ws.l(dleqf.o)
    0x0800b0f0   0x0800b0f0   0x00000154   Code   RO         2223    x$fpl$dmul          fz_ws.l(dmul.o)
    0x0800b244   0x0800b244   0x0000009c   Code   RO         2375    x$fpl$dnaninf       fz_ws.l(dnaninf.o)
    0x0800b2e0   0x0800b2e0   0x0000000c   Code   RO         2376    x$fpl$dretinf       fz_ws.l(dretinf.o)
    0x0800b2ec   0x0800b2ec   0x0000006c   Code   RO         2224    x$fpl$drleqf        fz_ws.l(drleqf.o)
    0x0800b358   0x0800b358   0x00000016   Code   RO         2212    x$fpl$drsb          fz_ws.l(daddsub_clz.o)
    0x0800b36e   0x0800b36e   0x00000002   PAD
    0x0800b370   0x0800b370   0x000001d4   Code   RO         2213    x$fpl$dsub          fz_ws.l(daddsub_clz.o)
    0x0800b544   0x0800b544   0x00000056   Code   RO         2225    x$fpl$f2d           fz_ws.l(f2d.o)
    0x0800b59a   0x0800b59a   0x00000002   PAD
    0x0800b59c   0x0800b59c   0x000000c4   Code   RO         2226    x$fpl$fadd          fz_ws.l(faddsub_clz.o)
    0x0800b660   0x0800b660   0x0000000c   Code   RO         2377    x$fpl$fcheck1       fz_ws.l(fcheck1.o)
    0x0800b66c   0x0800b66c   0x00000018   Code   RO         2378    x$fpl$fcmpinf       fz_ws.l(fcmpi.o)
    0x0800b684   0x0800b684   0x00000184   Code   RO         2230    x$fpl$fdiv          fz_ws.l(fdiv.o)
    0x0800b808   0x0800b808   0x00000068   Code   RO         2231    x$fpl$feqf          fz_ws.l(feqf.o)
    0x0800b870   0x0800b870   0x00000030   Code   RO         2233    x$fpl$fflt          fz_ws.l(fflt_clz.o)
    0x0800b8a0   0x0800b8a0   0x00000026   Code   RO         2232    x$fpl$ffltu         fz_ws.l(fflt_clz.o)
    0x0800b8c6   0x0800b8c6   0x00000002   PAD
    0x0800b8c8   0x0800b8c8   0x00000068   Code   RO         2235    x$fpl$fleqf         fz_ws.l(fleqf.o)
    0x0800b930   0x0800b930   0x00000102   Code   RO         2236    x$fpl$fmul          fz_ws.l(fmul.o)
    0x0800ba32   0x0800ba32   0x0000008c   Code   RO         2379    x$fpl$fnaninf       fz_ws.l(fnaninf.o)
    0x0800babe   0x0800babe   0x0000000a   Code   RO         2380    x$fpl$fretinf       fz_ws.l(fretinf.o)
    0x0800bac8   0x0800bac8   0x00000062   Code   RO         2237    x$fpl$frleqf        fz_ws.l(frleqf.o)
    0x0800bb2a   0x0800bb2a   0x00000002   PAD
    0x0800bb2c   0x0800bb2c   0x000000ea   Code   RO         2228    x$fpl$fsub          fz_ws.l(faddsub_clz.o)
    0x0800bc16   0x0800bc16   0x00000004   Code   RO         2238    x$fpl$printf1       fz_ws.l(printf1.o)
    0x0800bc1a   0x0800bc1a   0x00000064   Code   RO         2479    x$fpl$retnan        fz_ws.l(retnan.o)
    0x0800bc7e   0x0800bc7e   0x0000005c   Code   RO         2242    x$fpl$scalbn        fz_ws.l(scalbn.o)
    0x0800bcda   0x0800bcda   0x0000004c   Code   RO         2243    x$fpl$scalbnf       fz_ws.l(scalbnf.o)
    0x0800bd26   0x0800bd26   0x00000030   Code   RO         2509    x$fpl$trapveneer    fz_ws.l(trapv.o)
    0x0800bd56   0x0800bd56   0x00000000   Code   RO         2381    x$fpl$usenofp       fz_ws.l(usenofp.o)
    0x0800bd56   0x0800bd56   0x00000002   PAD
    0x0800bd58   0x0800bd58   0x00000034   Data   RO         1162    .constdata          display.o
    0x0800bd8c   0x0800bd8c   0x0000230c   Data   RO         1209    .constdata          font.o
    0x0800e098   0x0800e098   0x00000020   Data   RO         1239    .constdata          intercom.o
    0x0800e0b8   0x0800e0b8   0x00000014   Data   RO         1254    .constdata          keyboard.o
    0x0800e0cc   0x0800e0cc   0x00000010   Data   RO         1286    .constdata          system_stm32f1xx.o
    0x0800e0dc   0x0800e0dc   0x00000008   Data   RO         1287    .constdata          system_stm32f1xx.o
    0x0800e0e4   0x0800e0e4   0x00000016   Data   RO         1685    .constdata          st7735.o
    0x0800e0fa   0x0800e0fa   0x00000002   PAD
    0x0800e0fc   0x0800e0fc   0x00000018   Data   RO         1800    .constdata          menuitems.o
    0x0800e114   0x0800e114   0x00000008   Data   RO         1815    .constdata          pagedisplay.o
    0x0800e11c   0x0800e11c   0x0000001c   Data   RO         1816    .constdata          pagedisplay.o
    0x0800e138   0x0800e138   0x00000004   Data   RO         1817    .constdata          pagedisplay.o
    0x0800e13c   0x0800e13c   0x00000008   Data   RO         1827    .constdata          pagehc12.o
    0x0800e144   0x0800e144   0x0000001c   Data   RO         1828    .constdata          pagehc12.o
    0x0800e160   0x0800e160   0x00000004   Data   RO         1829    .constdata          pagehc12.o
    0x0800e164   0x0800e164   0x00000018   Data   RO         1841    .constdata          pages.o
    0x0800e17c   0x0800e17c   0x0000001c   Data   RO         1842    .constdata          pages.o
    0x0800e198   0x0800e198   0x00000004   Data   RO         1843    .constdata          pages.o
    0x0800e19c   0x0800e19c   0x00000014   Data   RO         1860    .constdata          pagesystem.o
    0x0800e1b0   0x0800e1b0   0x0000001c   Data   RO         1861    .constdata          pagesystem.o
    0x0800e1cc   0x0800e1cc   0x00000004   Data   RO         1862    .constdata          pagesystem.o
    0x0800e1d0   0x0800e1d0   0x00000020   Data   RO         1892    .constdata          pagemeasures.o
    0x0800e1f0   0x0800e1f0   0x00000020   Data   RO         1893    .constdata          pagemeasures.o
    0x0800e210   0x0800e210   0x00000020   Data   RO         1894    .constdata          pagemeasures.o
    0x0800e230   0x0800e230   0x00000020   Data   RO         1895    .constdata          pagemeasures.o
    0x0800e250   0x0800e250   0x0000001c   Data   RO         1896    .constdata          pagemeasures.o
    0x0800e26c   0x0800e26c   0x0000001c   Data   RO         1897    .constdata          pagemeasures.o
    0x0800e288   0x0800e288   0x00000014   Data   RO         1898    .constdata          pagemeasures.o
    0x0800e29c   0x0800e29c   0x00000054   Data   RO         2038    .constdata          settings.o
    0x0800e2f0   0x0800e2f0   0x00000008   Data   RO         2054    .constdata          c_w.l(_printf_wctomb.o)
    0x0800e2f8   0x0800e2f8   0x00000028   Data   RO         2071    .constdata          c_w.l(_printf_hex_int_ll_ptr.o)
    0x0800e320   0x0800e320   0x00000011   Data   RO         2083    .constdata          c_w.l(__printf_flags_ss_wp.o)
    0x0800e331   0x0800e331   0x00000003   PAD
    0x0800e334   0x0800e334   0x00000040   Data   RO         2248    .constdata          m_ws.l(logf.o)
    0x0800e374   0x0800e374   0x0000000c   Data   RO         2317    .constdata          c_w.l(_monlen.o)
    0x0800e380   0x0800e380   0x00000094   Data   RO         2433    .constdata          c_w.l(bigflt0.o)
    0x0800e414   0x0800e414   0x00000010   Data   RO         1806    .constdata__ZTV4Item  menuitems.o
    0x0800e424   0x0800e424   0x00000014   Data   RO         1178    .constdata__ZTV7ZoneFPS  zones.o
    0x0800e438   0x0800e438   0x0000003c   Data   RO         1163    .conststring        display.o
    0x0800e474   0x0800e474   0x00000041   Data   RO         1240    .conststring        intercom.o
    0x0800e4b5   0x0800e4b5   0x00000003   PAD
    0x0800e4b8   0x0800e4b8   0x00000008   Data   RO         1818    .conststring        pagedisplay.o
    0x0800e4c0   0x0800e4c0   0x00000008   Data   RO         1819    .conststring        pagedisplay.o
    0x0800e4c8   0x0800e4c8   0x00000005   Data   RO         1831    .conststring        pagehc12.o
    0x0800e4cd   0x0800e4cd   0x00000003   PAD
    0x0800e4d0   0x0800e4d0   0x00000005   Data   RO         1845    .conststring        pages.o
    0x0800e4d5   0x0800e4d5   0x00000003   PAD
    0x0800e4d8   0x0800e4d8   0x00000008   Data   RO         1863    .conststring        pagesystem.o
    0x0800e4e0   0x0800e4e0   0x00000008   Data   RO         1864    .conststring        pagesystem.o
    0x0800e4e8   0x0800e4e8   0x00000065   Data   RO         1899    .conststring        pagemeasures.o
    0x0800e54d   0x0800e54d   0x00000003   PAD
    0x0800e550   0x0800e550   0x0000000a   Data   RO         1900    .conststring        pagemeasures.o
    0x0800e55a   0x0800e55a   0x00000002   PAD
    0x0800e55c   0x0800e55c   0x00000020   Data   RO         2574    Region$$Table       anon$$obj.o
    0x0800e57c   0x0800e57c   0x0000001c   Data   RO         2445    locale$$data        c_w.l(lc_numeric_c.o)
    0x0800e598   0x0800e598   0x00000110   Data   RO         2493    locale$$data        c_w.l(lc_ctype_c.o)
    0x0800e6a8   0x0800e6a8   0x00000004   Data   RO         1166    .init_array         display.o
    0x0800e6ac   0x0800e6a8   0x00000004   Data   RO         1256    .init_array         keyboard.o
    0x0800e6b0   0x0800e6a8   0x00000004   Data   RO         1670    .init_array         hc12.o
    0x0800e6b4   0x0800e6a8   0x00000004   Data   RO         1802    .init_array         menuitems.o
    0x0800e6b8   0x0800e6a8   0x00000004   Data   RO         1822    .init_array         pagedisplay.o
    0x0800e6bc   0x0800e6a8   0x00000004   Data   RO         1834    .init_array         pagehc12.o
    0x0800e6c0   0x0800e6a8   0x00000004   Data   RO         1848    .init_array         pages.o
    0x0800e6c4   0x0800e6a8   0x00000004   Data   RO         1869    .init_array         pagesystem.o
    0x0800e6c8   0x0800e6a8   0x00000004   Data   RO         1907    .init_array         pagemeasures.o
    0x0800e6cc   0x0800e6a8   0x00000004   Data   RO         2039    .init_array         settings.o
    0x0800e6d0   0x0800e6a8   0x00000000   Data   RO         2116    .init_array         c_w.l(init_aeabi.o)


    Execution Region RW_IRAM1 (Exec base: 0x20000000, Load base: 0x0800e6d0, Size: 0x00004f98, Max: 0x00005000, ABSOLUTE, COMPRESSED[0x00000228])

    Exec Addr    Load Addr    Size         Type   Attr      Idx    E Section Name        Object

    0x20000000   COMPRESSED   0x0000000c   Data   RW           50    .data               stm32f1xx_hal.o
    0x2000000c   COMPRESSED   0x00000001   Data   RW         1116    .data               measures.o
    0x2000000d   COMPRESSED   0x00000001   Data   RW         1125    .data               colors.o
    0x2000000e   COMPRESSED   0x00000002   PAD
    0x20000010   COMPRESSED   0x0000000c   Data   RW         1164    .data               display.o
    0x2000001c   COMPRESSED   0x00000014   Data   RW         1210    .data               font.o
    0x20000030   COMPRESSED   0x00000001   Data   RW         1241    .data               intercom.o
    0x20000031   COMPRESSED   0x00000003   PAD
    0x20000034   COMPRESSED   0x00000010   Data   RW         1255    .data               keyboard.o
    0x20000044   COMPRESSED   0x0000004c   Data   RW         1274    .data               beeper.o
    0x20000090   COMPRESSED   0x00000004   Data   RW         1288    .data               system_stm32f1xx.o
    0x20000094   COMPRESSED   0x0000001c   Data   RW         1373    .data               usbd_desc.o
    0x200000b0   COMPRESSED   0x00000032   Data   RW         1374    .data               usbd_desc.o
    0x200000e2   COMPRESSED   0x00000002   PAD
    0x200000e4   COMPRESSED   0x00000010   Data   RW         1393    .data               cdc.o
    0x200000f4   COMPRESSED   0x00000004   Data   RW         1394    .data               cdc.o
    0x200000f8   COMPRESSED   0x000000db   Data   RW         1488    .data               usbd_cdc.o
    0x200001d3   COMPRESSED   0x00000001   PAD
    0x200001d4   COMPRESSED   0x00000038   Data   RW         1489    .data               usbd_cdc.o
    0x2000020c   COMPRESSED   0x00000001   Data   RW         1505    .data               usbd_ctlreq.o
    0x2000020d   COMPRESSED   0x00000003   PAD
    0x20000210   COMPRESSED   0x00000014   Data   RW         1576    .data               hal_rtc.o
    0x20000224   COMPRESSED   0x00000004   Data   RW         1585    .data               hal_usart_hc12.o
    0x20000228   COMPRESSED   0x00000001   Data   RW         1586    .data               hal_usart_hc12.o
    0x20000229   COMPRESSED   0x00000003   PAD
    0x2000022c   COMPRESSED   0x00000014   Data   RW         1606    .data               hal_adc.o
    0x20000240   COMPRESSED   0x00000004   Data   RW         1631    .data               bme280.o
    0x20000244   COMPRESSED   0x0000000c   Data   RW         1801    .data               menuitems.o
    0x20000250   COMPRESSED   0x00000018   Data   RW         1820    .data               pagedisplay.o
    0x20000268   COMPRESSED   0x00000001   Data   RW         1821    .data               pagedisplay.o
    0x20000269   COMPRESSED   0x00000003   PAD
    0x2000026c   COMPRESSED   0x00000018   Data   RW         1832    .data               pagehc12.o
    0x20000284   COMPRESSED   0x00000001   Data   RW         1833    .data               pagehc12.o
    0x20000285   COMPRESSED   0x00000003   PAD
    0x20000288   COMPRESSED   0x00000010   Data   RW         1846    .data               pages.o
    0x20000298   COMPRESSED   0x00000001   Data   RW         1847    .data               pages.o
    0x20000299   COMPRESSED   0x00000003   PAD
    0x2000029c   COMPRESSED   0x00000004   Data   RW         1865    .data               pagesystem.o
    0x200002a0   COMPRESSED   0x00000004   Data   RW         1866    .data               pagesystem.o
    0x200002a4   COMPRESSED   0x00000070   Data   RW         1867    .data               pagesystem.o
    0x20000314   COMPRESSED   0x00000001   Data   RW         1868    .data               pagesystem.o
    0x20000315   COMPRESSED   0x00000003   PAD
    0x20000318   COMPRESSED   0x000003b4   Data   RW         1901    .data               pagemeasures.o
    0x200006cc   COMPRESSED   0x00000001   Data   RW         1902    .data               pagemeasures.o
    0x200006cd   COMPRESSED   0x00000001   Data   RW         1903    .data               pagemeasures.o
    0x200006ce   COMPRESSED   0x00000001   Data   RW         1904    .data               pagemeasures.o
    0x200006cf   COMPRESSED   0x00000001   Data   RW         1905    .data               pagemeasures.o
    0x200006d0   COMPRESSED   0x00000001   Data   RW         1906    .data               pagemeasures.o
    0x200006d1   COMPRESSED   0x00000001   Data   RW         1242    .data__ZZN6BufferIhLi20EEixEiE4null  intercom.o
    0x200006d2   COMPRESSED   0x00000001   Data   RW         1170    .data__ZZN6StringILi64EEixEiE9null_char  display.o
    0x200006d3   COMPRESSED   0x00000005   PAD
    0x200006d8        -       0x00000020   Zero   RW          729    .bss                stm32f1xx_hal_flash.o
    0x200006f8        -       0x00002a98   Zero   RW         1161    .bss                display.o
    0x20003190        -       0x00000220   Zero   RW         1354    .bss                usbd_conf.o
    0x200033b0        -       0x00000200   Zero   RW         1372    .bss                usbd_desc.o
    0x200035b0        -       0x00000e54   Zero   RW         1392    .bss                cdc.o
    0x20004404        -       0x00000054   Zero   RW         1532    .bss                hal_i2c.o
    0x20004458        -       0x00000040   Zero   RW         1584    .bss                hal_usart_hc12.o
    0x20004498        -       0x00000030   Zero   RW         1605    .bss                hal_adc.o
    0x200044c8        -       0x00000040   Zero   RW         1630    .bss                bme280.o
    0x20004508        -       0x00000084   Zero   RW         1669    .bss                hc12.o
    0x2000458c        -       0x00000058   Zero   RW         1684    .bss                st7735.o
    0x200045e4        -       0x0000001c   Zero   RW         1859    .bss                pagesystem.o
    0x20004600        -       0x00000054   Zero   RW         2037    .bss                settings.o
    0x20004654        -       0x000000e4   Zero   RW         2098    .bss                c_w.l(rand.o)
    0x20004738        -       0x00000060   Zero   RW         2390    .bss                c_w.l(libspace.o)
    0x20004798        -       0x00000400   Zero   RW         1276    HEAP                startup_stm32f103xb.o
    0x20004b98        -       0x00000400   Zero   RW         1275    STACK               startup_stm32f103xb.o


==============================================================================

Image component sizes


      Code (inc. data)   RO Data    RW Data    ZI Data      Debug   Object Name

       248         40          0         76          0          0   beeper.o
       236         36          0          4         64          0   bme280.o
      2856         44          0          0          0          0   bme280_driver.o
       188         42          0         20       3668          0   cdc.o
        74         10          0          1          0          0   colors.o
       264         12          0          0          0          0   device.o
      2130        152        116         13      10904          0   display.o
      1060         50       8972         20          0          0   font.o
       296         18          0          0          0          0   hal.o
       288         46          0         20         48          0   hal_adc.o
       264         34          0          0         84          0   hal_i2c.o
        80         18          0          0          0          0   hal_it.o
       316         24          0          0          0          0   hal_rom.o
       360         18          0         20          0          0   hal_rtc.o
       184         24          0          5         64          0   hal_usart_hc12.o
       112         24          4          0        132          0   hc12.o
       320         40         97          2          0          0   intercom.o
       212         30         24         16          0          0   keyboard.o
        10          0          0          0          0          0   main.o
        60          0          0          0          0          0   math.o
        76         18          0          1          0          0   measures.o
       236         48          0          0          0          0   menu.o
      3600        296         44         12          0          0   menuitems.o
        32         14         60         25          0          0   pagedisplay.o
        32         14         49         25          0          0   pagehc12.o
       332         34        319        953          0          0   pagemeasures.o
        50         16         65         17          0          0   pages.o
       182         30         72        121         28          0   pagesystem.o
       372         52         88          0         84          0   settings.o
      1472         78         22          0         88          0   st7735.o
        64         26        236          0       2048          0   startup_stm32f103xb.o
       170         30          0         12          0          0   stm32f1xx_hal.o
      1410         44          0          0          0          0   stm32f1xx_hal_adc.o
         2          0          0          0          0          0   stm32f1xx_hal_adc_ex.o
       248         16          0          0          0          0   stm32f1xx_hal_cortex.o
       168         28          0          0          0          0   stm32f1xx_hal_dma.o
       588         38          0          0         32          0   stm32f1xx_hal_flash.o
       208          8          0          0          0          0   stm32f1xx_hal_flash_ex.o
       496         20          0          0          0          0   stm32f1xx_hal_gpio.o
      2496         52          0          0          0          0   stm32f1xx_hal_i2c.o
      2004          0          0          0          0          0   stm32f1xx_hal_pcd.o
        48          0          0          0          0          0   stm32f1xx_hal_pcd_ex.o
      1764        114          0          0          0          0   stm32f1xx_hal_rcc.o
       560         52          0          0          0          0   stm32f1xx_hal_rcc_ex.o
       306          8          0          0          0          0   stm32f1xx_hal_rtc.o
       130          0          0          0          0          0   stm32f1xx_hal_spi.o
       672         12          0          0          0          0   stm32f1xx_hal_tim.o
         4          0          0          0          0          0   stm32f1xx_hal_tim_ex.o
      1726         10          0          0          0          0   stm32f1xx_hal_uart.o
      2120          0          0          0          0          0   stm32f1xx_ll_usb.o
       200          0          0          0          0          0   string.o
        72         12         24          4          0          0   system_stm32f1xx.o
        84          0          0          0          0          0   text.o
        48          0          0          0          0          0   timer.o
       634         22          0        275          0          0   usbd_cdc.o
       652         24          0          0        544          0   usbd_conf.o
       612          0          0          0          0          0   usbd_core.o
      1130         28          0          1          0          0   usbd_ctlreq.o
       308        112          0         78        512          0   usbd_desc.o
       132          0          0          0          0          0   usbd_ioreq.o
        56         14          0          0          0          0   values.o
         0          0         20          0          0          0   zones.o

    ----------------------------------------------------------------------
     35096       1932      10260       1748      18304          0   Object Totals
         0          0         32          0          0          0   (incl. Generated)
        42          0         16         27          4          0   (incl. Padding)

    ----------------------------------------------------------------------

      Code (inc. data)   RO Data    RW Data    ZI Data      Debug   Library Member Name

        90          0          0          0          0          0   __dczerorl2.o
         8          0          0          0          0          0   __main.o
       392          4         17          0          0          0   __printf_flags_ss_wp.o
        14          0          0          0          0          0   __printf_wp.o
         0          0          0          0          0          0   __rtentry.o
        12          0          0          0          0          0   __rtentry2.o
         6          0          0          0          0          0   __rtentry4.o
        52          8          0          0          0          0   __scatter.o
        28          0          0          0          0          0   __scatter_zi.o
         0          0         12          0          0          0   _monlen.o
         6          0          0          0          0          0   _printf_a.o
         6          0          0          0          0          0   _printf_c.o
        44          0          0          0          0          0   _printf_char.o
        48          6          0          0          0          0   _printf_char_common.o
        40          0          0          0          0          0   _printf_charcount.o
         6          0          0          0          0          0   _printf_d.o
       120         16          0          0          0          0   _printf_dec.o
         6          0          0          0          0          0   _printf_e.o
         6          0          0          0          0          0   _printf_f.o
      1054          0          0          0          0          0   _printf_fp_dec.o
       128         16          0          0          0          0   _printf_fp_infnan.o
         6          0          0          0          0          0   _printf_g.o
       148          4         40          0          0          0   _printf_hex_int_ll_ptr.o
         6          0          0          0          0          0   _printf_i.o
       178          0          0          0          0          0   _printf_intcommon.o
        10          0          0          0          0          0   _printf_l.o
         6          0          0          0          0          0   _printf_lc.o
        10          0          0          0          0          0   _printf_ll.o
         6          0          0          0          0          0   _printf_lld.o
         6          0          0          0          0          0   _printf_lli.o
         6          0          0          0          0          0   _printf_llo.o
         6          0          0          0          0          0   _printf_llu.o
         6          0          0          0          0          0   _printf_llx.o
       124         16          0          0          0          0   _printf_longlong_dec.o
         6          0          0          0          0          0   _printf_ls.o
         6          0          0          0          0          0   _printf_n.o
         6          0          0          0          0          0   _printf_o.o
       112         10          0          0          0          0   _printf_oct_int_ll.o
         6          0          0          0          0          0   _printf_p.o
        78          0          0          0          0          0   _printf_pad.o
         0          0          0          0          0          0   _printf_percent.o
         4          0          0          0          0          0   _printf_percent_end.o
         6          0          0          0          0          0   _printf_s.o
        82          0          0          0          0          0   _printf_str.o
        36          0          0          0          0          0   _printf_truncate.o
         6          0          0          0          0          0   _printf_u.o
        44          0          0          0          0          0   _printf_wchar.o
       188          6          8          0          0          0   _printf_wctomb.o
         6          0          0          0          0          0   _printf_x.o
        22          0          0          0          0          0   _rserrno.o
        10          0          0          0          0          0   _sputc.o
        64          0          0          0          0          0   _wcrtomb.o
        46          0          0          0          0          0   aeabi_atexit.o
        16          0          0          0          0          0   aeabi_memset.o
       228          4        148          0          0          0   bigflt0.o
      1936        128          0          0          0          0   btod.o
        36          4          0          0          0          0   c89vsprintf.o
        66          0          0          0          0          0   cxa_finalize.o
        10          0          0          0          0          0   defsig_exit.o
        50          0          0          0          0          0   defsig_general.o
        80         58          0          0          0          0   defsig_rtmem_inner.o
        14          0          0          0          0          0   defsig_rtmem_outer.o
        18          0          0          0          0          0   exit.o
        94          0          0          0          0          0   h1_alloc.o
        52          0          0          0          0          0   h1_extend.o
        78          0          0          0          0          0   h1_free.o
        14          0          0          0          0          0   h1_init.o
         6          0          0          0          0          0   heapauxi.o
         4          0          0          0          0          0   hguard.o
         0          0          0          0          0          0   indicate_semi.o
        36         10          0          0          0          0   init_aeabi.o
       138          0          0          0          0          0   init_alloc.o
        44         10        272          0          0          0   lc_ctype_c.o
        44         10         28          0          0          0   lc_numeric_c.o
         2          0          0          0          0          0   libinit.o
        46          0          0          0          0          0   libinit2.o
         2          0          0          0          0          0   libshutdown.o
         8          0          0          0          0          0   libshutdown2.o
         8          4          0          0         96          0   libspace.o
       138          0          0          0          0          0   lludiv10.o
        38          0          0          0          0          0   llushr.o
         0          0          0          0          0          0   maybetermalloc1.o
        88          0          0          0          0          0   memcmp.o
       428         10          0          0          0          0   mktime.o
       112         18          0          0        228          0   rand.o
        16          4          0          0          0          0   rt_ctype_table.o
         8          4          0          0          0          0   rt_ddtor_pointer_addr_intlibspace.o
         8          4          0          0          0          0   rt_errno_addr_intlibspace.o
         8          4          0          0          0          0   rt_heap_descriptor_intlibspace.o
         8          4          0          0          0          0   rt_locale_intlibspace.o
        68          0          0          0          0          0   rt_memclr.o
        78          0          0          0          0          0   rt_memclr_w.o
       138          0          0          0          0          0   rt_memcpy_v6.o
       100          0          0          0          0          0   rt_memcpy_w.o
         2          0          0          0          0          0   rtexit.o
        10          0          0          0          0          0   rtexit2.o
       128          0          0          0          0          0   strcmpv7m.o
        62          0          0          0          0          0   strlen.o
        12          4          0          0          0          0   sys_exit.o
        74          0          0          0          0          0   sys_stackheap_outer.o
        14          0          0          0          0          0   sys_wrch.o
         2          0          0          0          0          0   use_no_semi.o
        16          0          0          0          0          0   cxa_guard_acquire.o
        98          4          0          0          0          0   d2f.o
       826         16          0          0          0          0   daddsub_clz.o
        16          4          0          0          0          0   dcheck1.o
        24          0          0          0          0          0   dcmpi.o
       688        140          0          0          0          0   ddiv.o
       120          4          0          0          0          0   deqf.o
        94          4          0          0          0          0   dfix.o
        84          0          0          0          0          0   dflt_clz.o
       120          4          0          0          0          0   dleqf.o
       340         12          0          0          0          0   dmul.o
       156          4          0          0          0          0   dnaninf.o
        12          0          0          0          0          0   dretinf.o
       108          0          0          0          0          0   drleqf.o
        86          4          0          0          0          0   f2d.o
       430          8          0          0          0          0   faddsub_clz.o
        12          4          0          0          0          0   fcheck1.o
        24          0          0          0          0          0   fcmpi.o
       388         76          0          0          0          0   fdiv.o
       104          4          0          0          0          0   feqf.o
        86          0          0          0          0          0   fflt_clz.o
       104          4          0          0          0          0   fleqf.o
       258          4          0          0          0          0   fmul.o
       140          4          0          0          0          0   fnaninf.o
        10          0          0          0          0          0   fretinf.o
        98          0          0          0          0          0   frleqf.o
         4          0          0          0          0          0   printf1.o
       100          0          0          0          0          0   retnan.o
        92          0          0          0          0          0   scalbn.o
        76          0          0          0          0          0   scalbnf.o
        48          0          0          0          0          0   trapv.o
         0          0          0          0          0          0   usenofp.o
        40          0          0          0          0          0   fpclassify.o
        24          0          0          0          0          0   funder.o
       400         38         64          0          0          0   logf.o

    ----------------------------------------------------------------------
     13140        704        592          0        324          0   Library Totals
        32          0          3          0          0          0   (incl. Padding)

    ----------------------------------------------------------------------

      Code (inc. data)   RO Data    RW Data    ZI Data      Debug   Library Name

      7882        366        525          0        324          0   c_w.l
        16          0          0          0          0          0   cpprt_w.l
      4746        300          0          0          0          0   fz_ws.l
       464         38         64          0          0          0   m_ws.l

    ----------------------------------------------------------------------
     13140        704        592          0        324          0   Library Totals

    ----------------------------------------------------------------------

==============================================================================


      Code (inc. data)   RO Data    RW Data    ZI Data      Debug   

     48236       2636      10852       1748      18628          0   Grand Totals
     48236       2636      10852        552      18628          0   ELF Image Totals (compressed)
     48236       2636      10852        552          0          0   ROM Totals

==============================================================================

    Total RO  Size (Code + RO Data)                59088 (  57.70kB)
    Total RW  Size (RW Data + ZI Data)             20376 (  19.90kB)
    Total ROM Size (Code + RO Data + RW Data)      59640 (  58.24kB)

==============================================================================

